******************************************************************************
            TI ARM Clang Linker PC v4.0.4                      
******************************************************************************
>> Linked Tue Apr  7 18:39:10 2026

OUTPUT FILE NAME:   <am273x/am273x_cascade_mss.xer5f>
ENTRY POINT SYMBOL: "_vectors"  address: 00000000


MEMORY CONFIGURATION

         name            origin    length      used     unused   attr    fill
----------------------  --------  ---------  --------  --------  ----  --------
  R5F_VECS              00000000   00000040  00000040  00000000  RWIX
  R5F_TCMA              00000040   00003fc0  00000000  00003fc0  RWIX
  R5F_TCMB              00080000   00004000  00000000  00004000  RWIX
  SBL_RESERVED_L2_RAM   10200000   00020000  00000000  00020000  RW  
  MSS_L2                10220000   000c8000  00080618  000479e8  RWIX
  HWA_RAM               82000000   00020000  00000000  00020000  RW  
  DSS_L3                88000000   00390000  00012400  0037dc00  RWIX
  RTOS_NORTOS_IPC_SHM_M c5000000   00001f40  00000000  00001f40  RWIX


SEGMENT ALLOCATION MAP

run origin  load origin   length   init length attrs members
----------  ----------- ---------- ----------- ----- -------
00000000    00000000    00000040   00000040    r-x
  00000000    00000000    00000040   00000040    r-x .vectors
10220000    10220000    0005a800   00000000    rw-
  10220000    10220000    00057800   00000000    rw- .bss
  10277800    10277800    00001000   00000000    rw- .sysmem
  10278800    10278800    00002000   00000000    rw- .stack
1027a800    1027a800    00019280   00019280    r-x
  1027a800    1027a800    00013bc0   00013bc0    r-x .text
  1028e3c0    1028e3c0    000056c0   000056c0    r-- .rodata
10293a80    10293a80    0000aa00   0000aa00    rw-
  10293a80    10293a80    0000aa00   0000aa00    rw- .data
1029e480    1029e480    00000d98   00000d98    r-x
  1029e480    1029e480    00000690   00000690    r-x .text.hwi
  1029eb10    1029eb10    00000428   00000428    r-x .text.cache
  1029ef38    1029ef38    000000f0   000000f0    r-x .text.mpu
  1029f028    1029f028    000001e8   000001e8    r-x .text.boot
  1029f210    1029f210    00000008   00000008    r-x .text:abort
1029f218    1029f218    00001400   00000000    rw-
  1029f218    1029f218    00000100   00000000    rw- .irqstack
  1029f318    1029f318    00000100   00000000    rw- .fiqstack
  1029f418    1029f418    00001000   00000000    rw- .svcstack
  102a0418    102a0418    00000100   00000000    rw- .abortstack
  102a0518    102a0518    00000100   00000000    rw- .undefinedstack
88000000    88000000    00012400   00000000    rw-
  88000000    88000000    00010000   00000000    rw- .l3ram
  88010000    88010000    00002400   00000000    rw- .MCPILogBuffer


SECTION ALLOCATION MAP

 output                                  attributes/
section   page    origin      length       input sections
--------  ----  ----------  ----------   ----------------
.vectors   0    00000000    00000040     
                  00000000    00000040     freertos.am273x.r5f.ti-arm-clang.release.lib : HwiP_armv7r_vectors_freertos_asm.obj (.vectors)

.bss       0    10220000    00057800     UNINITIALIZED
                  10220000    00020000     (.common:gAppTskStackMain)
                  10240000    00020000     (.common:gCsiRxCfgTskStack)
                  10260000    00010000     (.common:gMmwCtrlTskStack)
                  10270000    00001c00     cascade_csirx.oer5f (.bss.gChirpGeomByFrame)
                  10271c00    00001008     freertos.am273x.r5f.ti-arm-clang.release.lib : HwiP_armv7r_vim.obj (.bss.gHwiCtrl)
                  10272c08    00001000     {5089DE0E-531D-41AC-91DA-5D00350532E5} (.bss.gCliTaskStack)
                  10273c08    00001000     {5089DE0E-531D-41AC-91DA-5D00350532E5} (.bss.uxIdleTaskStack)
                  10274c08    00000008     libsysbm.a : hostopen.c.obj (.bss.parmbuf)
                  10274c10    00000010     (.common:gChirpHdrPing)
                  10274c20    00000010     (.common:gChirpHdrPong)
                  10274c30    00000008     (.common:gCSIRXErrorCode)
                  10274c38    00000004     {5089DE0E-531D-41AC-91DA-5D00350532E5} (.bss.gdummy)
                  10274c3c    00000004     {5089DE0E-531D-41AC-91DA-5D00350532E5} (.bss.sys_free)
                  10274c40    00000800     {5089DE0E-531D-41AC-91DA-5D00350532E5} (.bss.gBpmHeapMem)
                  10275440    0000063c     {5089DE0E-531D-41AC-91DA-5D00350532E5} (.bss.gMibspiObjects)
                  10275a7c    00000004     (.common:gAppTask)
                  10275a80    000004f4     libmmwave_cascade_am273x.aer5f : mmwave.oer5f (.bss.gMMWave_MCB)
                  10275f74    00000400     {5089DE0E-531D-41AC-91DA-5D00350532E5} (.bss.uxTimerTaskStack)
                  10276374    000002c4     {5089DE0E-531D-41AC-91DA-5D00350532E5} (.bss.gUartObjects)
                  10276638    00000280     {5089DE0E-531D-41AC-91DA-5D00350532E5} (.bss.pxReadyTasksLists)
                  102768b8    00000238     {5089DE0E-531D-41AC-91DA-5D00350532E5} (.bss.gCsirxObjects)
                  10276af0    00000138     {5089DE0E-531D-41AC-91DA-5D00350532E5} (.bss.gEdmaObjects)
                  10276c28    00000130     (.common:gCSIRXState)
                  10276d58    00000120     libsysbm.a : trgmsg.c.obj (.bss:_CIOBUF_)
                  10276e78    00000100     {5089DE0E-531D-41AC-91DA-5D00350532E5} (.bss.prvCheckForValidListAndQueue.ucStaticTimerQueueStorage)
                  10276f78    00000100     freertos.am273x.r5f.ti-arm-clang.release.lib : queue.obj (.bss.xQueueRegistry)
                  10277078    000000a0     libc.a : defs.c.obj (.bss.__TI_tmpnams)
                  10277118    000000a0     freertos.am273x.r5f.ti-arm-clang.release.lib : TaskP_freertos.obj (.bss.gTaskP_ctrl)
                  102771b8    00000098     {5089DE0E-531D-41AC-91DA-5D00350532E5} (.bss.gDebugLogLockObj)
                  10277250    0000008c     {5089DE0E-531D-41AC-91DA-5D00350532E5} (.bss.gCliTaskObj)
                  102772dc    0000008c     {5089DE0E-531D-41AC-91DA-5D00350532E5} (.bss.xIdleTaskTCB)
                  10277368    0000008c     {5089DE0E-531D-41AC-91DA-5D00350532E5} (.bss.xTimerTaskTCB)
                  102773f4    0000008c     (.common:gAppTaskObj)
                  10277480    0000008c     (.common:gCsiConfigTaskObj)
                  1027750c    0000008c     (.common:gMmwCtrlTaskObj)
                  10277598    00000080     {5089DE0E-531D-41AC-91DA-5D00350532E5} (.bss.gBpmHeapObj)
                  10277618    00000080     ti_drivers_config.oer5f (.bss.gCbuffObject)
                  10277698    00000080     {5089DE0E-531D-41AC-91DA-5D00350532E5} (.bss.gMmwHeapObj)
                  10277718    00000050     {5089DE0E-531D-41AC-91DA-5D00350532E5} (.bss.prvCheckForValidListAndQueue.xStaticTimerQueue)
                  10277768    00000050     (.common:gRovDummyQueue)
                  102777b8    00000040     cascade_csirx.oer5f (.bss.gCsirxObs)
                  102777f8    00000004     (.common:gCsiConfigTask)
                  102777fc    00000004     (.common:gMmwCtrlTask)

.sysmem    0    10277800    00001000     UNINITIALIZED
                  10277800    00000010     libc.a : memory.c.obj (.sysmem)
                  10277810    00000ff0     --HOLE--

.stack     0    10278800    00002000     UNINITIALIZED
                  10278800    00000004     freertos.am273x.r5f.ti-arm-clang.release.lib : boot_armv7r_asm.obj (.stack)
                  10278804    00001ffc     --HOLE--

.text      0    1027a800    00013bc0     
                  1027a800    000021f4     main_mss.oer5f (.text.MmwCascade_mmWaveTest)
                  1027c9f4    000015e0     {5089DE0E-531D-41AC-91DA-5D00350532E5} (.text.MmwCascade_initTask)
                  1027dfd4    00000f40     {5089DE0E-531D-41AC-91DA-5D00350532E5} (.text.CLI_task)
                  1027ef14    00000cec     {5089DE0E-531D-41AC-91DA-5D00350532E5} (.text:__TI_printfi)
                  1027fc00    00000b6c     {5089DE0E-531D-41AC-91DA-5D00350532E5} (.text.MmwCascade_CsiConfigTask)
                  1028076c    000007b4     main_mss.oer5f (.text.main)
                  10280f20    000005fc     {5089DE0E-531D-41AC-91DA-5D00350532E5} (.text.MIBSPI_dataTransfer)
                  1028151c    00000578     libmmwavelink_cascade_am273x.aer5f : rl_driver.oer5f (.text.rlDriverCmdInvoke)
                  10281a94    0000052c     {5089DE0E-531D-41AC-91DA-5D00350532E5} (.text.rlDriverMsgRead)
                  10281fc0    00000524     {5089DE0E-531D-41AC-91DA-5D00350532E5} (.text.MMWave_configureAdvChirp)
                  102824e4    000004c8     libc.a : strtof.c.obj (.text.strtof)
                  102829ac    00000488     freertos.am273x.r5f.ti-arm-clang.release.lib : DebugP_freertos.obj (.text._DebugP_logZone)
                  10282e34    0000000c     libmmwave_cascade_am273x.aer5f : mmwave_osal.oer5f (.text.MMWave_osalMutexDelete)
                  10282e40    00000390     libc.a : strcmp32.S.obj (.text:strcmp)
                  102831d0    00000324     {5089DE0E-531D-41AC-91DA-5D00350532E5} (.text.prvTimerTask)
                  102834f4    00000314     libmmwave_cascade_am273x.aer5f : mmwave_link_common.oer5f (.text.MMWave_asyncEventHandler)
                  10283808    00000304     ti_dpl_config.oer5f (.text.Dpl_init)
                  10283b0c    00000300     {5089DE0E-531D-41AC-91DA-5D00350532E5} (.text.MMWave_configBPM)
                  10283e0c    000002dc     {5089DE0E-531D-41AC-91DA-5D00350532E5} (.text.MMWave_configureProfileChirp)
                  102840e8    000002d8     {5089DE0E-531D-41AC-91DA-5D00350532E5} (.text._etoa)
                  102843c0    000002d0     libc.a : _printfi.c.obj (.text:__TI_printfi)
                  10284690    000002a4     {5089DE0E-531D-41AC-91DA-5D00350532E5} (.text.CLI_uartWrite)
                  10284934    00000004     drivers.am273x.r5f.ti-arm-clang.release.lib : cbuff_lvds.obj (.text.CBUFF_deinitLVDS)
                  10284938    000002a4     {5089DE0E-531D-41AC-91DA-5D00350532E5} (.text._ftoa)
                  10284bdc    00000298     drivers.am273x.r5f.ti-arm-clang.release.lib : cbuff.obj (.text.CBUFF_createSession)
                  10284e74    00000298     cascade_csirx.oer5f (.text.MmwCascade_combinedEOLcallback)
                  1028510c    00000004     {5089DE0E-531D-41AC-91DA-5D00350532E5} (.text.MMWave_disableDevice)
                  10285110    00000278     {5089DE0E-531D-41AC-91DA-5D00350532E5} (.text._pconv_a)
                  10285388    00000230     {5089DE0E-531D-41AC-91DA-5D00350532E5} (.text._pconv_g)
                  102855b8    00000200     {5089DE0E-531D-41AC-91DA-5D00350532E5} (.text.SOC_rcmGetPeripheralClockFrequency)
                  102857b8    000001fc     {5089DE0E-531D-41AC-91DA-5D00350532E5} (.text.CBUFF_configEDMA)
                  102859b4    000001f8     {5089DE0E-531D-41AC-91DA-5D00350532E5} (.text.CBUFF_close)
                  10285bac    000001f4     drivers.am273x.r5f.ti-arm-clang.release.lib : cbuff_lvds.obj (.text.CBUFF_openLVDS)
                  10285da0    000001f4                                                 : mibspi_v0.obj (.text.MIBSPI_transfer)
                  10285f94    000001d0     libclang_rt.builtins.a : udivsi3.S.obj (.text.__udivsi3)
                  10286164    000001d0     freertos.am273x.r5f.ti-arm-clang.release.lib : queue.obj (.text.xQueueSemaphoreTake)
                  10286334    000001c8     libc.a : memory.c.obj (.text.malloc)
                  102864fc    000001ac     {5089DE0E-531D-41AC-91DA-5D00350532E5} (.text.MIBSPI_edmaAllocChResource)
                  102866a8    0000019c     {5089DE0E-531D-41AC-91DA-5D00350532E5} (.text.EDMA_freeChannelRegion)
                  10286844    0000018c     libmmwave_cascade_am273x.aer5f : mmwave_link_common.oer5f (.text.MMWave_computeCRC)
                  102869d0    00000188     libc.a : memory.c.obj (.text.free)
                  10286b58    00000184     {5089DE0E-531D-41AC-91DA-5D00350532E5} (.text.fopen)
                  10286cdc    00000180     {5089DE0E-531D-41AC-91DA-5D00350532E5} (.text.xQueueGenericSend)
                  10286e5c    00000180     libc.a : memcpy32.S.obj (.text:memcpy)
                  10286fdc    0000017c            : fputs.c.obj (.text.fputs)
                  10287158    00000170     drivers.am273x.r5f.ti-arm-clang.release.lib : uart_sci.obj (.text.UART_close)
                  102872c8    00000170     libc.a : strtol.c.obj (.text.strtol)
                  10287438    00000168     {5089DE0E-531D-41AC-91DA-5D00350532E5} (.text.CBUFF_addLinkedList)
                  102875a0    00000168     cascade_csirx.oer5f (.text.MmwCascade_csirxCommonCallback)
                  10287708    00000160     drivers.am273x.r5f.ti-arm-clang.release.lib : cbuff_lvds.obj (.text.CBUFF_initLVDS)
                  10287868    00000150     {5089DE0E-531D-41AC-91DA-5D00350532E5} (.text.MMWave_configureAdvFrame)
                  102879b8    0000014c     libc.a : s_ceil.c.obj (.text.ceil)
                  10287b04    00000004     {5089DE0E-531D-41AC-91DA-5D00350532E5} (.text.MMWave_spiClose)
                  10287b08    00000148     {5089DE0E-531D-41AC-91DA-5D00350532E5} (.text.fcvt)
                  10287c50    00000144     freertos.am273x.r5f.ti-arm-clang.release.lib : queue.obj (.text.xQueueGenericCreateStatic)
                  10287d94    00000140     {5089DE0E-531D-41AC-91DA-5D00350532E5} (.text.MMWave_configureFrame)
                  10287ed4    00000004     libclang_rt.builtins.a : aeabi_div0.c.obj (.text.__aeabi_idiv0)
                  10287ed8    00000140     {5089DE0E-531D-41AC-91DA-5D00350532E5} (.text._pconv_e)
                  10288018    0000013c     {5089DE0E-531D-41AC-91DA-5D00350532E5} (.text.UART_controllerIsr)
                  10288154    0000013c     libc.a : _io_perm.c.obj (.text.__TI_wrt_ok)
                  10288290    0000013c            : s_scalbn.c.obj (.text.ldexp)
                  102883cc    00000124     freertos.am273x.r5f.ti-arm-clang.release.lib : SemaphoreP_freertos.obj (.text.SemaphoreP_pend)
                  102884f0    00000124                                                  : SemaphoreP_freertos.obj (.text.SemaphoreP_post)
                  10288614    00000120     libmmwave_cascade_am273x.aer5f : mmwave_link_common.oer5f (.text.MMWave_configPhaseShift)
                  10288734    00000120     freertos.am273x.r5f.ti-arm-clang.release.lib : tasks.obj (.text.vTaskStartScheduler)
                  10288854    0000011c     {5089DE0E-531D-41AC-91DA-5D00350532E5} (.text.MMWave_FirmwareDownload)
                  10288970    00000118     {5089DE0E-531D-41AC-91DA-5D00350532E5} (.text.Alloc_resource)
                  10288a88    00000118     libclang_rt.builtins.a : udivmoddi4.S.obj (.text)
                  10288ba0    00000110     {5089DE0E-531D-41AC-91DA-5D00350532E5} (.text._ntoa_format)
                  10288cb0    0000010c     libc.a : s_scalbnf.c.obj (.text.ldexpf)
                  10288dbc    00000104     {5089DE0E-531D-41AC-91DA-5D00350532E5} (.text.EDMA_transferCompletionMasterIsrFxn)
                  10288ec0    00000104     libc.a : getdevice.c.obj (.text.getdevice)
                  10288fc4    00000102     drivers.am273x.r5f.ti-arm-clang.release.lib : mibspi_v0.obj (.text.MIBSPI_dmaDoneCb)
                  102890c6    00000002     {5089DE0E-531D-41AC-91DA-5D00350532E5} (.text.MIBSPI_edmaDoNothing)
                  102890c8    00000100     {5089DE0E-531D-41AC-91DA-5D00350532E5} (.text.prvAddNewTaskToReadyList)
                  102891c8    000000fc     drivers.am273x.r5f.ti-arm-clang.release.lib : mibspi_v0.obj (.text.MIBSPI_close)
                  102892c4    000000fc     freertos.am273x.r5f.ti-arm-clang.release.lib : tasks.obj (.text.xTaskIncrementTick)
                  102893c0    000000f0     {5089DE0E-531D-41AC-91DA-5D00350532E5} (.text.MMWave_gpioSpiIrqDevCallbackFxn)
                  102894b0    000000f0     freertos.am273x.r5f.ti-arm-clang.release.lib : port.obj (.text.vApplicationIdleHook)
                  102895a0    000000ee     {5089DE0E-531D-41AC-91DA-5D00350532E5} (.text.MIBSPI_ISR)
                  1028968e    00000002     {5089DE0E-531D-41AC-91DA-5D00350532E5} (.text.MMWave_maskHostIRQ)
                  10289690    000000ec     common.oer5f (.text.Mmwave_ctrlTask)
                  1028977c    000000ec     cascade_lvds_stream.oer5f (.text.allocateEDMAChannel)
                  10289868    000000ec     freertos.am273x.r5f.ti-arm-clang.release.lib : tasks.obj (.text.vTaskSwitchContext)
                  10289954    000000e8                                                  : HeapP_freertos.obj (.text.HeapP_alloc)
                  10289a3c    000000e8     drivers.am273x.r5f.ti-arm-clang.release.lib : soc.obj (.text.SOC_virtToPhy)
                  10289b24    000000e8     libmmwavelink_cascade_am273x.aer5f : rl_driver.oer5f (.text.rlDriverMsgReadSpawnCtx)
                  10289c0c    000000e4     main_mss.oer5f (.text.Enable_BUCK4_ViaPMIC)
                  10289cf0    000000e4     {5089DE0E-531D-41AC-91DA-5D00350532E5} (.text.__TI_closefile)
                  10289dd4    000000e0     {5089DE0E-531D-41AC-91DA-5D00350532E5} (.text.strtok)
                  10289eb4    000000d4     drivers.am273x.r5f.ti-arm-clang.release.lib : mibspi_soc.obj (.text.MIBSPI_socMemInit)
                  10289f88    000000d2     {5089DE0E-531D-41AC-91DA-5D00350532E5} (.text.MIBSPI_edmaFreeChResource)
                  1028a05a    00000002     {5089DE0E-531D-41AC-91DA-5D00350532E5} (.text.MMWave_unmaskHostIRQ)
                  1028a05c    000000d0     libmmwave_cascade_am273x.aer5f : mmwave_fullcfg.oer5f (.text.MMWave_addChirp)
                  1028a12c    000000cc     freertos.am273x.r5f.ti-arm-clang.release.lib : tasks.obj (.text.xTaskResumeAll)
                  1028a1f8    000000c0     libtestlogger_am273x.aer5f : logger.oer5f (.text.MCPI_setFeatureTestResult)
                  1028a2b8    000000c0     freertos.am273x.r5f.ti-arm-clang.release.lib : tasks.obj (.text.xTaskCreateStatic)
                  1028a378    000000bc     {5089DE0E-531D-41AC-91DA-5D00350532E5} (.text._mcpy)
                  1028a434    000000bc     libc.a : fputc.c.obj (.text.fputc)
                  1028a4f0    000000b8     drivers.am273x.r5f.ti-arm-clang.release.lib : csirx.obj (.text.CSIRX_complexioGetPendingIntr)
                  1028a5a8    000000b8     {5089DE0E-531D-41AC-91DA-5D00350532E5} (.text.SOC_rcmGetCoreHsDivOut)
                  1028a660    000000b4     common.oer5f (.text.Mmwave_eventFxn)
                  1028a714    000000b0     libmmwave_cascade_am273x.aer5f : mmwave_link_common.oer5f (.text.MMWave_spawn)
                  1028a7c4    000000ac     {5089DE0E-531D-41AC-91DA-5D00350532E5} (.text.Cascade_LVDSStream_EDMAAllocateCBUFFSwChannel)
                  1028a870    000000ac     cascade_csirx.oer5f (.text.MmwCascade_csirxCombinedEOFcallback)
                  1028a91c    000000ac     {5089DE0E-531D-41AC-91DA-5D00350532E5} (.text.prvSampleTimeNow)
                  1028a9c8    000000a8     freertos.am273x.r5f.ti-arm-clang.release.lib : tasks.obj (.text.vTaskPriorityDisinheritAfterTimeout)
                  1028aa70    000000a6     {5089DE0E-531D-41AC-91DA-5D00350532E5} (.text._ntoa_long_long)
                  1028ab16    000000a4     {5089DE0E-531D-41AC-91DA-5D00350532E5} (.text.CSIRX_commonIsr)
                  1028abba    00000002     {5089DE0E-531D-41AC-91DA-5D00350532E5} (.text._out_char)
                  1028abbc    000000a4     freertos.am273x.r5f.ti-arm-clang.release.lib : tasks.obj (.text.xTaskPriorityDisinherit)
                  1028ac60    000000a0     drivers.am273x.r5f.ti-arm-clang.release.lib : edma.obj (.text.EDMA_freeDmaChannel)
                  1028ad00    000000a0                                                 : edma.obj (.text.EDMA_freeParam)
                  1028ada0    000000a0                                                 : edma.obj (.text.EDMA_freeTcc)
                  1028ae40    000000a0                                                 : edma.obj (.text.EDMA_unregisterIntr)
                  1028aee0    000000a0     {5089DE0E-531D-41AC-91DA-5D00350532E5} (.text.MMWave_configureProfile)
                  1028af80    000000a0     libmmwavelink_cascade_am273x.aer5f : rl_driver.oer5f (.text.rlDriverDeInit)
                  1028b020    000000a0     libc.a : memset32.S.obj (.text:memset)
                  1028b0c0    0000009e     {5089DE0E-531D-41AC-91DA-5D00350532E5} (.text.EDMA_configureChannelRegion)
                  1028b15e    00000002     --HOLE-- [fill = 0]
                  1028b160    00000098     libc.a : _ltoa.c.obj (.text.__TI_ltoa)
                  1028b1f8    00000098     freertos.am273x.r5f.ti-arm-clang.release.lib : tasks.obj (.text.eTaskGetState)
                  1028b290    00000094     drivers.am273x.r5f.ti-arm-clang.release.lib : edma.obj (.text.EDMA_registerIntr)
                  1028b324    00000094     libmmwave_cascade_am273x.aer5f : mmwave_fullcfg.oer5f (.text.MMWave_getPhaseShiftChirpHandle)
                  1028b3b8    00000094     freertos.am273x.r5f.ti-arm-clang.release.lib : tasks.obj (.text.vTaskDelete)
                  1028b44c    00000092     {5089DE0E-531D-41AC-91DA-5D00350532E5} (.text.prvInitialiseNewTask)
                  1028b4de    00000002     --HOLE-- [fill = 0]
                  1028b4e0    00000090     {5089DE0E-531D-41AC-91DA-5D00350532E5} (.text.rlSetProfileConfig)
                  1028b570    0000008c     freertos.am273x.r5f.ti-arm-clang.release.lib : tasks.obj (.text.xTaskCheckForTimeOut)
                  1028b5fc    00000088     libc.a : fflush.c.obj (.text.__TI_doflush)
                  1028b684    00000088     {5089DE0E-531D-41AC-91DA-5D00350532E5} (.text._ecpy)
                  1028b70c    00000088     freertos.am273x.r5f.ti-arm-clang.release.lib : port.obj (.text.pxPortInitialiseStack)
                  1028b794    00000084     {5089DE0E-531D-41AC-91DA-5D00350532E5} (.text.EDMA_rxCompletionIsrFxn)
                  1028b818    00000084     {5089DE0E-531D-41AC-91DA-5D00350532E5} (.text.EDMA_txCompletionIsrFxn)
                  1028b89c    00000084     libmmwave_cascade_am273x.aer5f : mmwave_link_spi_22xx.oer5f (.text.MMWave_fileWrite)
                  1028b920    00000080     {5089DE0E-531D-41AC-91DA-5D00350532E5} (.text.CBUFF_ISR)
                  1028b9a0    00000080     drivers.am273x.r5f.ti-arm-clang.release.lib : cbuff_lvds.obj (.text.CBUFF_initLVDSLinkListParams)
                  1028ba20    00000080     {5089DE0E-531D-41AC-91DA-5D00350532E5} (.text.MMWave_enableDevice)
                  1028baa0    00000080     {5089DE0E-531D-41AC-91DA-5D00350532E5} (.text._ntoa_long)
                  1028bb20    00000080     {5089DE0E-531D-41AC-91DA-5D00350532E5} (.text._pconv_f)
                  1028bba0    00000080     freertos.am273x.r5f.ti-arm-clang.release.lib : tasks.obj (.text.xTaskPriorityInherit)
                  1028bc20    0000007c     libsysbm.a : hostrename.c.obj (.text.HOSTrename)
                  1028bc9c    0000007c     libmmwave_cascade_am273x.aer5f : mmwave_fullcfg.oer5f (.text.MMWave_getProfileCfg)
                  1028bd18    0000007c     {5089DE0E-531D-41AC-91DA-5D00350532E5} (.text.MMWave_spiRead)
                  1028bd94    0000007c     {5089DE0E-531D-41AC-91DA-5D00350532E5} (.text.UART_txEdmaIsrFxn)
                  1028be10    0000007c     libc.a : s_frexp.c.obj (.text.frexp)
                  1028be8c    0000007c     freertos.am273x.r5f.ti-arm-clang.release.lib : tasks.obj (.text.vTaskGetInfo)
                  1028bf08    0000007c                                                  : tasks.obj (.text.xTaskRemoveFromEventList)
                  1028bf84    00000078     libsysbm.a : hostopen.c.obj (.text.HOSTopen)
                  1028bffc    00000078     libmmwave_cascade_am273x.aer5f : mmwave_fullcfg.oer5f (.text.MMWave_getPhaseShiftChirpCfg)
                  1028c074    00000078     {5089DE0E-531D-41AC-91DA-5D00350532E5} (.text.MMWave_waitIRQStatus)
                  1028c0ec    00000078     {5089DE0E-531D-41AC-91DA-5D00350532E5} (.text.UART_rxEdmaIsrFxn)
                  1028c164    00000076     {5089DE0E-531D-41AC-91DA-5D00350532E5} (.text._out_rev)
                  1028c1da    00000002     --HOLE-- [fill = 0]
                  1028c1dc    00000074     {5089DE0E-531D-41AC-91DA-5D00350532E5} (.text.MMWave_spiWrite)
                  1028c250    00000072     {5089DE0E-531D-41AC-91DA-5D00350532E5} (.text.MIBSPI_writeDataRAM)
                  1028c2c2    00000002     --HOLE-- [fill = 0]
                  1028c2c4    00000070     ti_drivers_open_close.oer5f (.text.Drivers_edmaClose)
                  1028c334    00000070     {5089DE0E-531D-41AC-91DA-5D00350532E5} (.text.prvAddCurrentTaskToDelayedList)
                  1028c3a4    00000070     {5089DE0E-531D-41AC-91DA-5D00350532E5} (.text.prvUnlockQueue)
                  1028c414    00000070     {5089DE0E-531D-41AC-91DA-5D00350532E5} (.text.snprintf)
                  1028c484    0000006c     libc.a : atoi.c.obj (.text.atoi)
                  1028c4f0    0000006c     main_mss.oer5f (.text.configureTransfer)
                  1028c55c    00000068     libsysbm.a : hostlseek.c.obj (.text.HOSTlseek)
                  1028c5c4    00000066     {5089DE0E-531D-41AC-91DA-5D00350532E5} (.text.EDMA_disableTransferRegion)
                  1028c62a    00000002     --HOLE-- [fill = 0]
                  1028c62c    00000064     {5089DE0E-531D-41AC-91DA-5D00350532E5} (.text.Cascade_LVDSStream_EDMAFreeCBUFFSwChannel)
                  1028c690    00000064     libmmwavelink_cascade_am273x.aer5f : rl_driver.oer5f (.text.rlDriverHostIrqHandler)
                  1028c6f4    00000064     {5089DE0E-531D-41AC-91DA-5D00350532E5} (.text.rlRfSetPhaseShiftConfig)
                  1028c758    00000062     {5089DE0E-531D-41AC-91DA-5D00350532E5} (.text.MIBSPI_readDataRAM)
                  1028c7ba    00000002     --HOLE-- [fill = 0]
                  1028c7bc    00000060     {5089DE0E-531D-41AC-91DA-5D00350532E5} (.text.SOC_rcmGetADPLLJFout)
                  1028c81c    00000060     {5089DE0E-531D-41AC-91DA-5D00350532E5} (.text._fcpy)
                  1028c87c    00000060     {5089DE0E-531D-41AC-91DA-5D00350532E5} (.text.fprintf)
                  1028c8dc    00000060     libmmwavelink_cascade_am273x.aer5f : rl_device.oer5f (.text.rlDevicePowerOff)
                  1028c93c    0000005c     freertos.am273x.r5f.ti-arm-clang.release.lib : DebugP_log.obj (.text._DebugP_assert)
                  1028c998    0000005c     {5089DE0E-531D-41AC-91DA-5D00350532E5} (.text.printf)
                  1028c9f4    00000058     libsysbm.a : hostread.c.obj (.text.HOSTread)
                  1028ca4c    00000058                : hostwrite.c.obj (.text.HOSTwrite)
                  1028caa4    00000058     {5089DE0E-531D-41AC-91DA-5D00350532E5} (.text.MIBSPI_enablePinSettings)
                  1028cafc    00000058     freertos.am273x.r5f.ti-arm-clang.release.lib : SemaphoreP_freertos.obj (.text.SemaphoreP_destruct)
                  1028cb54    00000058     libc.a : fopen.c.obj (.text.__TI_cleanup)
                  1028cbac    00000058     libsysbm.a : trgmsg.c.obj (.text.__TI_readmsg)
                  1028cc04    00000058                : trgmsg.c.obj (.text.__TI_writemsg)
                  1028cc5c    00000058     {5089DE0E-531D-41AC-91DA-5D00350532E5} (.text._outs.147)
                  1028ccb4    00000058     {5089DE0E-531D-41AC-91DA-5D00350532E5} (.text._outs)
                  1028cd0c    00000058     {5089DE0E-531D-41AC-91DA-5D00350532E5} (.text.rlDriverExecuteGetApi)
                  1028cd64    00000058     libmmwavelink_cascade_am273x.aer5f : rl_driver.oer5f (.text.rlDriverExecuteSetApi)
                  1028cdbc    00000054     {5089DE0E-531D-41AC-91DA-5D00350532E5} (.text.CBUFF_ErrorISR)
                  1028ce10    00000054     drivers.am273x.r5f.ti-arm-clang.release.lib : csirx.obj (.text.CSIRX_contextGetPendingIntr)
                  1028ce64    00000054     libc.a : autoinit.c.obj (.text:__TI_auto_init_nobinit_nopinit)
                  1028ceb8    00000050     drivers.am273x.r5f.ti-arm-clang.release.lib : edma.obj (.text.EDMA_allocDmaChannel)
                  1028cf08    00000050                                                 : edma.obj (.text.EDMA_allocParam)
                  1028cf58    00000050                                                 : edma.obj (.text.EDMA_allocTcc)
                  1028cfa8    00000050     libsysbm.a : hostunlink.c.obj (.text.HOSTunlink)
                  1028cff8    00000050     libmmwave_cascade_am273x.aer5f : mmwave_osal.oer5f (.text.MMWave_osalMutexCreate)
                  1028d048    00000050     {5089DE0E-531D-41AC-91DA-5D00350532E5} (.text.vsnprintf)
                  1028d098    0000004c     libmmwave_cascade_am273x.aer5f : mmwave_osal.oer5f (.text.MMWave_osalSemCreate)
                  1028d0e4    0000004c     {5089DE0E-531D-41AC-91DA-5D00350532E5} (.text.SOC_rcmGetXtalFrequency)
                  1028d130    0000004c     {5089DE0E-531D-41AC-91DA-5D00350532E5} (.text.prvIdleTask)
                  1028d17c    0000004c     libmmwavelink_cascade_am273x.aer5f : rl_driver.oer5f (.text.rlDriverAsyncEventHandler)
                  1028d1c8    0000004c     freertos.am273x.r5f.ti-arm-clang.release.lib : tasks.obj (.text.vTaskDelay)
                  1028d214    0000004c                                                  : tasks.obj (.text.vTaskPlaceOnEventListRestricted)
                  1028d260    0000004c     {5089DE0E-531D-41AC-91DA-5D00350532E5} (.text.xTimerGenericCommand)
                  1028d2ac    00000048     cascade_csirx.oer5f (.text.MmwCascade_csirx1EOLcallback)
                  1028d2f4    00000048     freertos.am273x.r5f.ti-arm-clang.release.lib : SemaphoreP_freertos.obj (.text.SemaphoreP_constructMutex)
                  1028d33c    00000044                                                  : SemaphoreP_freertos.obj (.text.SemaphoreP_constructBinary)
                  1028d380    00000044     {5089DE0E-531D-41AC-91DA-5D00350532E5} (.text.free_list_insert)
                  1028d3c4    00000044     {5089DE0E-531D-41AC-91DA-5D00350532E5} (.text.prvDeleteTCB)
                  1028d408    00000042     {5089DE0E-531D-41AC-91DA-5D00350532E5} (.text.CSIRX_complexioSetLaneIntr)
                  1028d44a    00000002     --HOLE-- [fill = 0]
                  1028d44c    00000040     freertos.am273x.r5f.ti-arm-clang.release.lib : tasks.obj (.text.vTaskPlaceOnEventList)
                  1028d48c    0000003e     libmmwavelink_cascade_am273x.aer5f : rl_driver.oer5f (.text.rlDeviceIdentifyCmdDir)
                  1028d4ca    00000002     --HOLE-- [fill = 0]
                  1028d4cc    0000003c     drivers.am273x.r5f.ti-arm-clang.release.lib : edma.obj (.text.EDMA_getBaseAddr)
                  1028d508    0000003c     freertos.am273x.r5f.ti-arm-clang.release.lib : HeapP_freertos.obj (.text.HeapP_construct)
                  1028d544    0000003c     {5089DE0E-531D-41AC-91DA-5D00350532E5} (.text.prvInsertTimerInActiveList)
                  1028d580    0000003c     {5089DE0E-531D-41AC-91DA-5D00350532E5} (.text.rlDriverCalChkSum)
                  1028d5bc    0000003a     {5089DE0E-531D-41AC-91DA-5D00350532E5} (.text.prvInsertBlockIntoFreeList)
                  1028d5f6    00000002     --HOLE-- [fill = 0]
                  1028d5f8    00000038     freertos.am273x.r5f.ti-arm-clang.release.lib : ClockP_freertos.obj (.text.ClockP_getTimeUsec)
                  1028d630    00000038     libsysbm.a : hostclose.c.obj (.text.HOSTclose)
                  1028d668    00000038     {5089DE0E-531D-41AC-91DA-5D00350532E5} (.text.MIBSPI_getPhase)
                  1028d6a0    00000038     {5089DE0E-531D-41AC-91DA-5D00350532E5} (.text.MIBSPI_getPolarity)
                  1028d6d8    00000038     {5089DE0E-531D-41AC-91DA-5D00350532E5} (.text.memccpy)
                  1028d710    00000036     drivers.am273x.r5f.ti-arm-clang.release.lib : edma.obj (.text.EDMA_clrMissEvtRegion)
                  1028d746    00000002     --HOLE-- [fill = 0]
                  1028d748    00000034     freertos.am273x.r5f.ti-arm-clang.release.lib : ClockP_freertos.obj (.text.ClockP_usleep)
                  1028d77c    00000034     {5089DE0E-531D-41AC-91DA-5D00350532E5} (.text.free_list_remove)
                  1028d7b0    00000034     libsysbm.a : write.c.obj (.text.write)
                  1028d7e4    00000032     {5089DE0E-531D-41AC-91DA-5D00350532E5} (.text.CBUFF_clearStatus)
                  1028d816    00000032     {5089DE0E-531D-41AC-91DA-5D00350532E5} (.text.EDMA_enableTransferRegion)
                  1028d848    00000030     drivers.am273x.r5f.ti-arm-clang.release.lib : cbuff_lvds.obj (.text.CBUFF_closeLVDS)
                  1028d878    00000030     {5089DE0E-531D-41AC-91DA-5D00350532E5} (.text.CLI_uartPrintf)
                  1028d8a8    00000030     {5089DE0E-531D-41AC-91DA-5D00350532E5} (.text.MMWave_spiOpen)
                  1028d8d8    00000030     freertos.am273x.r5f.ti-arm-clang.release.lib : PmuP_armv7r_asm.obj (.text.pmu)
                  1028d908    00000030                                                  : tasks.obj (.text.xTaskGetIdleTaskHandle)
                  1028d938    0000002e     drivers.am273x.r5f.ti-arm-clang.release.lib : crc.obj (.text.CRC_channelReset)
                  1028d966    0000002e     freertos.am273x.r5f.ti-arm-clang.release.lib : list.obj (.text.vListInsert)
                  1028d994    0000002c                                                  : ClockP_freertos.obj (.text.ClockP_timerTickIsr)
                  1028d9c0    0000002c     libclang_rt.builtins.a : divsi3.S.obj (.text.__divsi3)
                  1028d9ec    0000002c     {5089DE0E-531D-41AC-91DA-5D00350532E5} (.text._outc.146)
                  1028da18    0000002c     {5089DE0E-531D-41AC-91DA-5D00350532E5} (.text._outc)
                  1028da44    0000002c     libc.a : exit.c.obj (.text.exit)
                  1028da70    0000002c     {5089DE0E-531D-41AC-91DA-5D00350532E5} (.text.puts)
                  1028da9c    0000002c     libmmwavelink_cascade_am273x.aer5f : rl_sensor.oer5f (.text.rlEnableContMode)
                  1028dac8    0000002c                                        : rl_sensor.oer5f (.text.rlRfSetMiscConfig)
                  1028daf4    0000002c                                        : rl_sensor.oer5f (.text.rlSensorStart)
                  1028db20    0000002c                                        : rl_sensor.oer5f (.text.rlSetChannelConfig)
                  1028db4c    0000002a     {5089DE0E-531D-41AC-91DA-5D00350532E5} (.text.CSIRX_complexioGetLanePendingIntr)
                  1028db76    0000002a     {5089DE0E-531D-41AC-91DA-5D00350532E5} (.text.MIBSPI_checkTGComplete)
                  1028dba0    00000028     {5089DE0E-531D-41AC-91DA-5D00350532E5} (.text.CLI_validateConfigSize)
                  1028dbc8    00000028     {5089DE0E-531D-41AC-91DA-5D00350532E5} (.text.MIBSPI_edmaMapTcc2DmaReqLine)
                  1028dbf0    00000028     {5089DE0E-531D-41AC-91DA-5D00350532E5} (.text.allocateEDMAShadowChannel)
                  1028dc18    00000028     libmmwavelink_cascade_am273x.aer5f : rl_device.oer5f (.text.rlDeviceRfStart)
                  1028dc40    00000028     {5089DE0E-531D-41AC-91DA-5D00350532E5} (.text.rlGetSubBlock)
                  1028dc68    00000028     libmmwavelink_cascade_am273x.aer5f : rl_sensor.oer5f (.text.rlSensorStop)
                  1028dc90    00000028     {5089DE0E-531D-41AC-91DA-5D00350532E5} (.text.strchr)
                  1028dcb8    00000028     freertos.am273x.r5f.ti-arm-clang.release.lib : port.obj (.text.vApplicationStackOverflowHook)
                  1028dce0    00000026     drivers.am273x.r5f.ti-arm-clang.release.lib : edma.obj (.text.EDMA_readIntrStatusRegion)
                  1028dd06    00000026                                                 : edma.obj (.text.EDMA_setPaRAM)
                  1028dd2c    00000026     {5089DE0E-531D-41AC-91DA-5D00350532E5} (.text.UART_txChar)
                  1028dd52    00000002     --HOLE-- [fill = 0]
                  1028dd54    00000024     {5089DE0E-531D-41AC-91DA-5D00350532E5} (.text.CLI_getChirpsPerFrame)
                  1028dd78    00000024     drivers.am273x.r5f.ti-arm-clang.release.lib : csirx.obj (.text.CSIRX_contextClearAllIntr)
                  1028dd9c    00000024     ti_drivers_open_close.oer5f (.text.Drivers_mibspiClose)
                  1028ddc0    00000024     drivers.am273x.r5f.ti-arm-clang.release.lib : edma.obj (.text.EDMA_getHandle)
                  1028dde4    00000024     {5089DE0E-531D-41AC-91DA-5D00350532E5} (.text.UART_rxChar)
                  1028de08    00000024     libclang_rt.builtins.a : aeabi_uldivmod.S.obj (.text.__aeabi_uldivmod)
                  1028de2c    00000024     {5089DE0E-531D-41AC-91DA-5D00350532E5} (.text._atoi)
                  1028de50    00000024     {5089DE0E-531D-41AC-91DA-5D00350532E5} (.text.prvCopyDataFromQueue)
                  1028de74    00000024     {5089DE0E-531D-41AC-91DA-5D00350532E5} (.text.prvResetNextTaskUnblockTime)
                  1028de98    00000024     freertos.am273x.r5f.ti-arm-clang.release.lib : port.obj (.text.vPortTimerTickHandler)
                  1028debc    00000024                                                  : queue.obj (.text.vQueueAddToRegistry)
                  1028dee0    00000024                                                  : tasks.obj (.text.vTaskExitCritical)
                  1028df04    00000022     {5089DE0E-531D-41AC-91DA-5D00350532E5} (.text.CSIRX_contextEnableOrDisable)
                  1028df26    00000022     drivers.am273x.r5f.ti-arm-clang.release.lib : edma.obj (.text.EDMA_linkChannel)
                  1028df48    00000022                                                 : gpio_v1.obj (.text.GPIO_setDirMode)
                  1028df6a    00000022     {5089DE0E-531D-41AC-91DA-5D00350532E5} (.text.MIBSPI_transferGroupDisable)
                  1028df8c    00000022     {5089DE0E-531D-41AC-91DA-5D00350532E5} (.text.uxListRemove)
                  1028dfae    00000020     {5089DE0E-531D-41AC-91DA-5D00350532E5} (.text.CBUFF_initLinkedList)
                  1028dfce    00000002     --HOLE-- [fill = 0]
                  1028dfd0    00000020     {5089DE0E-531D-41AC-91DA-5D00350532E5} (.text.CSIRX_init)
                  1028dff0    00000020     {5089DE0E-531D-41AC-91DA-5D00350532E5} (.text.DebugP_logZoneEnable)
                  1028e010    00000020     {5089DE0E-531D-41AC-91DA-5D00350532E5} (.text.strlen.154)
                  1028e030    00000020     {5089DE0E-531D-41AC-91DA-5D00350532E5} (.text.strlen)
                  1028e050    00000020     freertos.am273x.r5f.ti-arm-clang.release.lib : heap_3.obj (.text.vPortFree)
                  1028e070    0000001e     {5089DE0E-531D-41AC-91DA-5D00350532E5} (.text.MIBSPI_resetTransactionState)
                  1028e08e    0000001c     drivers.am273x.r5f.ti-arm-clang.release.lib : csirx.obj (.text.CSIRX_complexioClearAllIntr)
                  1028e0aa    0000001c     libmmwave_cascade_am273x.aer5f : mmwave_link_common.oer5f (.text.MMWave_internalLinkSync)
                  1028e0c6    00000002     --HOLE-- [fill = 0]
                  1028e0c8    0000001c     {5089DE0E-531D-41AC-91DA-5D00350532E5} (.text.strcpy)
                  1028e0e4    0000001c     libc.a : wcslen.c.obj (.text.wcslen)
                  1028e100    0000001a     drivers.am273x.r5f.ti-arm-clang.release.lib : cbuff_lvds.obj (.text.CBUFF_finalizeLVDSLinkListParams)
                  1028e11a    0000001a     {5089DE0E-531D-41AC-91DA-5D00350532E5} (.text.SOC_rcmGetClkSrcFromClkSelVal)
                  1028e134    00000018     {5089DE0E-531D-41AC-91DA-5D00350532E5} (.text.CBUFF_validateBufferCfg)
                  1028e14c    00000018     ti_drivers_open_close.oer5f (.text.Drivers_uartClose)
                  1028e164    00000018     drivers.am273x.r5f.ti-arm-clang.release.lib : gpio_v1.obj (.text.GPIO_pinRead)
                  1028e17c    00000018     libmmwave_cascade_am273x.aer5f : mmwave_listlib.oer5f (.text.MMWave_listRemove)
                  1028e194    00000018                                    : mmwave_osal.oer5f (.text.MMWave_osalMutexLock)
                  1028e1ac    00000018     freertos.am273x.r5f.ti-arm-clang.release.lib : boot_armv7r.obj (.text._system_pre_init)
                  1028e1c4    00000018     {5089DE0E-531D-41AC-91DA-5D00350532E5} (.text.prvIsQueueEmpty)
                  1028e1dc    00000018     freertos.am273x.r5f.ti-arm-clang.release.lib : tasks.obj (.text.pvTaskIncrementMutexHeldCount)
                  1028e1f4    00000018                                                  : list.obj (.text.vListInsertEnd)
                  1028e20c    00000018                                                  : tasks.obj (.text.vTaskEnterCritical)
                  1028e224    00000018                                                  : port.obj (.text.xPortStartScheduler)
                  1028e23c    00000018                                                  : tasks.obj (.text.xTaskGetTickCount)
                  1028e254    00000014     {5089DE0E-531D-41AC-91DA-5D00350532E5} (.text.CSIRX_commonStartOfFrameIntr0Isr)
                  1028e268    00000014     {5089DE0E-531D-41AC-91DA-5D00350532E5} (.text.CSIRX_commonStartOfFrameIntr1Isr)
                  1028e27c    00000014     {5089DE0E-531D-41AC-91DA-5D00350532E5} (.text.Cascade_LVDSStream_SwTriggerFrameDone)
                  1028e290    00000014     drivers.am273x.r5f.ti-arm-clang.release.lib : edma.obj (.text.EDMA_getRegionId)
                  1028e2a4    00000012     libmmwave_cascade_am273x.aer5f : mmwave_osal.oer5f (.text.MMWave_osalSemWait)
                  1028e2b6    00000012     {5089DE0E-531D-41AC-91DA-5D00350532E5} (.text.countBits)
                  1028e2c8    00000010     {5089DE0E-531D-41AC-91DA-5D00350532E5} (.text.CSIRX_commonCombinedEndOfFrameIsr)
                  1028e2d8    00000010     {5089DE0E-531D-41AC-91DA-5D00350532E5} (.text.CSIRX_commonCombinedEndOfLineIsr)
                  1028e2e8    00000010     {5089DE0E-531D-41AC-91DA-5D00350532E5} (.text.MMWave_registerInterruptHandler)
                  1028e2f8    00000010     libclang_rt.builtins.a : aeabi_memset.S.obj (.text.__aeabi_memset)
                  1028e308    00000010     {5089DE0E-531D-41AC-91DA-5D00350532E5} (.text.strlen.728)
                  1028e318    0000000c     libmmwave_cascade_am273x.aer5f : mmwave_osal.oer5f (.text.MMWave_osalMutexUnlock)
                  1028e324    0000000c                                    : mmwave_osal.oer5f (.text.MMWave_osalSemDelete)
                  1028e330    0000000c                                    : mmwave_osal.oer5f (.text.MMWave_osalSemSignal)
                  1028e33c    0000000c     libclang_rt.builtins.a : aeabi_memset.S.obj (.text.__aeabi_memclr)
                  1028e348    0000000c     freertos.am273x.r5f.ti-arm-clang.release.lib : CpuId_armv7r_asm.obj (.text)
                  1028e354    00000008     libsysbm.a : hostexit.c.obj (.text.HOSTexit)
                  1028e35c    00000004     libclang_rt.builtins.a : aeabi_div0.c.obj (.text.__aeabi_ldiv0)
                  1028e360    0000000c     libc.a : strcmp32.S.obj (.text)
                  1028e36c    00000006     {5089DE0E-531D-41AC-91DA-5D00350532E5} (.text.prvTaskExitError)
                  1028e372    00000002     --HOLE-- [fill = 0]
                  1028e374    00000004     libclang_rt.builtins.a : aeabi_memcpy.S.obj (.text.__aeabi_memcpy)
                  1028e378    00000004     {5089DE0E-531D-41AC-91DA-5D00350532E5} (.text._outc.159)
                  1028e37c    00000004     {5089DE0E-531D-41AC-91DA-5D00350532E5} (.text._outc.32)
                  1028e380    00000004     {5089DE0E-531D-41AC-91DA-5D00350532E5} (.text._outs.160)
                  1028e384    00000004     {5089DE0E-531D-41AC-91DA-5D00350532E5} (.text._outs.33)
                  1028e388    00000004     {5089DE0E-531D-41AC-91DA-5D00350532E5} (.text.fclose)
                  1028e38c    00000008     libclang_rt.builtins.a : aeabi_memcpy.S.obj (.tramp.__aeabi_memcpy.1)
                  1028e394    00000008     freertos.am273x.r5f.ti-arm-clang.release.lib : HwiP_armv7r_asm.obj (.tramp.HwiP_restore.1)
                  1028e39c    00000008                                                  : HwiP_armv7r_asm.obj (.tramp.HwiP_enable.1)
                  1028e3a4    0000001c     --HOLE-- [fill = 0]

.rodata    0    1028e3c0    000056c0     
                  1028e3c0    00000270     {5089DE0E-531D-41AC-91DA-5D00350532E5} (.rodata.gSocRcmADPLLJConfigTbl)
                  1028e630    0000013f     {5089DE0E-531D-41AC-91DA-5D00350532E5} (.rodata.str1.6955038136678742245.1)
                  1028e76f    00000001     --HOLE-- [fill = 0]
                  1028e770    00000101     libc.a : aeabi_ctype.S.obj (.rodata:__aeabi_ctype_table_)
                  1028e871    00000003     {5089DE0E-531D-41AC-91DA-5D00350532E5} (.rodata.str1.7194626331180367240.1)
                  1028e874    000000d8     ti_drivers_open_close.oer5f (.rodata.gMibspiOpenParams)
                  1028e94c    00000098     {5089DE0E-531D-41AC-91DA-5D00350532E5} (.rodata.gPinMuxMainDomainCfg)
                  1028e9e4    0000008e     {5089DE0E-531D-41AC-91DA-5D00350532E5} (.rodata.str1.505293686942061793.1)
                  1028ea72    0000008c     {5089DE0E-531D-41AC-91DA-5D00350532E5} (.rodata.str1.15489572737629160270.1)
                  1028eafe    00000082     {5089DE0E-531D-41AC-91DA-5D00350532E5} (.rodata.str1.3568461549821553994.1)
                  1028eb80    0000007f     {5089DE0E-531D-41AC-91DA-5D00350532E5} (.rodata.str1.935713870010809329.1)
                  1028ebff    00000071     {5089DE0E-531D-41AC-91DA-5D00350532E5} (.rodata.str1.14865936967024629579.1)
                  1028ec70    0000006c     {5089DE0E-531D-41AC-91DA-5D00350532E5} (.rodata.str1.678534836336100052.1)
                  1028ecdc    0000006b     {5089DE0E-531D-41AC-91DA-5D00350532E5} (.rodata.str1.9394625218149024795.1)
                  1028ed47    00000066     {5089DE0E-531D-41AC-91DA-5D00350532E5} (.rodata.str1.8984785015320088563.1)
                  1028edad    00000064     {5089DE0E-531D-41AC-91DA-5D00350532E5} (.rodata.str1.11295637703172807052.1)
                  1028ee11    00000063     {5089DE0E-531D-41AC-91DA-5D00350532E5} (.rodata.str1.6069377085365005306.1)
                  1028ee74    00000062     {5089DE0E-531D-41AC-91DA-5D00350532E5} (.rodata.str1.7452208122336253269.1)
                  1028eed6    00000061     {5089DE0E-531D-41AC-91DA-5D00350532E5} (.rodata.str1.16733534387100454224.1)
                  1028ef37    00000060     {5089DE0E-531D-41AC-91DA-5D00350532E5} (.rodata.str1.3332280520457062810.1)
                  1028ef97    0000005f     {5089DE0E-531D-41AC-91DA-5D00350532E5} (.rodata.str1.12420656939446119214.1)
                  1028eff6    0000005e     {5089DE0E-531D-41AC-91DA-5D00350532E5} (.rodata.str1.15409398521394381860.1)
                  1028f054    0000005e     {5089DE0E-531D-41AC-91DA-5D00350532E5} (.rodata.str1.2648263266535345130.1)
                  1028f0b2    0000005d     {5089DE0E-531D-41AC-91DA-5D00350532E5} (.rodata.str1.14112179281453740596.1)
                  1028f10f    0000005d     {5089DE0E-531D-41AC-91DA-5D00350532E5} (.rodata.str1.15129440088085962651.1)
                  1028f16c    0000005d     {5089DE0E-531D-41AC-91DA-5D00350532E5} (.rodata.str1.5643951069442128540.1)
                  1028f1c9    0000005c     {5089DE0E-531D-41AC-91DA-5D00350532E5} (.rodata.str1.16123300321185486069.1)
                  1028f225    0000005c     {5089DE0E-531D-41AC-91DA-5D00350532E5} (.rodata.str1.9794361816289973315.1)
                  1028f281    00000059     {5089DE0E-531D-41AC-91DA-5D00350532E5} (.rodata.str1.12595120539327777177.1)
                  1028f2da    00000059     {5089DE0E-531D-41AC-91DA-5D00350532E5} (.rodata.str1.7579943706118776166.1)
                  1028f333    00000057     {5089DE0E-531D-41AC-91DA-5D00350532E5} (.rodata.str1.2059707367565619464.1)
                  1028f38a    00000002     {5089DE0E-531D-41AC-91DA-5D00350532E5} (.rodata.str1.11551297787898648163.1)
                  1028f38c    00000054     ti_dpl_config.oer5f (.rodata.cfg)
                  1028f3e0    00000053     {5089DE0E-531D-41AC-91DA-5D00350532E5} (.rodata.str1.4545792809383673217.1)
                  1028f433    00000051     {5089DE0E-531D-41AC-91DA-5D00350532E5} (.rodata.str1.5395657586071776190.1)
                  1028f484    00000004     freertos.am273x.r5f.ti-arm-clang.release.lib : CacheP_armv7r.obj (.rodata.gCacheL1dCacheLineSize)
                  1028f488    00000050     {5089DE0E-531D-41AC-91DA-5D00350532E5} (.rodata._ftoa.pow10)
                  1028f4d8    00000050     {5089DE0E-531D-41AC-91DA-5D00350532E5} (.rodata.str1.11704984100509287937.1)
                  1028f528    00000050     {5089DE0E-531D-41AC-91DA-5D00350532E5} (.rodata.str1.286917804250050828.1)
                  1028f578    00000050     {5089DE0E-531D-41AC-91DA-5D00350532E5} (.rodata.str1.415957320767856817.1)
                  1028f5c8    0000004d     {5089DE0E-531D-41AC-91DA-5D00350532E5} (.rodata.str1.1647177643344896048.1)
                  1028f615    0000004a     {5089DE0E-531D-41AC-91DA-5D00350532E5} (.rodata.str1.11185289688286334073.1)
                  1028f65f    0000004a     {5089DE0E-531D-41AC-91DA-5D00350532E5} (.rodata.str1.11549517222160279497.1)
                  1028f6a9    0000004a     {5089DE0E-531D-41AC-91DA-5D00350532E5} (.rodata.str1.16071118471686489801.1)
                  1028f6f3    00000049     {5089DE0E-531D-41AC-91DA-5D00350532E5} (.rodata.str1.13265296920219243681.1)
                  1028f73c    00000049     {5089DE0E-531D-41AC-91DA-5D00350532E5} (.rodata.str1.1549235219126328594.1)
                  1028f785    00000048     {5089DE0E-531D-41AC-91DA-5D00350532E5} (.rodata.str1.5132456936470404501.1)
                  1028f7cd    00000047     {5089DE0E-531D-41AC-91DA-5D00350532E5} (.rodata.str1.13618749533293707422.1)
                  1028f814    00000047     {5089DE0E-531D-41AC-91DA-5D00350532E5} (.rodata.str1.13658857479975559879.1)
                  1028f85b    00000047     {5089DE0E-531D-41AC-91DA-5D00350532E5} (.rodata.str1.14422016587543244811.1)
                  1028f8a2    00000047     {5089DE0E-531D-41AC-91DA-5D00350532E5} (.rodata.str1.5239029084251048222.1)
                  1028f8e9    00000047     {5089DE0E-531D-41AC-91DA-5D00350532E5} (.rodata.str1.5455807559237547042.1)
                  1028f930    00000046     {5089DE0E-531D-41AC-91DA-5D00350532E5} (.rodata.str1.18000584088544161916.1)
                  1028f976    00000044     {5089DE0E-531D-41AC-91DA-5D00350532E5} (.rodata.str1.14008346329721996179.1)
                  1028f9ba    00000044     {5089DE0E-531D-41AC-91DA-5D00350532E5} (.rodata.str1.2872319222019981346.1)
                  1028f9fe    00000044     {5089DE0E-531D-41AC-91DA-5D00350532E5} (.rodata.str1.5494904264648955676.1)
                  1028fa42    00000042     {5089DE0E-531D-41AC-91DA-5D00350532E5} (.rodata.str1.10729545410832266878.1)
                  1028fa84    00000042     {5089DE0E-531D-41AC-91DA-5D00350532E5} (.rodata.str1.17119381524445397810.1)
                  1028fac6    00000042     {5089DE0E-531D-41AC-91DA-5D00350532E5} (.rodata.str1.18280375125941940330.1)
                  1028fb08    00000042     {5089DE0E-531D-41AC-91DA-5D00350532E5} (.rodata.str1.3333703915057270637.1)
                  1028fb4a    00000041     {5089DE0E-531D-41AC-91DA-5D00350532E5} (.rodata.str1.11072381668396047406.1)
                  1028fb8b    00000041     {5089DE0E-531D-41AC-91DA-5D00350532E5} (.rodata.str1.16855152853198985622.1)
                  1028fbcc    00000041     {5089DE0E-531D-41AC-91DA-5D00350532E5} (.rodata.str1.3225015999365631260.1)
                  1028fc0d    00000041     {5089DE0E-531D-41AC-91DA-5D00350532E5} (.rodata.str1.5865688200875348109.1)
                  1028fc4e    00000002     {5089DE0E-531D-41AC-91DA-5D00350532E5} (.rodata.str1.16064754050472685933.1)
                  1028fc50    00000040     {5089DE0E-531D-41AC-91DA-5D00350532E5} (.rodata.digits)
                  1028fc90    00000040     {5089DE0E-531D-41AC-91DA-5D00350532E5} (.rodata.gSocRcmXtalInfo)
                  1028fcd0    00000040     {5089DE0E-531D-41AC-91DA-5D00350532E5} (.rodata.str1.10843303851342507824.1)
                  1028fd10    00000040     {5089DE0E-531D-41AC-91DA-5D00350532E5} (.rodata.str1.12467285561827072696.1)
                  1028fd50    00000040     {5089DE0E-531D-41AC-91DA-5D00350532E5} (.rodata.str1.12626670851419487172.1)
                  1028fd90    00000040     {5089DE0E-531D-41AC-91DA-5D00350532E5} (.rodata.str1.12631945533921312059.1)
                  1028fdd0    00000040     {5089DE0E-531D-41AC-91DA-5D00350532E5} (.rodata.str1.519891376166537351.1)
                  1028fe10    00000040     {5089DE0E-531D-41AC-91DA-5D00350532E5} (.rodata.str1.988121629602268728.1)
                  1028fe50    0000003f     {5089DE0E-531D-41AC-91DA-5D00350532E5} (.rodata.str1.12614782775550208090.1)
                  1028fe8f    0000003f     {5089DE0E-531D-41AC-91DA-5D00350532E5} (.rodata.str1.5533256595711123289.1)
                  1028fece    0000003f     {5089DE0E-531D-41AC-91DA-5D00350532E5} (.rodata.str1.6639191679005124535.1)
                  1028ff0d    0000003f     {5089DE0E-531D-41AC-91DA-5D00350532E5} (.rodata.str1.7979543888230887608.1)
                  1028ff4c    0000003e     {5089DE0E-531D-41AC-91DA-5D00350532E5} (.rodata.str1.1623457185097981242.1)
                  1028ff8a    0000003e     {5089DE0E-531D-41AC-91DA-5D00350532E5} (.rodata.str1.5867393545191441450.1)
                  1028ffc8    0000003e     {5089DE0E-531D-41AC-91DA-5D00350532E5} (.rodata.str1.7248597736941404440.1)
                  10290006    0000003e     {5089DE0E-531D-41AC-91DA-5D00350532E5} (.rodata.str1.9484550435968672216.1)
                  10290044    0000003d     {5089DE0E-531D-41AC-91DA-5D00350532E5} (.rodata.str1.15333335336306860104.1)
                  10290081    0000003d     {5089DE0E-531D-41AC-91DA-5D00350532E5} (.rodata.str1.16363306501005725073.1)
                  102900be    0000003d     {5089DE0E-531D-41AC-91DA-5D00350532E5} (.rodata.str1.4974391245292645797.1)
                  102900fb    0000003d     {5089DE0E-531D-41AC-91DA-5D00350532E5} (.rodata.str1.8929246036205116268.1)
                  10290138    0000003d     {5089DE0E-531D-41AC-91DA-5D00350532E5} (.rodata.str1.9142754972178176391.1)
                  10290175    00000003     {5089DE0E-531D-41AC-91DA-5D00350532E5} (.rodata.str1.969418867180371076.1)
                  10290178    0000003c     ti_power_clock_config.oer5f (.rodata.gSocModulesClockFrequency)
                  102901b4    0000003c     {5089DE0E-531D-41AC-91DA-5D00350532E5} (.rodata.str1.10914152457598134795.1)
                  102901f0    0000003c     {5089DE0E-531D-41AC-91DA-5D00350532E5} (.rodata.str1.18298366676390901967.1)
                  1029022c    0000003c     {5089DE0E-531D-41AC-91DA-5D00350532E5} (.rodata.str1.18383736248988402566.1)
                  10290268    0000003c     {5089DE0E-531D-41AC-91DA-5D00350532E5} (.rodata.str1.3025466164523126358.1)
                  102902a4    0000003c     {5089DE0E-531D-41AC-91DA-5D00350532E5} (.rodata.str1.5487084172370186406.1)
                  102902e0    0000003b     {5089DE0E-531D-41AC-91DA-5D00350532E5} (.rodata.str1.5840009456700410944.1)
                  1029031b    0000003b     {5089DE0E-531D-41AC-91DA-5D00350532E5} (.rodata.str1.6155404459906956401.1)
                  10290356    0000003b     {5089DE0E-531D-41AC-91DA-5D00350532E5} (.rodata.str1.8968806269546405120.1)
                  10290391    0000003a     {5089DE0E-531D-41AC-91DA-5D00350532E5} (.rodata.str1.2254589651314588332.1)
                  102903cb    0000003a     {5089DE0E-531D-41AC-91DA-5D00350532E5} (.rodata.str1.5360598976887875215.1)
                  10290405    0000003a     {5089DE0E-531D-41AC-91DA-5D00350532E5} (.rodata.str1.8781301953493706040.1)
                  1029043f    00000039     {5089DE0E-531D-41AC-91DA-5D00350532E5} (.rodata.str1.10401242038759278683.1)
                  10290478    00000039     {5089DE0E-531D-41AC-91DA-5D00350532E5} (.rodata.str1.12675618556841799795.1)
                  102904b1    00000039     {5089DE0E-531D-41AC-91DA-5D00350532E5} (.rodata.str1.2043102123910183314.1)
                  102904ea    00000039     {5089DE0E-531D-41AC-91DA-5D00350532E5} (.rodata.str1.5288049560598607670.1)
                  10290523    00000039     {5089DE0E-531D-41AC-91DA-5D00350532E5} (.rodata.str1.9776565450443705635.1)
                  1029055c    00000004     freertos.am273x.r5f.ti-arm-clang.release.lib : CacheP_armv7r.obj (.rodata.gCacheL1pCacheLineSize)
                  10290560    00000038     ti_drivers_open_close.oer5f (.rodata.gUartParams)
                  10290598    00000038     {5089DE0E-531D-41AC-91DA-5D00350532E5} (.rodata.str1.13957737806124936715.1)
                  102905d0    00000038     {5089DE0E-531D-41AC-91DA-5D00350532E5} (.rodata.str1.15100807609882203426.1)
                  10290608    00000038     {5089DE0E-531D-41AC-91DA-5D00350532E5} (.rodata.str1.16914218664819611789.1)
                  10290640    00000038     {5089DE0E-531D-41AC-91DA-5D00350532E5} (.rodata.str1.216209331926963302.1)
                  10290678    00000038     {5089DE0E-531D-41AC-91DA-5D00350532E5} (.rodata.str1.3218897347754341040.1)
                  102906b0    00000037     {5089DE0E-531D-41AC-91DA-5D00350532E5} (.rodata.str1.1085881072125347382.1)
                  102906e7    00000037     {5089DE0E-531D-41AC-91DA-5D00350532E5} (.rodata.str1.13285345189777374070.1)
                  1029071e    00000037     {5089DE0E-531D-41AC-91DA-5D00350532E5} (.rodata.str1.14326563606022736846.1)
                  10290755    00000037     {5089DE0E-531D-41AC-91DA-5D00350532E5} (.rodata.str1.14332474686111851550.1)
                  1029078c    00000037     {5089DE0E-531D-41AC-91DA-5D00350532E5} (.rodata.str1.3453001446436232969.1)
                  102907c3    00000037     {5089DE0E-531D-41AC-91DA-5D00350532E5} (.rodata.str1.8702239324041680261.1)
                  102907fa    00000037     {5089DE0E-531D-41AC-91DA-5D00350532E5} (.rodata.str1.9571831365752425223.1)
                  10290831    00000036     {5089DE0E-531D-41AC-91DA-5D00350532E5} (.rodata.str1.16329871980696407470.1)
                  10290867    00000036     {5089DE0E-531D-41AC-91DA-5D00350532E5} (.rodata.str1.2374930628651260105.1)
                  1029089d    00000036     {5089DE0E-531D-41AC-91DA-5D00350532E5} (.rodata.str1.3003422354887751927.1)
                  102908d3    00000036     {5089DE0E-531D-41AC-91DA-5D00350532E5} (.rodata.str1.4445036064785734093.1)
                  10290909    00000036     {5089DE0E-531D-41AC-91DA-5D00350532E5} (.rodata.str1.496681157919567127.1)
                  1029093f    00000035     {5089DE0E-531D-41AC-91DA-5D00350532E5} (.rodata.str1.11477709987339859837.1)
                  10290974    00000035     {5089DE0E-531D-41AC-91DA-5D00350532E5} (.rodata.str1.13791258149020473201.1)
                  102909a9    00000035     {5089DE0E-531D-41AC-91DA-5D00350532E5} (.rodata.str1.16706140668563553079.1)
                  102909de    00000035     {5089DE0E-531D-41AC-91DA-5D00350532E5} (.rodata.str1.3425896415925737334.1)
                  10290a13    00000035     {5089DE0E-531D-41AC-91DA-5D00350532E5} (.rodata.str1.4695613159267431149.1)
                  10290a48    00000035     {5089DE0E-531D-41AC-91DA-5D00350532E5} (.rodata.str1.6581800389856563546.1)
                  10290a7d    00000034     {5089DE0E-531D-41AC-91DA-5D00350532E5} (.rodata.str1.15040763016645173146.1)
                  10290ab1    00000034     {5089DE0E-531D-41AC-91DA-5D00350532E5} (.rodata.str1.3122252897644418791.1)
                  10290ae5    00000034     {5089DE0E-531D-41AC-91DA-5D00350532E5} (.rodata.str1.3223463285459973556.1)
                  10290b19    00000034     {5089DE0E-531D-41AC-91DA-5D00350532E5} (.rodata.str1.8558719474485828220.1)
                  10290b4d    00000033     {5089DE0E-531D-41AC-91DA-5D00350532E5} (.rodata.str1.18180114033597188379.1)
                  10290b80    00000033     {5089DE0E-531D-41AC-91DA-5D00350532E5} (.rodata.str1.3193600907953316458.1)
                  10290bb3    00000033     {5089DE0E-531D-41AC-91DA-5D00350532E5} (.rodata.str1.369694166899078415.1)
                  10290be6    00000032     {5089DE0E-531D-41AC-91DA-5D00350532E5} (.rodata.str1.10567118333480672041.1)
                  10290c18    00000032     {5089DE0E-531D-41AC-91DA-5D00350532E5} (.rodata.str1.10717520469120833513.1)
                  10290c4a    00000032     {5089DE0E-531D-41AC-91DA-5D00350532E5} (.rodata.str1.13003990913292051511.1)
                  10290c7c    00000031     {5089DE0E-531D-41AC-91DA-5D00350532E5} (.rodata.str1.13803996183254521830.1)
                  10290cad    00000031     {5089DE0E-531D-41AC-91DA-5D00350532E5} (.rodata.str1.18141691322783455831.1)
                  10290cde    00000031     {5089DE0E-531D-41AC-91DA-5D00350532E5} (.rodata.str1.2691032914511146553.1)
                  10290d0f    00000031     {5089DE0E-531D-41AC-91DA-5D00350532E5} (.rodata.str1.2912456829681187120.1)
                  10290d40    00000031     {5089DE0E-531D-41AC-91DA-5D00350532E5} (.rodata.str1.3164040179291017478.1)
                  10290d71    00000031     {5089DE0E-531D-41AC-91DA-5D00350532E5} (.rodata.str1.6014691303080722140.1)
                  10290da2    00000031     {5089DE0E-531D-41AC-91DA-5D00350532E5} (.rodata.str1.8643192258953320244.1)
                  10290dd3    00000005     {5089DE0E-531D-41AC-91DA-5D00350532E5} (.rodata.str1.10093451710515113452.1)
                  10290dd8    00000030     {5089DE0E-531D-41AC-91DA-5D00350532E5} (.rodata.cst16)
                  10290e08    00000030     {5089DE0E-531D-41AC-91DA-5D00350532E5} (.rodata.str1.9112201447341555242.1)
                  10290e38    0000002f     {5089DE0E-531D-41AC-91DA-5D00350532E5} (.rodata.str1.10736003951895666366.1)
                  10290e67    0000002f     {5089DE0E-531D-41AC-91DA-5D00350532E5} (.rodata.str1.12745926937464156588.1)
                  10290e96    0000002f     {5089DE0E-531D-41AC-91DA-5D00350532E5} (.rodata.str1.13873150295766803961.1)
                  10290ec5    0000002f     {5089DE0E-531D-41AC-91DA-5D00350532E5} (.rodata.str1.5222169143683271625.1)
                  10290ef4    0000002f     {5089DE0E-531D-41AC-91DA-5D00350532E5} (.rodata.str1.5372827619904124901.1)
                  10290f23    0000002f     {5089DE0E-531D-41AC-91DA-5D00350532E5} (.rodata.str1.5740628644060251990.1)
                  10290f52    0000002f     {5089DE0E-531D-41AC-91DA-5D00350532E5} (.rodata.str1.6009708000334887953.1)
                  10290f81    0000002e     {5089DE0E-531D-41AC-91DA-5D00350532E5} (.rodata.str1.10276948310718467250.1)
                  10290faf    0000002e     {5089DE0E-531D-41AC-91DA-5D00350532E5} (.rodata.str1.10531296715976551732.1)
                  10290fdd    0000002e     {5089DE0E-531D-41AC-91DA-5D00350532E5} (.rodata.str1.11522457343241406008.1)
                  1029100b    0000002e     {5089DE0E-531D-41AC-91DA-5D00350532E5} (.rodata.str1.13341988216064122737.1)
                  10291039    0000002e     {5089DE0E-531D-41AC-91DA-5D00350532E5} (.rodata.str1.18048502197637819171.1)
                  10291067    0000002e     {5089DE0E-531D-41AC-91DA-5D00350532E5} (.rodata.str1.1808630310306406740.1)
                  10291095    0000002e     {5089DE0E-531D-41AC-91DA-5D00350532E5} (.rodata.str1.18348510652689296148.1)
                  102910c3    0000002e     {5089DE0E-531D-41AC-91DA-5D00350532E5} (.rodata.str1.6084005488128075423.1)
                  102910f1    0000002e     {5089DE0E-531D-41AC-91DA-5D00350532E5} (.rodata.str1.6176171337096547680.1)
                  1029111f    0000002e     {5089DE0E-531D-41AC-91DA-5D00350532E5} (.rodata.str1.7969200447988187277.1)
                  1029114d    0000002e     {5089DE0E-531D-41AC-91DA-5D00350532E5} (.rodata.str1.90338820240080200.1)
                  1029117b    0000002d     {5089DE0E-531D-41AC-91DA-5D00350532E5} (.rodata.str1.12495465736450467174.1)
                  102911a8    0000002c     {5089DE0E-531D-41AC-91DA-5D00350532E5} (.rodata.str1.10818483992829112243.1)
                  102911d4    0000002c     {5089DE0E-531D-41AC-91DA-5D00350532E5} (.rodata.str1.15563171834052584602.1)
                  10291200    0000002c     {5089DE0E-531D-41AC-91DA-5D00350532E5} (.rodata.str1.18208369153588666010.1)
                  1029122c    0000002c     {5089DE0E-531D-41AC-91DA-5D00350532E5} (.rodata.str1.2920504002684656390.1)
                  10291258    0000002c     {5089DE0E-531D-41AC-91DA-5D00350532E5} (.rodata.str1.5341038980311254883.1)
                  10291284    0000002c     {5089DE0E-531D-41AC-91DA-5D00350532E5} (.rodata.str1.5538610179278057344.1)
                  102912b0    0000002c     {5089DE0E-531D-41AC-91DA-5D00350532E5} (.rodata.str1.657785769451347924.1)
                  102912dc    0000002c     {5089DE0E-531D-41AC-91DA-5D00350532E5} (.rodata.str1.7812899130232122624.1)
                  10291308    0000002c     {5089DE0E-531D-41AC-91DA-5D00350532E5} (.rodata.str1.8760878987906694185.1)
                  10291334    0000002c     {5089DE0E-531D-41AC-91DA-5D00350532E5} (.rodata.str1.9187428440483605644.1)
                  10291360    0000002c     {5089DE0E-531D-41AC-91DA-5D00350532E5} (.rodata.str1.9885902480399444533.1)
                  1029138c    0000002b     {5089DE0E-531D-41AC-91DA-5D00350532E5} (.rodata.str1.14145053875304485454.1)
                  102913b7    0000002b     {5089DE0E-531D-41AC-91DA-5D00350532E5} (.rodata.str1.17042840446537004866.1)
                  102913e2    0000002b     {5089DE0E-531D-41AC-91DA-5D00350532E5} (.rodata.str1.6951202101945594806.1)
                  1029140d    0000002b     {5089DE0E-531D-41AC-91DA-5D00350532E5} (.rodata.str1.9235382016947754680.1)
                  10291438    0000002b     {5089DE0E-531D-41AC-91DA-5D00350532E5} (.rodata.str1.9972631415523481829.1)
                  10291463    0000002a     {5089DE0E-531D-41AC-91DA-5D00350532E5} (.rodata.str1.14287829655512542338.1)
                  1029148d    0000002a     {5089DE0E-531D-41AC-91DA-5D00350532E5} (.rodata.str1.15689189384472174473.1)
                  102914b7    0000002a     {5089DE0E-531D-41AC-91DA-5D00350532E5} (.rodata.str1.16734529894932125862.1)
                  102914e1    0000002a     {5089DE0E-531D-41AC-91DA-5D00350532E5} (.rodata.str1.18024986491098160233.1)
                  1029150b    0000002a     {5089DE0E-531D-41AC-91DA-5D00350532E5} (.rodata.str1.6002276857950823008.1)
                  10291535    0000002a     {5089DE0E-531D-41AC-91DA-5D00350532E5} (.rodata.str1.6460544749039561.1)
                  1029155f    0000002a     {5089DE0E-531D-41AC-91DA-5D00350532E5} (.rodata.str1.6946371242775798973.1)
                  10291589    0000002a     {5089DE0E-531D-41AC-91DA-5D00350532E5} (.rodata.str1.8199346237674135121.1)
                  102915b3    0000002a     {5089DE0E-531D-41AC-91DA-5D00350532E5} (.rodata.str1.8474751081149379519.1)
                  102915dd    0000002a     {5089DE0E-531D-41AC-91DA-5D00350532E5} (.rodata.str1.8654663044476872545.1)
                  10291607    00000029     {5089DE0E-531D-41AC-91DA-5D00350532E5} (.rodata.str1.10271777717534793632.1)
                  10291630    00000029     {5089DE0E-531D-41AC-91DA-5D00350532E5} (.rodata.str1.14130781195046484162.1)
                  10291659    00000029     {5089DE0E-531D-41AC-91DA-5D00350532E5} (.rodata.str1.14487092576800130242.1)
                  10291682    00000029     {5089DE0E-531D-41AC-91DA-5D00350532E5} (.rodata.str1.1497277182996258888.1)
                  102916ab    00000029     {5089DE0E-531D-41AC-91DA-5D00350532E5} (.rodata.str1.2553816214819901167.1)
                  102916d4    00000029     {5089DE0E-531D-41AC-91DA-5D00350532E5} (.rodata.str1.312459300366913422.1)
                  102916fd    00000029     {5089DE0E-531D-41AC-91DA-5D00350532E5} (.rodata.str1.3454956589997530309.1)
                  10291726    00000029     {5089DE0E-531D-41AC-91DA-5D00350532E5} (.rodata.str1.3688691182607116484.1)
                  1029174f    00000029     {5089DE0E-531D-41AC-91DA-5D00350532E5} (.rodata.str1.3998497283302777830.1)
                  10291778    00000029     {5089DE0E-531D-41AC-91DA-5D00350532E5} (.rodata.str1.6531295398022446634.1)
                  102917a1    00000029     {5089DE0E-531D-41AC-91DA-5D00350532E5} (.rodata.str1.7545647463021371444.1)
                  102917ca    00000029     {5089DE0E-531D-41AC-91DA-5D00350532E5} (.rodata.str1.9238955429423287950.1)
                  102917f3    00000029     {5089DE0E-531D-41AC-91DA-5D00350532E5} (.rodata.str1.9857435039156408742.1)
                  1029181c    00000028     {5089DE0E-531D-41AC-91DA-5D00350532E5} (.rodata.str1.15008180995940510463.1)
                  10291844    00000028     {5089DE0E-531D-41AC-91DA-5D00350532E5} (.rodata.str1.17392138502404820346.1)
                  1029186c    00000028     {5089DE0E-531D-41AC-91DA-5D00350532E5} (.rodata.str1.3711233212771063732.1)
                  10291894    00000028     {5089DE0E-531D-41AC-91DA-5D00350532E5} (.rodata.str1.89800033972521044.1)
                  102918bc    00000027     {5089DE0E-531D-41AC-91DA-5D00350532E5} (.rodata.str1.11315684441409680091.1)
                  102918e3    00000027     {5089DE0E-531D-41AC-91DA-5D00350532E5} (.rodata.str1.14051649372836887043.1)
                  1029190a    00000027     {5089DE0E-531D-41AC-91DA-5D00350532E5} (.rodata.str1.17331504734571899010.1)
                  10291931    00000027     {5089DE0E-531D-41AC-91DA-5D00350532E5} (.rodata.str1.17856535888184229909.1)
                  10291958    00000027     {5089DE0E-531D-41AC-91DA-5D00350532E5} (.rodata.str1.17878389505353603450.1)
                  1029197f    00000027     {5089DE0E-531D-41AC-91DA-5D00350532E5} (.rodata.str1.4336966278331466532.1)
                  102919a6    00000027     {5089DE0E-531D-41AC-91DA-5D00350532E5} (.rodata.str1.4521215054758067271.1)
                  102919cd    00000027     {5089DE0E-531D-41AC-91DA-5D00350532E5} (.rodata.str1.5479951531986056198.1)
                  102919f4    00000027     {5089DE0E-531D-41AC-91DA-5D00350532E5} (.rodata.str1.6744977383438940983.1)
                  10291a1b    00000027     {5089DE0E-531D-41AC-91DA-5D00350532E5} (.rodata.str1.7014476826896499726.1)
                  10291a42    00000027     {5089DE0E-531D-41AC-91DA-5D00350532E5} (.rodata.str1.9334375731510279242.1)
                  10291a69    00000027     {5089DE0E-531D-41AC-91DA-5D00350532E5} (.rodata.str1.9594672233626986489.1)
                  10291a90    00000026     {5089DE0E-531D-41AC-91DA-5D00350532E5} (.rodata.str1.11784268553153003905.1)
                  10291ab6    00000026     {5089DE0E-531D-41AC-91DA-5D00350532E5} (.rodata.str1.14442013556274563574.1)
                  10291adc    00000026     {5089DE0E-531D-41AC-91DA-5D00350532E5} (.rodata.str1.470553784381387533.1)
                  10291b02    00000025     {5089DE0E-531D-41AC-91DA-5D00350532E5} (.rodata.str1.12394746681724850476.1)
                  10291b27    00000025     {5089DE0E-531D-41AC-91DA-5D00350532E5} (.rodata.str1.15539207090263963235.1)
                  10291b4c    00000025     {5089DE0E-531D-41AC-91DA-5D00350532E5} (.rodata.str1.15567679626450102284.1)
                  10291b71    00000025     {5089DE0E-531D-41AC-91DA-5D00350532E5} (.rodata.str1.2343408440947683107.1)
                  10291b96    00000025     {5089DE0E-531D-41AC-91DA-5D00350532E5} (.rodata.str1.5154034997882264908.1)
                  10291bbb    00000025     {5089DE0E-531D-41AC-91DA-5D00350532E5} (.rodata.str1.5308831452388871626.1)
                  10291be0    00000024     {5089DE0E-531D-41AC-91DA-5D00350532E5} (.rodata.str1.11041512776711630941.1)
                  10291c04    00000024     {5089DE0E-531D-41AC-91DA-5D00350532E5} (.rodata.str1.12266916504686681761.1)
                  10291c28    00000024     {5089DE0E-531D-41AC-91DA-5D00350532E5} (.rodata.str1.13299031372502791579.1)
                  10291c4c    00000024     {5089DE0E-531D-41AC-91DA-5D00350532E5} (.rodata.str1.13727473931076817920.1)
                  10291c70    00000024     {5089DE0E-531D-41AC-91DA-5D00350532E5} (.rodata.str1.14144237492009350508.1)
                  10291c94    00000024     {5089DE0E-531D-41AC-91DA-5D00350532E5} (.rodata.str1.3196341522247734632.1)
                  10291cb8    00000024     {5089DE0E-531D-41AC-91DA-5D00350532E5} (.rodata.str1.7904770289156643500.1)
                  10291cdc    00000024     {5089DE0E-531D-41AC-91DA-5D00350532E5} (.rodata.str1.8093972266353224591.1)
                  10291d00    00000024     {5089DE0E-531D-41AC-91DA-5D00350532E5} (.rodata.str1.906144131007236690.1)
                  10291d24    00000023     {5089DE0E-531D-41AC-91DA-5D00350532E5} (.rodata.str1.12252460800939117496.1)
                  10291d47    00000023     {5089DE0E-531D-41AC-91DA-5D00350532E5} (.rodata.str1.15515389818819014581.1)
                  10291d6a    00000023     {5089DE0E-531D-41AC-91DA-5D00350532E5} (.rodata.str1.3565618169506805481.1)
                  10291d8d    00000023     {5089DE0E-531D-41AC-91DA-5D00350532E5} (.rodata.str1.3645137696483406543.1)
                  10291db0    00000023     {5089DE0E-531D-41AC-91DA-5D00350532E5} (.rodata.str1.474610846682953203.1)
                  10291dd3    00000023     {5089DE0E-531D-41AC-91DA-5D00350532E5} (.rodata.str1.8795006471988811002.1)
                  10291df6    00000022     {5089DE0E-531D-41AC-91DA-5D00350532E5} (.rodata.str1.10277562541090766604.1)
                  10291e18    00000022     {5089DE0E-531D-41AC-91DA-5D00350532E5} (.rodata.str1.10577597795750055706.1)
                  10291e3a    00000022     {5089DE0E-531D-41AC-91DA-5D00350532E5} (.rodata.str1.14566441936490312936.1)
                  10291e5c    00000022     {5089DE0E-531D-41AC-91DA-5D00350532E5} (.rodata.str1.17052822694813908646.1)
                  10291e7e    00000022     {5089DE0E-531D-41AC-91DA-5D00350532E5} (.rodata.str1.2076572337769685326.1)
                  10291ea0    00000022     {5089DE0E-531D-41AC-91DA-5D00350532E5} (.rodata.str1.6386501010191235387.1)
                  10291ec2    00000022     {5089DE0E-531D-41AC-91DA-5D00350532E5} (.rodata.str1.6926370703883160168.1)
                  10291ee4    00000022     {5089DE0E-531D-41AC-91DA-5D00350532E5} (.rodata.str1.7133329594606473324.1)
                  10291f06    00000022     {5089DE0E-531D-41AC-91DA-5D00350532E5} (.rodata.str1.7508942187056903539.1)
                  10291f28    00000021     {5089DE0E-531D-41AC-91DA-5D00350532E5} (.rodata.str1.12298482293934864824.1)
                  10291f49    00000021     {5089DE0E-531D-41AC-91DA-5D00350532E5} (.rodata.str1.2668349654630873800.1)
                  10291f6a    00000021     {5089DE0E-531D-41AC-91DA-5D00350532E5} (.rodata.str1.390397363213435835.1)
                  10291f8b    00000021     {5089DE0E-531D-41AC-91DA-5D00350532E5} (.rodata.str1.6692648297912741057.1)
                  10291fac    00000021     {5089DE0E-531D-41AC-91DA-5D00350532E5} (.rodata.str1.8979086639778664505.1)
                  10291fcd    00000020     {5089DE0E-531D-41AC-91DA-5D00350532E5} (.rodata.str1.14839931939267652691.1)
                  10291fed    00000020     {5089DE0E-531D-41AC-91DA-5D00350532E5} (.rodata.str1.15211281974140599961.1)
                  1029200d    00000020     {5089DE0E-531D-41AC-91DA-5D00350532E5} (.rodata.str1.15862597310971462994.1)
                  1029202d    00000020     {5089DE0E-531D-41AC-91DA-5D00350532E5} (.rodata.str1.16450071662168514581.1)
                  1029204d    00000020     {5089DE0E-531D-41AC-91DA-5D00350532E5} (.rodata.str1.1654285526368977296.1)
                  1029206d    00000020     {5089DE0E-531D-41AC-91DA-5D00350532E5} (.rodata.str1.1700927278593225703.1)
                  1029208d    00000020     {5089DE0E-531D-41AC-91DA-5D00350532E5} (.rodata.str1.18134813149662314356.1)
                  102920ad    00000020     {5089DE0E-531D-41AC-91DA-5D00350532E5} (.rodata.str1.2977320032137256800.1)
                  102920cd    00000020     {5089DE0E-531D-41AC-91DA-5D00350532E5} (.rodata.str1.3737918264178789069.1)
                  102920ed    00000020     {5089DE0E-531D-41AC-91DA-5D00350532E5} (.rodata.str1.3899073786106786109.1)
                  1029210d    00000020     {5089DE0E-531D-41AC-91DA-5D00350532E5} (.rodata.str1.4188818854221878621.1)
                  1029212d    0000001f     {5089DE0E-531D-41AC-91DA-5D00350532E5} (.rodata.str1.11191349053451281844.1)
                  1029214c    0000001f     {5089DE0E-531D-41AC-91DA-5D00350532E5} (.rodata.str1.11341338071141260346.1)
                  1029216b    0000001f     {5089DE0E-531D-41AC-91DA-5D00350532E5} (.rodata.str1.11507630246853003619.1)
                  1029218a    0000001f     {5089DE0E-531D-41AC-91DA-5D00350532E5} (.rodata.str1.12631651529624651267.1)
                  102921a9    0000001f     {5089DE0E-531D-41AC-91DA-5D00350532E5} (.rodata.str1.12748481695188809633.1)
                  102921c8    0000001f     {5089DE0E-531D-41AC-91DA-5D00350532E5} (.rodata.str1.14932708015421967471.1)
                  102921e7    0000001f     {5089DE0E-531D-41AC-91DA-5D00350532E5} (.rodata.str1.16102862242179331474.1)
                  10292206    0000001f     {5089DE0E-531D-41AC-91DA-5D00350532E5} (.rodata.str1.17341305680491763086.1)
                  10292225    0000001f     {5089DE0E-531D-41AC-91DA-5D00350532E5} (.rodata.str1.4543851693163168077.1)
                  10292244    0000001f     {5089DE0E-531D-41AC-91DA-5D00350532E5} (.rodata.str1.6050818275924864593.1)
                  10292263    0000001f     {5089DE0E-531D-41AC-91DA-5D00350532E5} (.rodata.str1.6575045697814268614.1)
                  10292282    0000001f     {5089DE0E-531D-41AC-91DA-5D00350532E5} (.rodata.str1.7869997181605694304.1)
                  102922a1    0000001f     {5089DE0E-531D-41AC-91DA-5D00350532E5} (.rodata.str1.8430146403508098855.1)
                  102922c0    0000001e     {5089DE0E-531D-41AC-91DA-5D00350532E5} (.rodata.str1.12268873216441623881.1)
                  102922de    0000001e     {5089DE0E-531D-41AC-91DA-5D00350532E5} (.rodata.str1.16910253473081522469.1)
                  102922fc    0000001e     {5089DE0E-531D-41AC-91DA-5D00350532E5} (.rodata.str1.212250740672973149.1)
                  1029231a    0000001e     {5089DE0E-531D-41AC-91DA-5D00350532E5} (.rodata.str1.3069278930637593228.1)
                  10292338    0000001e     {5089DE0E-531D-41AC-91DA-5D00350532E5} (.rodata.str1.3998464287976889528.1)
                  10292356    0000001e     {5089DE0E-531D-41AC-91DA-5D00350532E5} (.rodata.str1.7236452964214986171.1)
                  10292374    0000001e     {5089DE0E-531D-41AC-91DA-5D00350532E5} (.rodata.str1.7967666449746223428.1)
                  10292392    0000001d     {5089DE0E-531D-41AC-91DA-5D00350532E5} (.rodata.str1.12429527165725751756.1)
                  102923af    0000001d     {5089DE0E-531D-41AC-91DA-5D00350532E5} (.rodata.str1.12621726537413135232.1)
                  102923cc    0000001d     {5089DE0E-531D-41AC-91DA-5D00350532E5} (.rodata.str1.1345206698858701367.1)
                  102923e9    0000001d     {5089DE0E-531D-41AC-91DA-5D00350532E5} (.rodata.str1.15317340700663972481.1)
[...]
1029eb10  CacheP_disableL1d                  
1029eb38  CacheP_disableL1p                  
1029eed5  CacheP_enable                      
1029eb50  CacheP_enableL1d                   
1029eb68  CacheP_enableL1p                   
1029ee14  CacheP_getCacheLevelInfo           
1029eddc  CacheP_getEnabled                  
1029ee51  CacheP_init                        
1029eef5  CacheP_inv                         
1029eb80  CacheP_invL1d                      
1029ebf4  CacheP_invL1dAll                   
1029ebb8  CacheP_invL1p                      
1029ebfc  CacheP_invL1pAll                   
1029ee40  CacheP_setDLFO                     
1029ec04  CacheP_wb                          
1029ec7c  CacheP_wbAll                       
1029ec40  CacheP_wbInv                       
1029ed24  CacheP_wbInvAll                    
1029ed3c  CacheP_wbInvAllAsm                 
1028d8d8  CycleCounterP_getCount32           
10283809  Dpl_init                           
10289c0d  Enable_BUCK4_ViaPMIC               
1029e03c  FreeRTOS_errno                     
1029eac8  HwiP_data_abort_handler            
1029e823  HwiP_data_abort_handler_c          
1029ea58  HwiP_disable                       
1029ea68  HwiP_disableFIQ                    
1029eab0  HwiP_disableVIC                    
1029ea78  HwiP_enable                        
1029ea88  HwiP_enableFIQ                     
1029eaa0  HwiP_enableVIC                     
1029e701  HwiP_fiq_handler                   
1029eac0  HwiP_getCPSR                       
1029e528  HwiP_irq_handler                   
1029e66d  HwiP_irq_handler_c                 
1029e7fd  HwiP_prefetch_abort_handler        
1029e7b1  HwiP_reserved_handler              
1029ea98  HwiP_restore                       
1029e4b8  HwiP_svc_handler                   
1029e7d7  HwiP_undefined_handler             
88010000  MCPI_logMessage                    
1027a801  MmwCascade_mmWaveTest              
1029ef38  MpuP_disableAsm                    
1029ef50  MpuP_disableBRAsm                  
1029ef60  MpuP_enableAsm                     
1029ef78  MpuP_enableBRAsm                   
1029ef88  MpuP_isEnableAsm                   
1029ef9c  MpuP_setRegionAsm                  
1028d900  PmuP_clearOverflowStatus           
1028d8f0  PmuP_disableCounters               
1028d8e8  PmuP_enableCounters                
1028d8f8  PmuP_getOverflowStatus             
1028d8e0  PmuP_setup                         
1028d33d  SemaphoreP_constructBinary         
1028d2f5  SemaphoreP_constructMutex          
1028cafd  SemaphoreP_destruct                
102883cd  SemaphoreP_pend                    
102884f1  SemaphoreP_post                    
10276d58  _CIOBUF_                           
102a0518  __ABORT_STACK_END                  
00000100  __ABORT_STACK_SIZE                 
102a0418  __ABORT_STACK_START                
10277800  __BSS_END                          
10220000  __BSS_START                        
10276d58  __CIOBUF_                          
1029f418  __FIQ_STACK_END                    
00000100  __FIQ_STACK_SIZE                   
1029f318  __FIQ_STACK_START                  
1029f318  __IRQ_STACK_END                    
00000100  __IRQ_STACK_SIZE                   
1029f218  __IRQ_STACK_START                  
1027a800  __STACK_END                        
00002000  __STACK_SIZE                       
102a0418  __SVC_STACK_END                    
00001000  __SVC_STACK_SIZE                   
1029f418  __SVC_STACK_START                  
00001000  __SYSMEM_SIZE                      
00000000  __TI_ATRegion0_region_sz           
00000000  __TI_ATRegion0_src_addr            
00000000  __TI_ATRegion0_trg_addr            
00000000  __TI_ATRegion1_region_sz           
00000000  __TI_ATRegion1_src_addr            
00000000  __TI_ATRegion1_trg_addr            
00000000  __TI_ATRegion2_region_sz           
00000000  __TI_ATRegion2_src_addr            
00000000  __TI_ATRegion2_trg_addr            
UNDEFED   __TI_CINIT_Base                    
UNDEFED   __TI_CINIT_Limit                   
UNDEFED   __TI_Handler_Table_Base            
UNDEFED   __TI_Handler_Table_Limit           
1028ce64  __TI_auto_init_nobinit_nopinit     
1029e01c  __TI_cleanup_ptr                   
1029e018  __TI_dtors_ptr                     
ffffffff  __TI_pprof_out_hndl                
102843c0  __TI_printfi                       
ffffffff  __TI_prof_data_size                
ffffffff  __TI_prof_data_start               
1028cbac  __TI_readmsg                       
00000000  __TI_static_base__                 
1028cc04  __TI_writemsg                      
102a0618  __UNDEFINED_STACK_END              
00000100  __UNDEFINED_STACK_SIZE             
102a0518  __UNDEFINED_STACK_START            
1028e770  __aeabi_ctype_table_               
1028e770  __aeabi_ctype_table_C              
1028d9c0  __aeabi_idiv                       
10287ed4  __aeabi_idiv0                      
1028e35c  __aeabi_ldiv0                      
1028e33c  __aeabi_memclr                     
1028e33c  __aeabi_memclr4                    
1028e33c  __aeabi_memclr8                    
1028e374  __aeabi_memcpy                     
1028e374  __aeabi_memcpy4                    
1028e374  __aeabi_memcpy8                    
1028e2f8  __aeabi_memset                     
1028e2f8  __aeabi_memset4                    
1028e2f8  __aeabi_memset8                    
10285f94  __aeabi_uidiv                      
1028de08  __aeabi_uldivmod                   
ffffffff  __binit__                          
1028d9c0  __divsi3                           
1029f125  __mpu_init                         
10278800  __stack                            
10288a88  __udivmoddi4                       
10285f94  __udivsi3                          
1029f04c  _c_int00                           
1029f028  _c_int00_sbl                       
UNDEFED   _system_post_cinit                 
1028e1ad  _system_pre_init                   
00000000  _vectors                           
1029f210  abort                              
ffffffff  binit                              
102879b8  ceil                               
102879b8  ceill                              
1028c4f1  configureTransfer                  
1028b1f9  eTaskGetState                      
1028da44  exit                               
1028be10  frexp                              
1028be10  frexpl                             
1029e348  gActive                            
10275a7c  gAppTask                           
102773f4  gAppTaskObj                        
10220000  gAppTskStackMain                   
10274c30  gCSIRXErrorCode                    
10276c28  gCSIRXState                        
1028f38c  gCacheConfig                       
1028f484  gCacheL1dCacheLineSize             
1029055c  gCacheL1pCacheLineSize             
1029e398  gCfg                               
1029e000  gChirpHdrChirpIdx                  
1029df48  gChirpHdrChirpsPerFrame            
1029dffe  gChirpHdrFrameIdx                  
1029df44  gChirpHdrGlobalIdx                 
10274c10  gChirpHdrPing                      
10274c20  gChirpHdrPong                      
1029dfec  gCliState                          
1029e0c0  gClockConfig                       
102777f8  gCsiConfigTask                     
10277480  gCsiConfigTaskObj                  
10240000  gCsiRxCfgTskStack                  
1029df0c  gHwiConfig                         
1029df40  gMCPILogMessageSize                
1029dbb0  gMmwCascadeMCB                     
102777fc  gMmwCtrlTask                       
1027750c  gMmwCtrlTaskObj                    
10260000  gMmwCtrlTskStack                   
1028f394  gMpuConfig                         
1028f3a0  gMpuRegionConfig                   
1029e008  gPingPongSwitchFlag                
10277768  gRovDummyQueue                     
10288290  ldexp                              
10288cb0  ldexpf                             
10288290  ldexpl                             
1028076d  main                               
10286e5c  memcpy                             
1028b020  memset                             
1029e475  pmicRegRead                        
1028e1dd  pvTaskIncrementMutexHeldCount      
1029e038  pxCurrentTCB                       
1028b70d  pxPortInitialiseStack              
10282e40  strcmp                             
1029e020  ulCriticalNesting                  
1029e028  ulPortInterruptNesting             
1029e02c  ulPortSchedularRunning             
1029e470  ulPortTaskHasFPUContext            
1029e024  ulPortYieldRequired                
10293a70  uxTopUsedPriority                  
102894b1  vApplicationIdleHook               
1028dcb9  vApplicationStackOverflowHook      
1029e480  vPortRestoreTaskContext            
1028de99  vPortTimerTickHandler              
1028d1c9  vTaskDelay                         
1028b3b9  vTaskDelete                        
1028e20d  vTaskEnterCritical                 
1028dee1  vTaskExitCritical                  
1028be8d  vTaskGetInfo                       
1028d44d  vTaskPlaceOnEventList              
1028d215  vTaskPlaceOnEventListRestricted    
1028a9c9  vTaskPriorityDisinheritAfterTimeout
10288735  vTaskStartScheduler                
10289869  vTaskSwitchContext                 
1028e225  xPortStartScheduler                
1028b571  xTaskCheckForTimeOut               
1028a2b9  xTaskCreateStatic                  
1028d909  xTaskGetIdleTaskHandle             
1028e23d  xTaskGetTickCount                  
102892c5  xTaskIncrementTick                 
1028abbd  xTaskPriorityDisinherit            
1028bba1  xTaskPriorityInherit               
1028bf09  xTaskRemoveFromEventList           
1028a12d  xTaskResumeAll                     


GLOBAL SYMBOLS: SORTED BY Symbol Address 

address   name                               
-------   ----                               
00000000  __TI_ATRegion0_region_sz           
00000000  __TI_ATRegion0_src_addr            
00000000  __TI_ATRegion0_trg_addr            
00000000  __TI_ATRegion1_region_sz           
00000000  __TI_ATRegion1_src_addr            
00000000  __TI_ATRegion1_trg_addr            
00000000  __TI_ATRegion2_region_sz           
00000000  __TI_ATRegion2_src_addr            
00000000  __TI_ATRegion2_trg_addr            
00000000  __TI_static_base__                 
00000000  _vectors                           
00000100  __ABORT_STACK_SIZE                 
00000100  __FIQ_STACK_SIZE                   
00000100  __IRQ_STACK_SIZE                   
00000100  __UNDEFINED_STACK_SIZE             
00001000  __SVC_STACK_SIZE                   
00001000  __SYSMEM_SIZE                      
00002000  __STACK_SIZE                       
10220000  __BSS_START                        
10220000  gAppTskStackMain                   
10240000  gCsiRxCfgTskStack                  
10260000  gMmwCtrlTskStack                   
10274c10  gChirpHdrPing                      
10274c20  gChirpHdrPong                      
10274c30  gCSIRXErrorCode                    
10275a7c  gAppTask                           
10276c28  gCSIRXState                        
10276d58  _CIOBUF_                           
10276d58  __CIOBUF_                          
102773f4  gAppTaskObj                        
10277480  gCsiConfigTaskObj                  
1027750c  gMmwCtrlTaskObj                    
10277768  gRovDummyQueue                     
102777f8  gCsiConfigTask                     
102777fc  gMmwCtrlTask                       
10277800  __BSS_END                          
10278800  __stack                            
1027a800  __STACK_END                        
1027a801  MmwCascade_mmWaveTest              
1028076d  main                               
10282e40  strcmp                             
10283809  Dpl_init                           
102843c0  __TI_printfi                       
10285f94  __aeabi_uidiv                      
10285f94  __udivsi3                          
10286e5c  memcpy                             
102879b8  ceil                               
102879b8  ceill                              
10287ed4  __aeabi_idiv0                      
10288290  ldexp                              
10288290  ldexpl                             
102883cd  SemaphoreP_pend                    
102884f1  SemaphoreP_post                    
10288735  vTaskStartScheduler                
10288a88  __udivmoddi4                       
10288cb0  ldexpf                             
102892c5  xTaskIncrementTick                 
102894b1  vApplicationIdleHook               
10289869  vTaskSwitchContext                 
10289c0d  Enable_BUCK4_ViaPMIC               
1028a12d  xTaskResumeAll                     
1028a2b9  xTaskCreateStatic                  
1028a9c9  vTaskPriorityDisinheritAfterTimeout
1028abbd  xTaskPriorityDisinherit            
1028b020  memset                             
1028b1f9  eTaskGetState                      
1028b3b9  vTaskDelete                        
1028b571  xTaskCheckForTimeOut               
1028b70d  pxPortInitialiseStack              
1028bba1  xTaskPriorityInherit               
1028be10  frexp                              
1028be10  frexpl                             
1028be8d  vTaskGetInfo                       
1028bf09  xTaskRemoveFromEventList           
1028c4f1  configureTransfer                  
1028cafd  SemaphoreP_destruct                
1028cbac  __TI_readmsg                       
1028cc04  __TI_writemsg                      
1028cc50  C$$IO$$                            
1028ce64  __TI_auto_init_nobinit_nopinit     
1028d1c9  vTaskDelay                         
1028d215  vTaskPlaceOnEventListRestricted    
1028d2f5  SemaphoreP_constructMutex          
1028d33d  SemaphoreP_constructBinary         
1028d44d  vTaskPlaceOnEventList              
1028d8d8  CycleCounterP_getCount32           
1028d8e0  PmuP_setup                         
1028d8e8  PmuP_enableCounters                
1028d8f0  PmuP_disableCounters               
1028d8f8  PmuP_getOverflowStatus             
1028d900  PmuP_clearOverflowStatus           
1028d909  xTaskGetIdleTaskHandle             
1028d9c0  __aeabi_idiv                       
1028d9c0  __divsi3                           
1028da44  exit                               
1028dcb9  vApplicationStackOverflowHook      
1028de08  __aeabi_uldivmod                   
1028de99  vPortTimerTickHandler              
1028dee1  vTaskExitCritical                  
1028e1ad  _system_pre_init                   
1028e1dd  pvTaskIncrementMutexHeldCount      
1028e20d  vTaskEnterCritical                 
1028e225  xPortStartScheduler                
1028e23d  xTaskGetTickCount                  
1028e2f8  __aeabi_memset                     
1028e2f8  __aeabi_memset4                    
1028e2f8  __aeabi_memset8                    
1028e33c  __aeabi_memclr                     
1028e33c  __aeabi_memclr4                    
1028e33c  __aeabi_memclr8                    
1028e348  CSL_armR5ReadMpidrReg              
1028e354  C$$EXIT                            
1028e35c  __aeabi_ldiv0                      
1028e374  __aeabi_memcpy                     
1028e374  __aeabi_memcpy4                    
1028e374  __aeabi_memcpy8                    
1028e770  __aeabi_ctype_table_               
1028e770  __aeabi_ctype_table_C              
1028f38c  gCacheConfig                       
1028f394  gMpuConfig                         
1028f3a0  gMpuRegionConfig                   
1028f484  gCacheL1dCacheLineSize             
1029055c  gCacheL1pCacheLineSize             
10293a70  uxTopUsedPriority                  
1029dbb0  gMmwCascadeMCB                     
1029df0c  gHwiConfig                         
1029df40  gMCPILogMessageSize                
1029df44  gChirpHdrGlobalIdx                 
1029df48  gChirpHdrChirpsPerFrame            
1029dfec  gCliState                          
1029dffe  gChirpHdrFrameIdx                  
1029e000  gChirpHdrChirpIdx                  
1029e008  gPingPongSwitchFlag                
1029e018  __TI_dtors_ptr                     
1029e01c  __TI_cleanup_ptr                   
1029e020  ulCriticalNesting                  
1029e024  ulPortYieldRequired                
1029e028  ulPortInterruptNesting             
1029e02c  ulPortSchedularRunning             
1029e038  pxCurrentTCB                       
1029e03c  FreeRTOS_errno                     
1029e0c0  gClockConfig                       
1029e348  gActive                            
1029e398  gCfg                               
1029e470  ulPortTaskHasFPUContext            
1029e475  pmicRegRead                        
1029e480  vPortRestoreTaskContext            
1029e4b8  HwiP_svc_handler                   
1029e528  HwiP_irq_handler                   
1029e66d  HwiP_irq_handler_c                 
1029e701  HwiP_fiq_handler                   
1029e7b1  HwiP_reserved_handler              
1029e7d7  HwiP_undefined_handler             
1029e7fd  HwiP_prefetch_abort_handler        
1029e823  HwiP_data_abort_handler_c          
1029ea58  HwiP_disable                       
1029ea68  HwiP_disableFIQ                    
1029ea78  HwiP_enable                        
1029ea88  HwiP_enableFIQ                     
1029ea98  HwiP_restore                       
1029eaa0  HwiP_enableVIC                     
1029eab0  HwiP_disableVIC                    
1029eac0  HwiP_getCPSR                       
1029eac8  HwiP_data_abort_handler            
1029eb10  CacheP_disableL1d                  
1029eb38  CacheP_disableL1p                  
1029eb50  CacheP_enableL1d                   
1029eb68  CacheP_enableL1p                   
1029eb80  CacheP_invL1d                      
1029ebb8  CacheP_invL1p                      
1029ebf4  CacheP_invL1dAll                   
1029ebfc  CacheP_invL1pAll                   
1029ec04  CacheP_wb                          
1029ec40  CacheP_wbInv                       
1029ec7c  CacheP_wbAll                       
1029ed24  CacheP_wbInvAll                    
1029ed3c  CacheP_wbInvAllAsm                 
1029eddc  CacheP_getEnabled                  
1029ee14  CacheP_getCacheLevelInfo           
1029ee20  CacheP_configForceWrThru           
1029ee40  CacheP_setDLFO                     
1029ee51  CacheP_init                        
1029ee9b  CacheP_disable                     
1029eed5  CacheP_enable                      
1029eef5  CacheP_inv                         
1029ef38  MpuP_disableAsm                    
1029ef50  MpuP_disableBRAsm                  
1029ef60  MpuP_enableAsm                     
1029ef78  MpuP_enableBRAsm                   
1029ef88  MpuP_isEnableAsm                   
1029ef9c  MpuP_setRegionAsm                  
1029f028  _c_int00_sbl                       
1029f04c  _c_int00                           
1029f125  __mpu_init                         
1029f210  abort                              
1029f218  __IRQ_STACK_START                  
1029f318  __FIQ_STACK_START                  
1029f318  __IRQ_STACK_END                    
1029f418  __FIQ_STACK_END                    
1029f418  __SVC_STACK_START                  
102a0418  __ABORT_STACK_START                
102a0418  __SVC_STACK_END                    
102a0518  __ABORT_STACK_END                  
102a0518  __UNDEFINED_STACK_START            
102a0618  __UNDEFINED_STACK_END              
88000000  CSIA_PongBuf                       
88004000  CSIB_PongBuf                       
88008000  CSIA_PingBuf                       
8800c000  CSIB_PingBuf                       
88010000  MCPI_logMessage                    
ffffffff  __TI_pprof_out_hndl                
ffffffff  __TI_prof_data_size                
ffffffff  __TI_prof_data_start               
ffffffff  __binit__                          
ffffffff  binit                              
UNDEFED   __TI_CINIT_Base                    
UNDEFED   __TI_CINIT_Limit                   
UNDEFED   __TI_Handler_Table_Base            
UNDEFED   __TI_Handler_Table_Limit           
UNDEFED   _system_post_cinit                 

[220 symbols]
