******************************************************************************
            TI ARM Clang Linker PC v4.0.4                      
******************************************************************************
>> Linked Fri Feb 27 18:19:13 2026

OUTPUT FILE NAME:   <am273x/am273x_cascade_mss.xer5f>
ENTRY POINT SYMBOL: "_vectors"  address: 00000000


MEMORY CONFIGURATION

         name            origin    length      used     unused   attr    fill
----------------------  --------  ---------  --------  --------  ----  --------
  R5F_VECS              00000000   00000040  00000040  00000000  RWIX
  R5F_TCMA              00000040   00003fc0  00000000  00003fc0  RWIX
  R5F_TCMB              00080000   00004000  00000000  00004000  RWIX
  SBL_RESERVED_L2_RAM   10200000   00020000  00000000  00020000  RW  
  MSS_L2                10220000   000c8000  0007d618  0004a9e8  RWIX
  HWA_RAM               82000000   00020000  00000000  00020000  RW  
  DSS_L3                88000000   00390000  00012400  0037dc00  RWIX
  RTOS_NORTOS_IPC_SHM_M c5000000   00001f40  00000000  00001f40  RWIX


SEGMENT ALLOCATION MAP

run origin  load origin   length   init length attrs members
----------  ----------- ---------- ----------- ----- -------
00000000    00000000    00000040   00000040    r-x
  00000000    00000000    00000040   00000040    r-x .vectors
10220000    10220000    00058bc0   00000000    rw-
  10220000    10220000    00055bc0   00000000    rw- .bss
  10275bc0    10275bc0    00001000   00000000    rw- .sysmem
  10276bc0    10276bc0    00002000   00000000    rw- .stack
10278bc0    10278bc0    00017ec0   00017ec0    r-x
  10278bc0    10278bc0    000133a0   000133a0    r-x .text
  1028bf60    1028bf60    00004b20   00004b20    r-- .rodata
10290a80    10290a80    0000aa00   0000aa00    rw-
  10290a80    10290a80    0000aa00   0000aa00    rw- .data
1029b480    1029b480    00000d98   00000d98    r-x
  1029b480    1029b480    00000690   00000690    r-x .text.hwi
  1029bb10    1029bb10    00000428   00000428    r-x .text.cache
  1029bf38    1029bf38    000000f0   000000f0    r-x .text.mpu
  1029c028    1029c028    000001e8   000001e8    r-x .text.boot
  1029c210    1029c210    00000008   00000008    r-x .text:abort
1029c218    1029c218    00001400   00000000    rw-
  1029c218    1029c218    00000100   00000000    rw- .irqstack
  1029c318    1029c318    00000100   00000000    rw- .fiqstack
  1029c418    1029c418    00001000   00000000    rw- .svcstack
  1029d418    1029d418    00000100   00000000    rw- .abortstack
  1029d518    1029d518    00000100   00000000    rw- .undefinedstack
88000000    88000000    00012400   00000000    rw-
  88000000    88000000    00010000   00000000    rw- .l3ram
  88010000    88010000    00002400   00000000    rw- .MCPILogBuffer


SECTION ALLOCATION MAP

 output                                  attributes/
section   page    origin      length       input sections
--------  ----  ----------  ----------   ----------------
.vectors   0    00000000    00000040     
                  00000000    00000040     freertos.am273x.r5f.ti-arm-clang.release.lib : HwiP_armv7r_vectors_freertos_asm.obj (.vectors)

.bss       0    10220000    00055bc0     UNINITIALIZED
                  10220000    00020000     (.common:gAppTskStackMain)
                  10240000    00020000     (.common:gCsiRxCfgTskStack)
                  10260000    00010000     (.common:gMmwCtrlTskStack)
                  10270000    00001008     freertos.am273x.r5f.ti-arm-clang.release.lib : HwiP_armv7r_vim.obj (.bss.gHwiCtrl)
                  10271008    00001000     {203E5970-68FD-46BC-B1D1-910DF3771C94} (.bss.gCliTaskStack)
                  10272008    00001000     {203E5970-68FD-46BC-B1D1-910DF3771C94} (.bss.uxIdleTaskStack)
                  10273008    00000008     libsysbm.a : hostopen.c.obj (.bss.parmbuf)
                  10273010    00000010     (.common:gChirpHdrPing)
                  10273020    00000010     (.common:gChirpHdrPong)
                  10273030    00000008     (.common:gCSIRXErrorCode)
                  10273038    00000004     {203E5970-68FD-46BC-B1D1-910DF3771C94} (.bss.gdummy)
                  1027303c    00000004     {203E5970-68FD-46BC-B1D1-910DF3771C94} (.bss.sys_free)
                  10273040    00000800     {203E5970-68FD-46BC-B1D1-910DF3771C94} (.bss.gBpmHeapMem)
                  10273840    0000063c     {203E5970-68FD-46BC-B1D1-910DF3771C94} (.bss.gMibspiObjects)
                  10273e7c    00000004     (.common:gAppTask)
                  10273e80    000004f4     libmmwave_cascade_am273x.aer5f : mmwave.oer5f (.bss.gMMWave_MCB)
                  10274374    00000400     {203E5970-68FD-46BC-B1D1-910DF3771C94} (.bss.uxTimerTaskStack)
                  10274774    000002c4     {203E5970-68FD-46BC-B1D1-910DF3771C94} (.bss.gUartObjects)
                  10274a38    00000280     {203E5970-68FD-46BC-B1D1-910DF3771C94} (.bss.pxReadyTasksLists)
                  10274cb8    00000238     {203E5970-68FD-46BC-B1D1-910DF3771C94} (.bss.gCsirxObjects)
                  10274ef0    00000138     {203E5970-68FD-46BC-B1D1-910DF3771C94} (.bss.gEdmaObjects)
                  10275028    00000130     (.common:gCSIRXState)
                  10275158    00000120     libsysbm.a : trgmsg.c.obj (.bss:_CIOBUF_)
                  10275278    00000100     {203E5970-68FD-46BC-B1D1-910DF3771C94} (.bss.prvCheckForValidListAndQueue.ucStaticTimerQueueStorage)
                  10275378    00000100     freertos.am273x.r5f.ti-arm-clang.release.lib : queue.obj (.bss.xQueueRegistry)
                  10275478    000000a0     libc.a : defs.c.obj (.bss.__TI_tmpnams)
                  10275518    000000a0     freertos.am273x.r5f.ti-arm-clang.release.lib : TaskP_freertos.obj (.bss.gTaskP_ctrl)
                  102755b8    00000098     {203E5970-68FD-46BC-B1D1-910DF3771C94} (.bss.gDebugLogLockObj)
                  10275650    0000008c     {203E5970-68FD-46BC-B1D1-910DF3771C94} (.bss.gCliTaskObj)
                  102756dc    0000008c     {203E5970-68FD-46BC-B1D1-910DF3771C94} (.bss.xIdleTaskTCB)
                  10275768    0000008c     {203E5970-68FD-46BC-B1D1-910DF3771C94} (.bss.xTimerTaskTCB)
                  102757f4    0000008c     (.common:gAppTaskObj)
                  10275880    0000008c     (.common:gCsiConfigTaskObj)
                  1027590c    0000008c     (.common:gMmwCtrlTaskObj)
                  10275998    00000080     {203E5970-68FD-46BC-B1D1-910DF3771C94} (.bss.gBpmHeapObj)
                  10275a18    00000080     ti_drivers_config.oer5f (.bss.gCbuffObject)
                  10275a98    00000080     {203E5970-68FD-46BC-B1D1-910DF3771C94} (.bss.gMmwHeapObj)
                  10275b18    00000050     {203E5970-68FD-46BC-B1D1-910DF3771C94} (.bss.prvCheckForValidListAndQueue.xStaticTimerQueue)
                  10275b68    00000050     (.common:gRovDummyQueue)
                  10275bb8    00000004     (.common:gCsiConfigTask)
                  10275bbc    00000004     (.common:gMmwCtrlTask)

.sysmem    0    10275bc0    00001000     UNINITIALIZED
                  10275bc0    00000010     libc.a : memory.c.obj (.sysmem)
                  10275bd0    00000ff0     --HOLE--

.stack     0    10276bc0    00002000     UNINITIALIZED
                  10276bc0    00000004     freertos.am273x.r5f.ti-arm-clang.release.lib : boot_armv7r_asm.obj (.stack)
                  10276bc4    00001ffc     --HOLE--

.text      0    10278bc0    000133a0     
                  10278bc0    00001b5c     main_mss.oer5f (.text.MmwCascade_mmWaveTest)
                  1027a71c    0000161c     {203E5970-68FD-46BC-B1D1-910DF3771C94} (.text.MmwCascade_initTask)
                  1027bd38    00000e90     {203E5970-68FD-46BC-B1D1-910DF3771C94} (.text.CLI_task)
                  1027cbc8    00000cec     {203E5970-68FD-46BC-B1D1-910DF3771C94} (.text:__TI_printfi)
                  1027d8b4    00000004     drivers.am273x.r5f.ti-arm-clang.release.lib : cbuff_lvds.obj (.text.CBUFF_deinitLVDS)
                  1027d8b8    00000b6c     {203E5970-68FD-46BC-B1D1-910DF3771C94} (.text.MmwCascade_CsiConfigTask)
                  1027e424    000007c0     main_mss.oer5f (.text.main)
                  1027ebe4    000005fc     {203E5970-68FD-46BC-B1D1-910DF3771C94} (.text.MIBSPI_dataTransfer)
                  1027f1e0    00000578     libmmwavelink_cascade_am273x.aer5f : rl_driver.oer5f (.text.rlDriverCmdInvoke)
                  1027f758    0000052c     {203E5970-68FD-46BC-B1D1-910DF3771C94} (.text.rlDriverMsgRead)
                  1027fc84    00000524     {203E5970-68FD-46BC-B1D1-910DF3771C94} (.text.MMWave_configureAdvChirp)
                  102801a8    000004c8     libc.a : strtof.c.obj (.text.strtof)
                  10280670    00000488     freertos.am273x.r5f.ti-arm-clang.release.lib : DebugP_freertos.obj (.text._DebugP_logZone)
                  10280af8    00000008     libsysbm.a : hostexit.c.obj (.text.HOSTexit)
                  10280b00    00000390     libc.a : strcmp32.S.obj (.text:strcmp)
                  10280e90    0000031c     {203E5970-68FD-46BC-B1D1-910DF3771C94} (.text.prvTimerTask)
                  102811ac    00000314     libmmwave_cascade_am273x.aer5f : mmwave_link_common.oer5f (.text.MMWave_asyncEventHandler)
                  102814c0    00000304     ti_dpl_config.oer5f (.text.Dpl_init)
                  102817c4    00000300     {203E5970-68FD-46BC-B1D1-910DF3771C94} (.text.MMWave_configBPM)
                  10281ac4    000002dc     {203E5970-68FD-46BC-B1D1-910DF3771C94} (.text.MMWave_configureProfileChirp)
                  10281da0    000002d8     {203E5970-68FD-46BC-B1D1-910DF3771C94} (.text._etoa)
                  10282078    000002d0     libc.a : _printfi.c.obj (.text:__TI_printfi)
                  10282348    000002a4     {203E5970-68FD-46BC-B1D1-910DF3771C94} (.text.CLI_uartWrite)
                  102825ec    000002a4     cascade_csirx.oer5f (.text.MmwCascade_csirxCommonCallback)
                  10282890    000002a4     {203E5970-68FD-46BC-B1D1-910DF3771C94} (.text._ftoa)
                  10282b34    00000298     drivers.am273x.r5f.ti-arm-clang.release.lib : cbuff.obj (.text.CBUFF_createSession)
                  10282dcc    00000004     {203E5970-68FD-46BC-B1D1-910DF3771C94} (.text.MMWave_disableDevice)
                  10282dd0    00000278     {203E5970-68FD-46BC-B1D1-910DF3771C94} (.text._pconv_a)
                  10283048    00000264     cascade_csirx.oer5f (.text.MmwCascade_combinedEOLcallback)
                  102832ac    00000004     {203E5970-68FD-46BC-B1D1-910DF3771C94} (.text.MMWave_spiClose)
                  102832b0    00000230     {203E5970-68FD-46BC-B1D1-910DF3771C94} (.text._pconv_g)
                  102834e0    00000200     {203E5970-68FD-46BC-B1D1-910DF3771C94} (.text.SOC_rcmGetPeripheralClockFrequency)
                  102836e0    000001fc     {203E5970-68FD-46BC-B1D1-910DF3771C94} (.text.CBUFF_configEDMA)
                  102838dc    000001f8     {203E5970-68FD-46BC-B1D1-910DF3771C94} (.text.CBUFF_close)
                  10283ad4    000001f4     drivers.am273x.r5f.ti-arm-clang.release.lib : cbuff_lvds.obj (.text.CBUFF_openLVDS)
                  10283cc8    000001f4                                                 : mibspi_v0.obj (.text.MIBSPI_transfer)
                  10283ebc    000001d0     libclang_rt.builtins.a : udivsi3.S.obj (.text.__udivsi3)
                  1028408c    000001c8     libc.a : memory.c.obj (.text.malloc)
                  10284254    000001bc     freertos.am273x.r5f.ti-arm-clang.release.lib : queue.obj (.text.xQueueSemaphoreTake)
                  10284410    000001ac     {203E5970-68FD-46BC-B1D1-910DF3771C94} (.text.MIBSPI_edmaAllocChResource)
                  102845bc    0000019c     {203E5970-68FD-46BC-B1D1-910DF3771C94} (.text.EDMA_freeChannelRegion)
                  10284758    0000018c     libmmwave_cascade_am273x.aer5f : mmwave_link_common.oer5f (.text.MMWave_computeCRC)
                  102848e4    00000188     libc.a : memory.c.obj (.text.free)
                  10284a6c    00000184     {203E5970-68FD-46BC-B1D1-910DF3771C94} (.text.fopen)
                  10284bf0    00000180     libc.a : memcpy32.S.obj (.text:memcpy)
                  10284d70    0000017c            : fputs.c.obj (.text.fputs)
                  10284eec    00000174     {203E5970-68FD-46BC-B1D1-910DF3771C94} (.text.xQueueGenericSend)
                  10285060    00000170     drivers.am273x.r5f.ti-arm-clang.release.lib : uart_sci.obj (.text.UART_close)
                  102851d0    00000170     libc.a : strtol.c.obj (.text.strtol)
                  10285340    00000168     {203E5970-68FD-46BC-B1D1-910DF3771C94} (.text.CBUFF_addLinkedList)
                  102854a8    00000160     drivers.am273x.r5f.ti-arm-clang.release.lib : cbuff_lvds.obj (.text.CBUFF_initLVDS)
                  10285608    00000150     {203E5970-68FD-46BC-B1D1-910DF3771C94} (.text.MMWave_configureAdvFrame)
                  10285758    0000014c     libc.a : s_ceil.c.obj (.text.ceil)
                  102858a4    00000004     libclang_rt.builtins.a : aeabi_div0.c.obj (.text.__aeabi_idiv0)
                  102858a8    00000148     {203E5970-68FD-46BC-B1D1-910DF3771C94} (.text.fcvt)
                  102859f0    00000144     freertos.am273x.r5f.ti-arm-clang.release.lib : queue.obj (.text.xQueueGenericCreateStatic)
                  10285b34    00000140     {203E5970-68FD-46BC-B1D1-910DF3771C94} (.text.MMWave_configureFrame)
                  10285c74    00000004     libclang_rt.builtins.a : aeabi_div0.c.obj (.text.__aeabi_ldiv0)
                  10285c78    00000140     {203E5970-68FD-46BC-B1D1-910DF3771C94} (.text._pconv_e)
                  10285db8    0000013c     {203E5970-68FD-46BC-B1D1-910DF3771C94} (.text.UART_controllerIsr)
                  10285ef4    0000013c     libc.a : _io_perm.c.obj (.text.__TI_wrt_ok)
                  10286030    0000013c            : s_scalbn.c.obj (.text.ldexp)
                  1028616c    00000124     freertos.am273x.r5f.ti-arm-clang.release.lib : SemaphoreP_freertos.obj (.text.SemaphoreP_pend)
                  10286290    00000124                                                  : SemaphoreP_freertos.obj (.text.SemaphoreP_post)
                  102863b4    00000120     libmmwave_cascade_am273x.aer5f : mmwave_link_common.oer5f (.text.MMWave_configPhaseShift)
                  102864d4    0000011c     {203E5970-68FD-46BC-B1D1-910DF3771C94} (.text.MMWave_FirmwareDownload)
                  102865f0    00000118     {203E5970-68FD-46BC-B1D1-910DF3771C94} (.text.Alloc_resource)
                  10286708    00000118     freertos.am273x.r5f.ti-arm-clang.release.lib : tasks.obj (.text.vTaskStartScheduler)
                  10286820    00000118     libclang_rt.builtins.a : udivmoddi4.S.obj (.text)
                  10286938    00000110     {203E5970-68FD-46BC-B1D1-910DF3771C94} (.text._ntoa_format)
                  10286a48    0000010c     libc.a : s_scalbnf.c.obj (.text.ldexpf)
                  10286b54    00000104     {203E5970-68FD-46BC-B1D1-910DF3771C94} (.text.EDMA_transferCompletionMasterIsrFxn)
                  10286c58    00000104     libc.a : getdevice.c.obj (.text.getdevice)
                  10286d5c    00000102     drivers.am273x.r5f.ti-arm-clang.release.lib : mibspi_v0.obj (.text.MIBSPI_dmaDoneCb)
                  10286e5e    00000002     {203E5970-68FD-46BC-B1D1-910DF3771C94} (.text.MIBSPI_edmaDoNothing)
                  10286e60    00000100     {203E5970-68FD-46BC-B1D1-910DF3771C94} (.text.prvAddNewTaskToReadyList)
                  10286f60    000000fc     drivers.am273x.r5f.ti-arm-clang.release.lib : mibspi_v0.obj (.text.MIBSPI_close)
                  1028705c    000000f0     {203E5970-68FD-46BC-B1D1-910DF3771C94} (.text.MMWave_gpioSpiIrqDevCallbackFxn)
                  1028714c    000000f0     freertos.am273x.r5f.ti-arm-clang.release.lib : port.obj (.text.vApplicationIdleHook)
                  1028723c    000000ee     {203E5970-68FD-46BC-B1D1-910DF3771C94} (.text.MIBSPI_ISR)
                  1028732a    00000002     {203E5970-68FD-46BC-B1D1-910DF3771C94} (.text.MMWave_maskHostIRQ)
                  1028732c    000000ec     common.oer5f (.text.Mmwave_ctrlTask)
                  10287418    000000ec     cascade_lvds_stream.oer5f (.text.allocateEDMAChannel)
                  10287504    000000ec     freertos.am273x.r5f.ti-arm-clang.release.lib : tasks.obj (.text.vTaskSwitchContext)
                  102875f0    000000e8                                                  : HeapP_freertos.obj (.text.HeapP_alloc)
                  102876d8    000000e8     drivers.am273x.r5f.ti-arm-clang.release.lib : soc.obj (.text.SOC_virtToPhy)
                  102877c0    000000e8     libmmwavelink_cascade_am273x.aer5f : rl_driver.oer5f (.text.rlDriverMsgReadSpawnCtx)
                  102878a8    000000e4     main_mss.oer5f (.text.Enable_BUCK4_ViaPMIC)
                  1028798c    000000e4     {203E5970-68FD-46BC-B1D1-910DF3771C94} (.text.__TI_closefile)
                  10287a70    000000e0     {203E5970-68FD-46BC-B1D1-910DF3771C94} (.text.strtok)
                  10287b50    000000e0     freertos.am273x.r5f.ti-arm-clang.release.lib : tasks.obj (.text.xTaskIncrementTick)
                  10287c30    000000d4     drivers.am273x.r5f.ti-arm-clang.release.lib : mibspi_soc.obj (.text.MIBSPI_socMemInit)
                  10287d04    000000d2     {203E5970-68FD-46BC-B1D1-910DF3771C94} (.text.MIBSPI_edmaFreeChResource)
                  10287dd6    00000002     {203E5970-68FD-46BC-B1D1-910DF3771C94} (.text.MMWave_unmaskHostIRQ)
                  10287dd8    000000d0     libmmwave_cascade_am273x.aer5f : mmwave_fullcfg.oer5f (.text.MMWave_addChirp)
                  10287ea8    000000c4     freertos.am273x.r5f.ti-arm-clang.release.lib : tasks.obj (.text.xTaskResumeAll)
                  10287f6c    000000c0     libtestlogger_am273x.aer5f : logger.oer5f (.text.MCPI_setFeatureTestResult)
                  1028802c    000000c0     freertos.am273x.r5f.ti-arm-clang.release.lib : tasks.obj (.text.xTaskCreateStatic)
                  102880ec    000000bc     {203E5970-68FD-46BC-B1D1-910DF3771C94} (.text._mcpy)
                  102881a8    000000bc     libc.a : fputc.c.obj (.text.fputc)
                  10288264    000000b8     {203E5970-68FD-46BC-B1D1-910DF3771C94} (.text.SOC_rcmGetCoreHsDivOut)
                  1028831c    000000b4     common.oer5f (.text.Mmwave_eventFxn)
                  102883d0    000000b0     libmmwave_cascade_am273x.aer5f : mmwave_link_common.oer5f (.text.MMWave_spawn)
                  10288480    000000ac     {203E5970-68FD-46BC-B1D1-910DF3771C94} (.text.Cascade_LVDSStream_EDMAAllocateCBUFFSwChannel)
                  1028852c    000000ac     {203E5970-68FD-46BC-B1D1-910DF3771C94} (.text.prvSampleTimeNow)
                  102885d8    000000a8     freertos.am273x.r5f.ti-arm-clang.release.lib : tasks.obj (.text.vTaskPriorityDisinheritAfterTimeout)
                  10288680    000000a6     {203E5970-68FD-46BC-B1D1-910DF3771C94} (.text._ntoa_long_long)
                  10288726    000000a4     {203E5970-68FD-46BC-B1D1-910DF3771C94} (.text.CSIRX_commonIsr)
                  102887ca    00000002     {203E5970-68FD-46BC-B1D1-910DF3771C94} (.text._out_char)
                  102887cc    000000a4     freertos.am273x.r5f.ti-arm-clang.release.lib : tasks.obj (.text.xTaskPriorityDisinherit)
                  10288870    000000a0     drivers.am273x.r5f.ti-arm-clang.release.lib : edma.obj (.text.EDMA_freeDmaChannel)
                  10288910    000000a0                                                 : edma.obj (.text.EDMA_freeParam)
                  102889b0    000000a0                                                 : edma.obj (.text.EDMA_freeTcc)
                  10288a50    000000a0                                                 : edma.obj (.text.EDMA_unregisterIntr)
                  10288af0    000000a0     {203E5970-68FD-46BC-B1D1-910DF3771C94} (.text.MMWave_configureProfile)
                  10288b90    000000a0     libmmwavelink_cascade_am273x.aer5f : rl_driver.oer5f (.text.rlDriverDeInit)
                  10288c30    000000a0     libc.a : memset32.S.obj (.text:memset)
                  10288cd0    0000009e     {203E5970-68FD-46BC-B1D1-910DF3771C94} (.text.EDMA_configureChannelRegion)
                  10288d6e    00000002     --HOLE-- [fill = 0]
                  10288d70    00000098     libc.a : _ltoa.c.obj (.text.__TI_ltoa)
                  10288e08    00000098     freertos.am273x.r5f.ti-arm-clang.release.lib : tasks.obj (.text.eTaskGetState)
                  10288ea0    00000094     drivers.am273x.r5f.ti-arm-clang.release.lib : edma.obj (.text.EDMA_registerIntr)
                  10288f34    00000094     libmmwave_cascade_am273x.aer5f : mmwave_fullcfg.oer5f (.text.MMWave_getPhaseShiftChirpHandle)
                  10288fc8    00000094     freertos.am273x.r5f.ti-arm-clang.release.lib : tasks.obj (.text.vTaskDelete)
                  1028905c    00000092     {203E5970-68FD-46BC-B1D1-910DF3771C94} (.text.prvInitialiseNewTask)
                  102890ee    00000002     --HOLE-- [fill = 0]
                  102890f0    00000090     {203E5970-68FD-46BC-B1D1-910DF3771C94} (.text.rlSetProfileConfig)
                  10289180    0000008c     freertos.am273x.r5f.ti-arm-clang.release.lib : tasks.obj (.text.xTaskCheckForTimeOut)
                  1028920c    00000088     libc.a : fflush.c.obj (.text.__TI_doflush)
                  10289294    00000088     {203E5970-68FD-46BC-B1D1-910DF3771C94} (.text._ecpy)
                  1028931c    00000088     freertos.am273x.r5f.ti-arm-clang.release.lib : port.obj (.text.pxPortInitialiseStack)
                  102893a4    00000084     {203E5970-68FD-46BC-B1D1-910DF3771C94} (.text.EDMA_rxCompletionIsrFxn)
                  10289428    00000084     {203E5970-68FD-46BC-B1D1-910DF3771C94} (.text.EDMA_txCompletionIsrFxn)
                  102894ac    00000084     libmmwave_cascade_am273x.aer5f : mmwave_link_spi_22xx.oer5f (.text.MMWave_fileWrite)
                  10289530    00000080     {203E5970-68FD-46BC-B1D1-910DF3771C94} (.text.CBUFF_ISR)
                  102895b0    00000080     drivers.am273x.r5f.ti-arm-clang.release.lib : cbuff_lvds.obj (.text.CBUFF_initLVDSLinkListParams)
                  10289630    00000080     {203E5970-68FD-46BC-B1D1-910DF3771C94} (.text.MMWave_enableDevice)
                  102896b0    00000080     {203E5970-68FD-46BC-B1D1-910DF3771C94} (.text._ntoa_long)
                  10289730    00000080     {203E5970-68FD-46BC-B1D1-910DF3771C94} (.text._pconv_f)
                  102897b0    00000080     freertos.am273x.r5f.ti-arm-clang.release.lib : tasks.obj (.text.xTaskPriorityInherit)
                  10289830    0000007c     libsysbm.a : hostrename.c.obj (.text.HOSTrename)
                  102898ac    0000007c     libmmwave_cascade_am273x.aer5f : mmwave_fullcfg.oer5f (.text.MMWave_getProfileCfg)
                  10289928    0000007c     {203E5970-68FD-46BC-B1D1-910DF3771C94} (.text.MMWave_spiRead)
                  102899a4    0000007c     {203E5970-68FD-46BC-B1D1-910DF3771C94} (.text.UART_txEdmaIsrFxn)
                  10289a20    0000007c     libc.a : s_frexp.c.obj (.text.frexp)
                  10289a9c    0000007c     freertos.am273x.r5f.ti-arm-clang.release.lib : tasks.obj (.text.vTaskGetInfo)
                  10289b18    0000007c                                                  : tasks.obj (.text.xTaskRemoveFromEventList)
                  10289b94    00000078     libsysbm.a : hostopen.c.obj (.text.HOSTopen)
                  10289c0c    00000078     libmmwave_cascade_am273x.aer5f : mmwave_fullcfg.oer5f (.text.MMWave_getPhaseShiftChirpCfg)
                  10289c84    00000078     {203E5970-68FD-46BC-B1D1-910DF3771C94} (.text.MMWave_waitIRQStatus)
                  10289cfc    00000078     {203E5970-68FD-46BC-B1D1-910DF3771C94} (.text.UART_rxEdmaIsrFxn)
                  10289d74    00000076     {203E5970-68FD-46BC-B1D1-910DF3771C94} (.text._out_rev)
                  10289dea    00000002     --HOLE-- [fill = 0]
                  10289dec    00000074     {203E5970-68FD-46BC-B1D1-910DF3771C94} (.text.MMWave_spiWrite)
                  10289e60    00000072     {203E5970-68FD-46BC-B1D1-910DF3771C94} (.text.MIBSPI_writeDataRAM)
                  10289ed2    00000002     --HOLE-- [fill = 0]
                  10289ed4    00000070     ti_drivers_open_close.oer5f (.text.Drivers_edmaClose)
                  10289f44    00000070     {203E5970-68FD-46BC-B1D1-910DF3771C94} (.text.prvUnlockQueue)
                  10289fb4    00000070     {203E5970-68FD-46BC-B1D1-910DF3771C94} (.text.snprintf)
                  1028a024    0000006c     libc.a : atoi.c.obj (.text.atoi)
                  1028a090    0000006c     main_mss.oer5f (.text.configureTransfer)
                  1028a0fc    00000068     libsysbm.a : hostlseek.c.obj (.text.HOSTlseek)
                  1028a164    00000066     {203E5970-68FD-46BC-B1D1-910DF3771C94} (.text.EDMA_disableTransferRegion)
                  1028a1ca    00000002     --HOLE-- [fill = 0]
                  1028a1cc    00000064     {203E5970-68FD-46BC-B1D1-910DF3771C94} (.text.Cascade_LVDSStream_EDMAFreeCBUFFSwChannel)
                  1028a230    00000064     libmmwavelink_cascade_am273x.aer5f : rl_driver.oer5f (.text.rlDriverHostIrqHandler)
                  1028a294    00000064     {203E5970-68FD-46BC-B1D1-910DF3771C94} (.text.rlRfSetPhaseShiftConfig)
                  1028a2f8    00000062     {203E5970-68FD-46BC-B1D1-910DF3771C94} (.text.MIBSPI_readDataRAM)
                  1028a35a    00000002     --HOLE-- [fill = 0]
                  1028a35c    00000060     {203E5970-68FD-46BC-B1D1-910DF3771C94} (.text.SOC_rcmGetADPLLJFout)
                  1028a3bc    00000060     {203E5970-68FD-46BC-B1D1-910DF3771C94} (.text._fcpy)
                  1028a41c    00000060     {203E5970-68FD-46BC-B1D1-910DF3771C94} (.text.fprintf)
                  1028a47c    00000060     {203E5970-68FD-46BC-B1D1-910DF3771C94} (.text.prvAddCurrentTaskToDelayedList)
                  1028a4dc    00000060     libmmwavelink_cascade_am273x.aer5f : rl_device.oer5f (.text.rlDevicePowerOff)
                  1028a53c    0000005c     freertos.am273x.r5f.ti-arm-clang.release.lib : DebugP_log.obj (.text._DebugP_assert)
                  1028a598    0000005c     {203E5970-68FD-46BC-B1D1-910DF3771C94} (.text.printf)
                  1028a5f4    00000058     libsysbm.a : hostread.c.obj (.text.HOSTread)
                  1028a64c    00000058                : hostwrite.c.obj (.text.HOSTwrite)
                  1028a6a4    00000058     {203E5970-68FD-46BC-B1D1-910DF3771C94} (.text.MIBSPI_enablePinSettings)
                  1028a6fc    00000058     freertos.am273x.r5f.ti-arm-clang.release.lib : SemaphoreP_freertos.obj (.text.SemaphoreP_destruct)
                  1028a754    00000058     libc.a : fopen.c.obj (.text.__TI_cleanup)
                  1028a7ac    00000058     libsysbm.a : trgmsg.c.obj (.text.__TI_readmsg)
                  1028a804    00000058                : trgmsg.c.obj (.text.__TI_writemsg)
                  1028a85c    00000058     {203E5970-68FD-46BC-B1D1-910DF3771C94} (.text._outs.147)
                  1028a8b4    00000058     {203E5970-68FD-46BC-B1D1-910DF3771C94} (.text._outs)
                  1028a90c    00000058     {203E5970-68FD-46BC-B1D1-910DF3771C94} (.text.rlDriverExecuteGetApi)
                  1028a964    00000058     libmmwavelink_cascade_am273x.aer5f : rl_driver.oer5f (.text.rlDriverExecuteSetApi)
                  1028a9bc    00000054     {203E5970-68FD-46BC-B1D1-910DF3771C94} (.text.CBUFF_ErrorISR)
                  1028aa10    00000054     libc.a : autoinit.c.obj (.text:__TI_auto_init_nobinit_nopinit)
                  1028aa64    00000050     drivers.am273x.r5f.ti-arm-clang.release.lib : edma.obj (.text.EDMA_allocDmaChannel)
                  1028aab4    00000050                                                 : edma.obj (.text.EDMA_allocParam)
                  1028ab04    00000050                                                 : edma.obj (.text.EDMA_allocTcc)
                  1028ab54    00000050     libsysbm.a : hostunlink.c.obj (.text.HOSTunlink)
                  1028aba4    00000050     libmmwave_cascade_am273x.aer5f : mmwave_osal.oer5f (.text.MMWave_osalMutexCreate)
                  1028abf4    00000050     {203E5970-68FD-46BC-B1D1-910DF3771C94} (.text.vsnprintf)
                  1028ac44    0000004c     libmmwave_cascade_am273x.aer5f : mmwave_osal.oer5f (.text.MMWave_osalSemCreate)
                  1028ac90    0000004c     {203E5970-68FD-46BC-B1D1-910DF3771C94} (.text.SOC_rcmGetXtalFrequency)
                  1028acdc    0000004c     {203E5970-68FD-46BC-B1D1-910DF3771C94} (.text.prvIdleTask)
                  1028ad28    0000004c     libmmwavelink_cascade_am273x.aer5f : rl_driver.oer5f (.text.rlDriverAsyncEventHandler)
                  1028ad74    0000004c     freertos.am273x.r5f.ti-arm-clang.release.lib : tasks.obj (.text.vTaskDelay)
                  1028adc0    0000004c                                                  : tasks.obj (.text.vTaskPlaceOnEventListRestricted)
                  1028ae0c    0000004c     {203E5970-68FD-46BC-B1D1-910DF3771C94} (.text.xTimerGenericCommand)
                  1028ae58    00000048     cascade_csirx.oer5f (.text.MmwCascade_csirx1EOLcallback)
                  1028aea0    00000048     freertos.am273x.r5f.ti-arm-clang.release.lib : SemaphoreP_freertos.obj (.text.SemaphoreP_constructMutex)
                  1028aee8    00000044                                                  : SemaphoreP_freertos.obj (.text.SemaphoreP_constructBinary)
                  1028af2c    00000044     {203E5970-68FD-46BC-B1D1-910DF3771C94} (.text.free_list_insert)
                  1028af70    00000044     {203E5970-68FD-46BC-B1D1-910DF3771C94} (.text.prvDeleteTCB)
                  1028afb4    00000042     {203E5970-68FD-46BC-B1D1-910DF3771C94} (.text.CSIRX_complexioSetLaneIntr)
                  1028aff6    00000002     --HOLE-- [fill = 0]
                  1028aff8    00000040     freertos.am273x.r5f.ti-arm-clang.release.lib : tasks.obj (.text.vTaskPlaceOnEventList)
                  1028b038    0000003e     libmmwavelink_cascade_am273x.aer5f : rl_driver.oer5f (.text.rlDeviceIdentifyCmdDir)
                  1028b076    00000002     --HOLE-- [fill = 0]
                  1028b078    0000003c     drivers.am273x.r5f.ti-arm-clang.release.lib : edma.obj (.text.EDMA_getBaseAddr)
                  1028b0b4    0000003c     freertos.am273x.r5f.ti-arm-clang.release.lib : HeapP_freertos.obj (.text.HeapP_construct)
                  1028b0f0    0000003c     cascade_csirx.oer5f (.text.MmwCascade_csirxCombinedEOFcallback)
                  1028b12c    0000003c     {203E5970-68FD-46BC-B1D1-910DF3771C94} (.text.prvInsertTimerInActiveList)
                  1028b168    0000003c     {203E5970-68FD-46BC-B1D1-910DF3771C94} (.text.rlDriverCalChkSum)
                  1028b1a4    0000003a     {203E5970-68FD-46BC-B1D1-910DF3771C94} (.text.prvInsertBlockIntoFreeList)
                  1028b1de    00000002     --HOLE-- [fill = 0]
                  1028b1e0    00000038     freertos.am273x.r5f.ti-arm-clang.release.lib : ClockP_freertos.obj (.text.ClockP_getTimeUsec)
                  1028b218    00000038     libsysbm.a : hostclose.c.obj (.text.HOSTclose)
                  1028b250    00000038     {203E5970-68FD-46BC-B1D1-910DF3771C94} (.text.MIBSPI_getPhase)
                  1028b288    00000038     {203E5970-68FD-46BC-B1D1-910DF3771C94} (.text.MIBSPI_getPolarity)
                  1028b2c0    00000038     {203E5970-68FD-46BC-B1D1-910DF3771C94} (.text.memccpy)
                  1028b2f8    00000036     drivers.am273x.r5f.ti-arm-clang.release.lib : edma.obj (.text.EDMA_clrMissEvtRegion)
                  1028b32e    00000002     --HOLE-- [fill = 0]
                  1028b330    00000034     freertos.am273x.r5f.ti-arm-clang.release.lib : ClockP_freertos.obj (.text.ClockP_usleep)
                  1028b364    00000034     {203E5970-68FD-46BC-B1D1-910DF3771C94} (.text.free_list_remove)
                  1028b398    00000034     libsysbm.a : write.c.obj (.text.write)
                  1028b3cc    00000032     {203E5970-68FD-46BC-B1D1-910DF3771C94} (.text.CBUFF_clearStatus)
                  1028b3fe    00000032     {203E5970-68FD-46BC-B1D1-910DF3771C94} (.text.EDMA_enableTransferRegion)
                  1028b430    00000030     drivers.am273x.r5f.ti-arm-clang.release.lib : cbuff_lvds.obj (.text.CBUFF_closeLVDS)
                  1028b460    00000030     {203E5970-68FD-46BC-B1D1-910DF3771C94} (.text.CLI_uartPrintf)
                  1028b490    00000030     {203E5970-68FD-46BC-B1D1-910DF3771C94} (.text.MMWave_spiOpen)
                  1028b4c0    00000030     freertos.am273x.r5f.ti-arm-clang.release.lib : PmuP_armv7r_asm.obj (.text.pmu)
                  1028b4f0    00000030                                                  : tasks.obj (.text.xTaskGetIdleTaskHandle)
                  1028b520    0000002e     drivers.am273x.r5f.ti-arm-clang.release.lib : crc.obj (.text.CRC_channelReset)
                  1028b54e    0000002e     freertos.am273x.r5f.ti-arm-clang.release.lib : list.obj (.text.vListInsert)
                  1028b57c    0000002c                                                  : ClockP_freertos.obj (.text.ClockP_timerTickIsr)
                  1028b5a8    0000002c     libclang_rt.builtins.a : divsi3.S.obj (.text.__divsi3)
                  1028b5d4    0000002c     {203E5970-68FD-46BC-B1D1-910DF3771C94} (.text._outc.146)
                  1028b600    0000002c     {203E5970-68FD-46BC-B1D1-910DF3771C94} (.text._outc)
                  1028b62c    0000002c     libc.a : exit.c.obj (.text.exit)
                  1028b658    0000002c     {203E5970-68FD-46BC-B1D1-910DF3771C94} (.text.puts)
                  1028b684    0000002c     libmmwavelink_cascade_am273x.aer5f : rl_sensor.oer5f (.text.rlEnableContMode)
                  1028b6b0    0000002c                                        : rl_sensor.oer5f (.text.rlRfSetMiscConfig)
                  1028b6dc    0000002c                                        : rl_sensor.oer5f (.text.rlSensorStart)
                  1028b708    0000002c                                        : rl_sensor.oer5f (.text.rlSetChannelConfig)
                  1028b734    0000002a     {203E5970-68FD-46BC-B1D1-910DF3771C94} (.text.CSIRX_complexioGetLanePendingIntr)
                  1028b75e    0000002a     {203E5970-68FD-46BC-B1D1-910DF3771C94} (.text.MIBSPI_checkTGComplete)
                  1028b788    00000028     {203E5970-68FD-46BC-B1D1-910DF3771C94} (.text.CLI_validateConfigSize)
                  1028b7b0    00000028     {203E5970-68FD-46BC-B1D1-910DF3771C94} (.text.MIBSPI_edmaMapTcc2DmaReqLine)
                  1028b7d8    00000028     {203E5970-68FD-46BC-B1D1-910DF3771C94} (.text.allocateEDMAShadowChannel)
                  1028b800    00000028     libmmwavelink_cascade_am273x.aer5f : rl_device.oer5f (.text.rlDeviceRfStart)
                  1028b828    00000028     {203E5970-68FD-46BC-B1D1-910DF3771C94} (.text.rlGetSubBlock)
                  1028b850    00000028     libmmwavelink_cascade_am273x.aer5f : rl_sensor.oer5f (.text.rlSensorStop)
                  1028b878    00000028     {203E5970-68FD-46BC-B1D1-910DF3771C94} (.text.strchr)
                  1028b8a0    00000028     freertos.am273x.r5f.ti-arm-clang.release.lib : port.obj (.text.vApplicationStackOverflowHook)
                  1028b8c8    00000026     drivers.am273x.r5f.ti-arm-clang.release.lib : edma.obj (.text.EDMA_readIntrStatusRegion)
                  1028b8ee    00000026                                                 : edma.obj (.text.EDMA_setPaRAM)
                  1028b914    00000026     {203E5970-68FD-46BC-B1D1-910DF3771C94} (.text.UART_txChar)
                  1028b93a    00000002     --HOLE-- [fill = 0]
                  1028b93c    00000024     {203E5970-68FD-46BC-B1D1-910DF3771C94} (.text.CLI_getChirpsPerFrame)
                  1028b960    00000024     ti_drivers_open_close.oer5f (.text.Drivers_mibspiClose)
                  1028b984    00000024     drivers.am273x.r5f.ti-arm-clang.release.lib : edma.obj (.text.EDMA_getHandle)
                  1028b9a8    00000024     {203E5970-68FD-46BC-B1D1-910DF3771C94} (.text.UART_rxChar)
                  1028b9cc    00000024     libclang_rt.builtins.a : aeabi_uldivmod.S.obj (.text.__aeabi_uldivmod)
                  1028b9f0    00000024     {203E5970-68FD-46BC-B1D1-910DF3771C94} (.text._atoi)
                  1028ba14    00000024     {203E5970-68FD-46BC-B1D1-910DF3771C94} (.text.prvCopyDataFromQueue)
                  1028ba38    00000024     {203E5970-68FD-46BC-B1D1-910DF3771C94} (.text.prvResetNextTaskUnblockTime)
                  1028ba5c    00000024     freertos.am273x.r5f.ti-arm-clang.release.lib : port.obj (.text.vPortTimerTickHandler)
                  1028ba80    00000024                                                  : queue.obj (.text.vQueueAddToRegistry)
                  1028baa4    00000024                                                  : tasks.obj (.text.vTaskExitCritical)
                  1028bac8    00000022     {203E5970-68FD-46BC-B1D1-910DF3771C94} (.text.CSIRX_contextEnableOrDisable)
                  1028baea    00000022     drivers.am273x.r5f.ti-arm-clang.release.lib : edma.obj (.text.EDMA_linkChannel)
                  1028bb0c    00000022                                                 : gpio_v1.obj (.text.GPIO_setDirMode)
                  1028bb2e    00000022     {203E5970-68FD-46BC-B1D1-910DF3771C94} (.text.MIBSPI_transferGroupDisable)
                  1028bb50    00000022     {203E5970-68FD-46BC-B1D1-910DF3771C94} (.text.uxListRemove)
                  1028bb72    00000020     {203E5970-68FD-46BC-B1D1-910DF3771C94} (.text.CBUFF_initLinkedList)
                  1028bb92    00000002     --HOLE-- [fill = 0]
                  1028bb94    00000020     {203E5970-68FD-46BC-B1D1-910DF3771C94} (.text.CSIRX_init)
                  1028bbb4    00000020     {203E5970-68FD-46BC-B1D1-910DF3771C94} (.text.DebugP_logZoneEnable)
                  1028bbd4    00000020     {203E5970-68FD-46BC-B1D1-910DF3771C94} (.text.strlen.154)
                  1028bbf4    00000020     {203E5970-68FD-46BC-B1D1-910DF3771C94} (.text.strlen)
                  1028bc14    00000020     freertos.am273x.r5f.ti-arm-clang.release.lib : heap_3.obj (.text.vPortFree)
                  1028bc34    0000001e     {203E5970-68FD-46BC-B1D1-910DF3771C94} (.text.MIBSPI_resetTransactionState)
                  1028bc52    0000001c     libmmwave_cascade_am273x.aer5f : mmwave_link_common.oer5f (.text.MMWave_internalLinkSync)
                  1028bc6e    00000002     --HOLE-- [fill = 0]
                  1028bc70    0000001c     {203E5970-68FD-46BC-B1D1-910DF3771C94} (.text.strcpy)
                  1028bc8c    0000001c     libc.a : wcslen.c.obj (.text.wcslen)
                  1028bca8    0000001a     drivers.am273x.r5f.ti-arm-clang.release.lib : cbuff_lvds.obj (.text.CBUFF_finalizeLVDSLinkListParams)
                  1028bcc2    0000001a     {203E5970-68FD-46BC-B1D1-910DF3771C94} (.text.SOC_rcmGetClkSrcFromClkSelVal)
                  1028bcdc    00000018     {203E5970-68FD-46BC-B1D1-910DF3771C94} (.text.CBUFF_validateBufferCfg)
                  1028bcf4    00000018     ti_drivers_open_close.oer5f (.text.Drivers_uartClose)
                  1028bd0c    00000018     drivers.am273x.r5f.ti-arm-clang.release.lib : gpio_v1.obj (.text.GPIO_pinRead)
                  1028bd24    00000018     libmmwave_cascade_am273x.aer5f : mmwave_listlib.oer5f (.text.MMWave_listRemove)
                  1028bd3c    00000018                                    : mmwave_osal.oer5f (.text.MMWave_osalMutexLock)
                  1028bd54    00000018     freertos.am273x.r5f.ti-arm-clang.release.lib : boot_armv7r.obj (.text._system_pre_init)
                  1028bd6c    00000018     {203E5970-68FD-46BC-B1D1-910DF3771C94} (.text.prvIsQueueEmpty)
                  1028bd84    00000018     freertos.am273x.r5f.ti-arm-clang.release.lib : tasks.obj (.text.pvTaskIncrementMutexHeldCount)
                  1028bd9c    00000018                                                  : list.obj (.text.vListInsertEnd)
                  1028bdb4    00000018                                                  : tasks.obj (.text.vTaskEnterCritical)
                  1028bdcc    00000018                                                  : port.obj (.text.xPortStartScheduler)
                  1028bde4    00000018                                                  : tasks.obj (.text.xTaskGetTickCount)
                  1028bdfc    00000014     {203E5970-68FD-46BC-B1D1-910DF3771C94} (.text.CSIRX_commonStartOfFrameIntr0Isr)
                  1028be10    00000014     {203E5970-68FD-46BC-B1D1-910DF3771C94} (.text.CSIRX_commonStartOfFrameIntr1Isr)
                  1028be24    00000014     {203E5970-68FD-46BC-B1D1-910DF3771C94} (.text.Cascade_LVDSStream_SwTriggerFrameDone)
                  1028be38    00000014     drivers.am273x.r5f.ti-arm-clang.release.lib : edma.obj (.text.EDMA_getRegionId)
                  1028be4c    00000012     libmmwave_cascade_am273x.aer5f : mmwave_osal.oer5f (.text.MMWave_osalSemWait)
                  1028be5e    00000012     {203E5970-68FD-46BC-B1D1-910DF3771C94} (.text.countBits)
                  1028be70    00000010     {203E5970-68FD-46BC-B1D1-910DF3771C94} (.text.CSIRX_commonCombinedEndOfFrameIsr)
                  1028be80    00000010     {203E5970-68FD-46BC-B1D1-910DF3771C94} (.text.CSIRX_commonCombinedEndOfLineIsr)
                  1028be90    00000010     {203E5970-68FD-46BC-B1D1-910DF3771C94} (.text.MMWave_registerInterruptHandler)
                  1028bea0    00000010     libclang_rt.builtins.a : aeabi_memset.S.obj (.text.__aeabi_memset)
                  1028beb0    00000010     {203E5970-68FD-46BC-B1D1-910DF3771C94} (.text.strlen.724)
                  1028bec0    0000000c     libmmwave_cascade_am273x.aer5f : mmwave_osal.oer5f (.text.MMWave_osalMutexDelete)
                  1028becc    0000000c                                    : mmwave_osal.oer5f (.text.MMWave_osalMutexUnlock)
                  1028bed8    0000000c                                    : mmwave_osal.oer5f (.text.MMWave_osalSemDelete)
                  1028bee4    0000000c                                    : mmwave_osal.oer5f (.text.MMWave_osalSemSignal)
                  1028bef0    0000000c     libclang_rt.builtins.a : aeabi_memset.S.obj (.text.__aeabi_memclr)
                  1028befc    0000000c     freertos.am273x.r5f.ti-arm-clang.release.lib : CpuId_armv7r_asm.obj (.text)
                  1028bf08    00000006     {203E5970-68FD-46BC-B1D1-910DF3771C94} (.text.prvTaskExitError)
                  1028bf0e    00000002     --HOLE-- [fill = 0]
                  1028bf10    00000004     libclang_rt.builtins.a : aeabi_memcpy.S.obj (.text.__aeabi_memcpy)
                  1028bf14    00000004     {203E5970-68FD-46BC-B1D1-910DF3771C94} (.text._outc.159)
                  1028bf18    00000004     {203E5970-68FD-46BC-B1D1-910DF3771C94} (.text._outc.32)
                  1028bf1c    00000004     {203E5970-68FD-46BC-B1D1-910DF3771C94} (.text._outs.160)
                  1028bf20    0000000c     libc.a : strcmp32.S.obj (.text)
                  1028bf2c    00000004     {203E5970-68FD-46BC-B1D1-910DF3771C94} (.text._outs.33)
                  1028bf30    00000004     {203E5970-68FD-46BC-B1D1-910DF3771C94} (.text.fclose)
                  1028bf34    00000008     libclang_rt.builtins.a : aeabi_memcpy.S.obj (.tramp.__aeabi_memcpy.1)
                  1028bf3c    00000008     freertos.am273x.r5f.ti-arm-clang.release.lib : HwiP_armv7r_asm.obj (.tramp.HwiP_restore.1)
                  1028bf44    00000008                                                  : HwiP_armv7r_asm.obj (.tramp.HwiP_enable.1)
                  1028bf4c    00000014     --HOLE-- [fill = 0]

.rodata    0    1028bf60    00004b20     
                  1028bf60    00000270     {203E5970-68FD-46BC-B1D1-910DF3771C94} (.rodata.gSocRcmADPLLJConfigTbl)
                  1028c1d0    0000013f     {203E5970-68FD-46BC-B1D1-910DF3771C94} (.rodata.str1.11549517222160279497.1)
                  1028c30f    00000001     --HOLE-- [fill = 0]
                  1028c310    00000101     libc.a : aeabi_ctype.S.obj (.rodata:__aeabi_ctype_table_)
                  1028c411    00000003     {203E5970-68FD-46BC-B1D1-910DF3771C94} (.rodata.str1.474610846682953203.1)
                  1028c414    000000d8     ti_drivers_open_close.oer5f (.rodata.gMibspiOpenParams)
                  1028c4ec    00000098     {203E5970-68FD-46BC-B1D1-910DF3771C94} (.rodata.gPinMuxMainDomainCfg)
                  1028c584    0000008c     {203E5970-68FD-46BC-B1D1-910DF3771C94} (.rodata.str1.15489572737629160270.1)
                  1028c610    00000082     {203E5970-68FD-46BC-B1D1-910DF3771C94} (.rodata.str1.3568461549821553994.1)
                  1028c692    0000007f     {203E5970-68FD-46BC-B1D1-910DF3771C94} (.rodata.str1.935713870010809329.1)
                  1028c711    0000006b     {203E5970-68FD-46BC-B1D1-910DF3771C94} (.rodata.str1.9394625218149024795.1)
                  1028c77c    00000063     {203E5970-68FD-46BC-B1D1-910DF3771C94} (.rodata.str1.6069377085365005306.1)
                  1028c7df    00000062     {203E5970-68FD-46BC-B1D1-910DF3771C94} (.rodata.str1.7452208122336253269.1)
                  1028c841    00000061     {203E5970-68FD-46BC-B1D1-910DF3771C94} (.rodata.str1.16733534387100454224.1)
                  1028c8a2    0000005f     {203E5970-68FD-46BC-B1D1-910DF3771C94} (.rodata.str1.12420656939446119214.1)
                  1028c901    0000005d     {203E5970-68FD-46BC-B1D1-910DF3771C94} (.rodata.str1.5643951069442128540.1)
                  1028c95e    0000005c     {203E5970-68FD-46BC-B1D1-910DF3771C94} (.rodata.str1.16123300321185486069.1)
                  1028c9ba    00000059     {203E5970-68FD-46BC-B1D1-910DF3771C94} (.rodata.str1.12595120539327777177.1)
                  1028ca13    00000059     {203E5970-68FD-46BC-B1D1-910DF3771C94} (.rodata.str1.7579943706118776166.1)
                  1028ca6c    00000057     {203E5970-68FD-46BC-B1D1-910DF3771C94} (.rodata.str1.16851486938855213335.1)
                  1028cac3    00000001     --HOLE-- [fill = 0]
                  1028cac4    00000054     ti_dpl_config.oer5f (.rodata.cfg)
                  1028cb18    00000053     {203E5970-68FD-46BC-B1D1-910DF3771C94} (.rodata.str1.4545792809383673217.1)
                  1028cb6b    00000051     {203E5970-68FD-46BC-B1D1-910DF3771C94} (.rodata.str1.5395657586071776190.1)
                  1028cbbc    00000004     freertos.am273x.r5f.ti-arm-clang.release.lib : CacheP_armv7r.obj (.rodata.gCacheL1dCacheLineSize)
                  1028cbc0    00000050     {203E5970-68FD-46BC-B1D1-910DF3771C94} (.rodata._ftoa.pow10)
                  1028cc10    00000050     {203E5970-68FD-46BC-B1D1-910DF3771C94} (.rodata.str1.11704984100509287937.1)
                  1028cc60    00000050     {203E5970-68FD-46BC-B1D1-910DF3771C94} (.rodata.str1.415957320767856817.1)
                  1028ccb0    0000004d     {203E5970-68FD-46BC-B1D1-910DF3771C94} (.rodata.str1.1647177643344896048.1)
                  1028ccfd    0000004b     {203E5970-68FD-46BC-B1D1-910DF3771C94} (.rodata.str1.369694166899078415.1)
                  1028cd48    0000004a     {203E5970-68FD-46BC-B1D1-910DF3771C94} (.rodata.str1.11185289688286334073.1)
                  1028cd92    0000004a     {203E5970-68FD-46BC-B1D1-910DF3771C94} (.rodata.str1.16071118471686489801.1)
                  1028cddc    00000049     {203E5970-68FD-46BC-B1D1-910DF3771C94} (.rodata.str1.1549235219126328594.1)
                  1028ce25    00000047     {203E5970-68FD-46BC-B1D1-910DF3771C94} (.rodata.str1.13658857479975559879.1)
                  1028ce6c    00000047     {203E5970-68FD-46BC-B1D1-910DF3771C94} (.rodata.str1.5239029084251048222.1)
                  1028ceb3    00000046     {203E5970-68FD-46BC-B1D1-910DF3771C94} (.rodata.str1.18000584088544161916.1)
                  1028cef9    00000044     {203E5970-68FD-46BC-B1D1-910DF3771C94} (.rodata.str1.14008346329721996179.1)
                  1028cf3d    00000042     {203E5970-68FD-46BC-B1D1-910DF3771C94} (.rodata.str1.17119381524445397810.1)
                  1028cf7f    00000042     {203E5970-68FD-46BC-B1D1-910DF3771C94} (.rodata.str1.18280375125941940330.1)
                  1028cfc1    00000042     {203E5970-68FD-46BC-B1D1-910DF3771C94} (.rodata.str1.3333703915057270637.1)
                  1028d003    00000042     {203E5970-68FD-46BC-B1D1-910DF3771C94} (.rodata.str1.8643192258953320244.1)
                  1028d045    00000041     {203E5970-68FD-46BC-B1D1-910DF3771C94} (.rodata.str1.16855152853198985622.1)
                  1028d086    00000041     {203E5970-68FD-46BC-B1D1-910DF3771C94} (.rodata.str1.3225015999365631260.1)
                  1028d0c7    00000001     --HOLE-- [fill = 0]
                  1028d0c8    00000040     {203E5970-68FD-46BC-B1D1-910DF3771C94} (.rodata.digits)
                  1028d108    00000040     {203E5970-68FD-46BC-B1D1-910DF3771C94} (.rodata.gSocRcmXtalInfo)
                  1028d148    00000040     {203E5970-68FD-46BC-B1D1-910DF3771C94} (.rodata.str1.12467285561827072696.1)
                  1028d188    00000040     {203E5970-68FD-46BC-B1D1-910DF3771C94} (.rodata.str1.12626670851419487172.1)
                  1028d1c8    00000040     {203E5970-68FD-46BC-B1D1-910DF3771C94} (.rodata.str1.4217583686607928111.1)
                  1028d208    00000040     {203E5970-68FD-46BC-B1D1-910DF3771C94} (.rodata.str1.5455807559237547042.1)
                  1028d248    00000040     {203E5970-68FD-46BC-B1D1-910DF3771C94} (.rodata.str1.988121629602268728.1)
                  1028d288    0000003f     {203E5970-68FD-46BC-B1D1-910DF3771C94} (.rodata.str1.12614782775550208090.1)
                  1028d2c7    0000003f     {203E5970-68FD-46BC-B1D1-910DF3771C94} (.rodata.str1.6639191679005124535.1)
                  1028d306    0000003f     {203E5970-68FD-46BC-B1D1-910DF3771C94} (.rodata.str1.7979543888230887608.1)
                  1028d345    0000003e     {203E5970-68FD-46BC-B1D1-910DF3771C94} (.rodata.str1.5867393545191441450.1)
                  1028d383    0000003e     {203E5970-68FD-46BC-B1D1-910DF3771C94} (.rodata.str1.7248597736941404440.1)
                  1028d3c1    0000003d     {203E5970-68FD-46BC-B1D1-910DF3771C94} (.rodata.str1.15333335336306860104.1)
                  1028d3fe    0000003d     {203E5970-68FD-46BC-B1D1-910DF3771C94} (.rodata.str1.16363306501005725073.1)
                  1028d43b    0000003d     {203E5970-68FD-46BC-B1D1-910DF3771C94} (.rodata.str1.4974391245292645797.1)
                  1028d478    0000003d     {203E5970-68FD-46BC-B1D1-910DF3771C94} (.rodata.str1.8929246036205116268.1)
                  1028d4b5    0000003d     {203E5970-68FD-46BC-B1D1-910DF3771C94} (.rodata.str1.9142754972178176391.1)
                  1028d4f2    00000002     {203E5970-68FD-46BC-B1D1-910DF3771C94} (.rodata.str1.1932890280186991035.1)
                  1028d4f4    0000003c     ti_power_clock_config.oer5f (.rodata.gSocModulesClockFrequency)
                  1028d530    0000003c     {203E5970-68FD-46BC-B1D1-910DF3771C94} (.rodata.str1.10914152457598134795.1)
                  1028d56c    0000003c     {203E5970-68FD-46BC-B1D1-910DF3771C94} (.rodata.str1.18298366676390901967.1)
                  1028d5a8    0000003c     {203E5970-68FD-46BC-B1D1-910DF3771C94} (.rodata.str1.18383736248988402566.1)
                  1028d5e4    0000003c     {203E5970-68FD-46BC-B1D1-910DF3771C94} (.rodata.str1.5487084172370186406.1)
                  1028d620    0000003b     {203E5970-68FD-46BC-B1D1-910DF3771C94} (.rodata.str1.13745251434663503109.1)
                  1028d65b    0000003b     {203E5970-68FD-46BC-B1D1-910DF3771C94} (.rodata.str1.5840009456700410944.1)
                  1028d696    0000003b     {203E5970-68FD-46BC-B1D1-910DF3771C94} (.rodata.str1.7491993239408953707.1)
                  1028d6d1    0000003a     {203E5970-68FD-46BC-B1D1-910DF3771C94} (.rodata.str1.8781301953493706040.1)
                  1028d70b    00000039     {203E5970-68FD-46BC-B1D1-910DF3771C94} (.rodata.str1.12675618556841799795.1)
                  1028d744    00000039     {203E5970-68FD-46BC-B1D1-910DF3771C94} (.rodata.str1.2043102123910183314.1)
                  1028d77d    00000039     {203E5970-68FD-46BC-B1D1-910DF3771C94} (.rodata.str1.5288049560598607670.1)
                  1028d7b6    00000039     {203E5970-68FD-46BC-B1D1-910DF3771C94} (.rodata.str1.9776565450443705635.1)
                  1028d7ef    00000001     --HOLE-- [fill = 0]
                  1028d7f0    00000038     ti_drivers_open_close.oer5f (.rodata.gUartParams)
                  1028d828    00000038     {203E5970-68FD-46BC-B1D1-910DF3771C94} (.rodata.str1.13957737806124936715.1)
                  1028d860    00000038     {203E5970-68FD-46BC-B1D1-910DF3771C94} (.rodata.str1.2616430359395218920.1)
                  1028d898    00000038     {203E5970-68FD-46BC-B1D1-910DF3771C94} (.rodata.str1.3218897347754341040.1)
                  1028d8d0    00000037     {203E5970-68FD-46BC-B1D1-910DF3771C94} (.rodata.str1.13145643248078626753.1)
                  1028d907    00000037     {203E5970-68FD-46BC-B1D1-910DF3771C94} (.rodata.str1.14144237492009350508.1)
                  1028d93e    00000037     {203E5970-68FD-46BC-B1D1-910DF3771C94} (.rodata.str1.14326563606022736846.1)
                  1028d975    00000037     {203E5970-68FD-46BC-B1D1-910DF3771C94} (.rodata.str1.15560014301001620539.1)
                  1028d9ac    00000037     {203E5970-68FD-46BC-B1D1-910DF3771C94} (.rodata.str1.6778076060421305916.1)
                  1028d9e3    00000037     {203E5970-68FD-46BC-B1D1-910DF3771C94} (.rodata.str1.8702239324041680261.1)
                  1028da1a    00000037     {203E5970-68FD-46BC-B1D1-910DF3771C94} (.rodata.str1.9571831365752425223.1)
                  1028da51    00000036     {203E5970-68FD-46BC-B1D1-910DF3771C94} (.rodata.str1.16329871980696407470.1)
                  1028da87    00000036     {203E5970-68FD-46BC-B1D1-910DF3771C94} (.rodata.str1.2374930628651260105.1)
                  1028dabd    00000036     {203E5970-68FD-46BC-B1D1-910DF3771C94} (.rodata.str1.4445036064785734093.1)
                  1028daf3    00000036     {203E5970-68FD-46BC-B1D1-910DF3771C94} (.rodata.str1.496681157919567127.1)
                  1028db29    00000036     {203E5970-68FD-46BC-B1D1-910DF3771C94} (.rodata.str1.6830549780028784333.1)
                  1028db5f    00000035     {203E5970-68FD-46BC-B1D1-910DF3771C94} (.rodata.str1.11477709987339859837.1)
                  1028db94    00000035     {203E5970-68FD-46BC-B1D1-910DF3771C94} (.rodata.str1.13791258149020473201.1)
                  1028dbc9    00000035     {203E5970-68FD-46BC-B1D1-910DF3771C94} (.rodata.str1.14295567860848356384.1)
                  1028dbfe    00000035     {203E5970-68FD-46BC-B1D1-910DF3771C94} (.rodata.str1.3425896415925737334.1)
                  1028dc33    00000034     {203E5970-68FD-46BC-B1D1-910DF3771C94} (.rodata.str1.13265296920219243681.1)
                  1028dc67    00000034     {203E5970-68FD-46BC-B1D1-910DF3771C94} (.rodata.str1.15040763016645173146.1)
                  1028dc9b    00000034     {203E5970-68FD-46BC-B1D1-910DF3771C94} (.rodata.str1.3122252897644418791.1)
                  1028dccf    00000033     {203E5970-68FD-46BC-B1D1-910DF3771C94} (.rodata.str1.11315205097892556202.1)
                  1028dd02    00000033     {203E5970-68FD-46BC-B1D1-910DF3771C94} (.rodata.str1.3025466164523126358.1)
                  1028dd35    00000033     {203E5970-68FD-46BC-B1D1-910DF3771C94} (.rodata.str1.3193600907953316458.1)
                  1028dd68    00000032     {203E5970-68FD-46BC-B1D1-910DF3771C94} (.rodata.str1.10567118333480672041.1)
                  1028dd9a    00000032     {203E5970-68FD-46BC-B1D1-910DF3771C94} (.rodata.str1.10717520469120833513.1)
                  1028ddcc    00000032     {203E5970-68FD-46BC-B1D1-910DF3771C94} (.rodata.str1.13003990913292051511.1)
                  1028ddfe    00000032     {203E5970-68FD-46BC-B1D1-910DF3771C94} (.rodata.str1.7420614542962252157.1)
                  1028de30    00000031     {203E5970-68FD-46BC-B1D1-910DF3771C94} (.rodata.str1.1133310252876044341.1)
                  1028de61    00000031     {203E5970-68FD-46BC-B1D1-910DF3771C94} (.rodata.str1.13803996183254521830.1)
                  1028de92    00000031     {203E5970-68FD-46BC-B1D1-910DF3771C94} (.rodata.str1.15116422761637055409.1)
                  1028dec3    00000031     {203E5970-68FD-46BC-B1D1-910DF3771C94} (.rodata.str1.3164040179291017478.1)
                  1028def4    00000031     {203E5970-68FD-46BC-B1D1-910DF3771C94} (.rodata.str1.6014691303080722140.1)
                  1028df25    00000002     {203E5970-68FD-46BC-B1D1-910DF3771C94} (.rodata.str1.3223463285459973556.1)
                  1028df27    00000001     --HOLE-- [fill = 0]
                  1028df28    00000030     {203E5970-68FD-46BC-B1D1-910DF3771C94} (.rodata.cst16)
                  1028df58    0000002f     {203E5970-68FD-46BC-B1D1-910DF3771C94} (.rodata.str1.10736003951895666366.1)
                  1028df87    0000002f     {203E5970-68FD-46BC-B1D1-910DF3771C94} (.rodata.str1.12745926937464156588.1)
                  1028dfb6    0000002f     {203E5970-68FD-46BC-B1D1-910DF3771C94} (.rodata.str1.13873150295766803961.1)
                  1028dfe5    0000002f     {203E5970-68FD-46BC-B1D1-910DF3771C94} (.rodata.str1.14487092576800130242.1)
                  1028e014    0000002f     {203E5970-68FD-46BC-B1D1-910DF3771C94} (.rodata.str1.3097059134915910140.1)
                  1028e043    0000002f     {203E5970-68FD-46BC-B1D1-910DF3771C94} (.rodata.str1.5372827619904124901.1)
                  1028e072    0000002f     {203E5970-68FD-46BC-B1D1-910DF3771C94} (.rodata.str1.5740628644060251990.1)
                  1028e0a1    0000002e     {203E5970-68FD-46BC-B1D1-910DF3771C94} (.rodata.str1.11522457343241406008.1)
                  1028e0cf    0000002e     {203E5970-68FD-46BC-B1D1-910DF3771C94} (.rodata.str1.12266916504686681761.1)
                  1028e0fd    0000002e     {203E5970-68FD-46BC-B1D1-910DF3771C94} (.rodata.str1.13341988216064122737.1)
                  1028e12b    0000002e     {203E5970-68FD-46BC-B1D1-910DF3771C94} (.rodata.str1.14972314634907584415.1)
                  1028e159    0000002e     {203E5970-68FD-46BC-B1D1-910DF3771C94} (.rodata.str1.18024986491098160233.1)
                  1028e187    0000002e     {203E5970-68FD-46BC-B1D1-910DF3771C94} (.rodata.str1.18048502197637819171.1)
                  1028e1b5    0000002e     {203E5970-68FD-46BC-B1D1-910DF3771C94} (.rodata.str1.1808630310306406740.1)
                  1028e1e3    0000002e     {203E5970-68FD-46BC-B1D1-910DF3771C94} (.rodata.str1.183689935079718271.1)
                  1028e211    0000002e     {203E5970-68FD-46BC-B1D1-910DF3771C94} (.rodata.str1.6084005488128075423.1)
                  1028e23f    0000002e     {203E5970-68FD-46BC-B1D1-910DF3771C94} (.rodata.str1.6176171337096547680.1)
                  1028e26d    0000002e     {203E5970-68FD-46BC-B1D1-910DF3771C94} (.rodata.str1.7194626331180367240.1)
                  1028e29b    0000002d     {203E5970-68FD-46BC-B1D1-910DF3771C94} (.rodata.str1.10843303851342507824.1)
                  1028e2c8    0000002c     {203E5970-68FD-46BC-B1D1-910DF3771C94} (.rodata.str1.12631945533921312059.1)
                  1028e2f4    0000002c     {203E5970-68FD-46BC-B1D1-910DF3771C94} (.rodata.str1.18208369153588666010.1)
                  1028e320    0000002c     {203E5970-68FD-46BC-B1D1-910DF3771C94} (.rodata.str1.2691032914511146553.1)
                  1028e34c    0000002c     {203E5970-68FD-46BC-B1D1-910DF3771C94} (.rodata.str1.2912456829681187120.1)
                  1028e378    0000002c     {203E5970-68FD-46BC-B1D1-910DF3771C94} (.rodata.str1.2920504002684656390.1)
                  1028e3a4    0000002c     {203E5970-68FD-46BC-B1D1-910DF3771C94} (.rodata.str1.657785769451347924.1)
                  1028e3d0    0000002c     {203E5970-68FD-46BC-B1D1-910DF3771C94} (.rodata.str1.7260120516945316552.1)
                  1028e3fc    0000002c     {203E5970-68FD-46BC-B1D1-910DF3771C94} (.rodata.str1.7812899130232122624.1)
                  1028e428    0000002c     {203E5970-68FD-46BC-B1D1-910DF3771C94} (.rodata.str1.9187428440483605644.1)
                  1028e454    0000002c     {203E5970-68FD-46BC-B1D1-910DF3771C94} (.rodata.str1.9885902480399444533.1)
                  1028e480    0000002b     {203E5970-68FD-46BC-B1D1-910DF3771C94} (.rodata.str1.10600635088944167401.1)
                  1028e4ab    0000002b     {203E5970-68FD-46BC-B1D1-910DF3771C94} (.rodata.str1.16458136454850407824.1)
                  1028e4d6    0000002b     {203E5970-68FD-46BC-B1D1-910DF3771C94} (.rodata.str1.17042840446537004866.1)
                  1028e501    0000002b     {203E5970-68FD-46BC-B1D1-910DF3771C94} (.rodata.str1.6951202101945594806.1)
                  1028e52c    0000002b     {203E5970-68FD-46BC-B1D1-910DF3771C94} (.rodata.str1.9235382016947754680.1)
                  1028e557    0000002a     {203E5970-68FD-46BC-B1D1-910DF3771C94} (.rodata.str1.13043738062513274410.1)
                  1028e581    0000002a     {203E5970-68FD-46BC-B1D1-910DF3771C94} (.rodata.str1.16734529894932125862.1)
                  1028e5ab    0000002a     {203E5970-68FD-46BC-B1D1-910DF3771C94} (.rodata.str1.3332280520457062810.1)
                  1028e5d5    0000002a     {203E5970-68FD-46BC-B1D1-910DF3771C94} (.rodata.str1.6002276857950823008.1)
                  1028e5ff    0000002a     {203E5970-68FD-46BC-B1D1-910DF3771C94} (.rodata.str1.6460544749039561.1)
                  1028e629    0000002a     {203E5970-68FD-46BC-B1D1-910DF3771C94} (.rodata.str1.6946371242775798973.1)
                  1028e653    0000002a     {203E5970-68FD-46BC-B1D1-910DF3771C94} (.rodata.str1.8199346237674135121.1)
                  1028e67d    0000002a     {203E5970-68FD-46BC-B1D1-910DF3771C94} (.rodata.str1.8474751081149379519.1)
                  1028e6a7    0000002a     {203E5970-68FD-46BC-B1D1-910DF3771C94} (.rodata.str1.8654663044476872545.1)
                  1028e6d1    00000029     {203E5970-68FD-46BC-B1D1-910DF3771C94} (.rodata.str1.12268873216441623881.1)
                  1028e6fa    00000029     {203E5970-68FD-46BC-B1D1-910DF3771C94} (.rodata.str1.1497277182996258888.1)
                  1028e723    00000029     {203E5970-68FD-46BC-B1D1-910DF3771C94} (.rodata.str1.166659775961621335.1)
                  1028e74c    00000029     {203E5970-68FD-46BC-B1D1-910DF3771C94} (.rodata.str1.312459300366913422.1)
                  1028e775    00000029     {203E5970-68FD-46BC-B1D1-910DF3771C94} (.rodata.str1.3454956589997530309.1)
                  1028e79e    00000029     {203E5970-68FD-46BC-B1D1-910DF3771C94} (.rodata.str1.3688691182607116484.1)
                  1028e7c7    00000029     {203E5970-68FD-46BC-B1D1-910DF3771C94} (.rodata.str1.3998497283302777830.1)
                  1028e7f0    00000029     {203E5970-68FD-46BC-B1D1-910DF3771C94} (.rodata.str1.4769201392388100943.1)
                  1028e819    00000029     {203E5970-68FD-46BC-B1D1-910DF3771C94} (.rodata.str1.6531295398022446634.1)
                  1028e842    00000029     {203E5970-68FD-46BC-B1D1-910DF3771C94} (.rodata.str1.9112201447341555242.1)
                  1028e86b    00000029     {203E5970-68FD-46BC-B1D1-910DF3771C94} (.rodata.str1.9857435039156408742.1)
                  1028e894    00000028     {203E5970-68FD-46BC-B1D1-910DF3771C94} (.rodata.str1.15008180995940510463.1)
                  1028e8bc    00000028     {203E5970-68FD-46BC-B1D1-910DF3771C94} (.rodata.str1.17392138502404820346.1)
                  1028e8e4    00000028     {203E5970-68FD-46BC-B1D1-910DF3771C94} (.rodata.str1.89800033972521044.1)
                  1028e90c    00000027     {203E5970-68FD-46BC-B1D1-910DF3771C94} (.rodata.str1.11315684441409680091.1)
                  1028e933    00000027     {203E5970-68FD-46BC-B1D1-910DF3771C94} (.rodata.str1.14051649372836887043.1)
                  1028e95a    00000027     {203E5970-68FD-46BC-B1D1-910DF3771C94} (.rodata.str1.14145053875304485454.1)
                  1028e981    00000027     {203E5970-68FD-46BC-B1D1-910DF3771C94} (.rodata.str1.17878389505353603450.1)
                  1028e9a8    00000027     {203E5970-68FD-46BC-B1D1-910DF3771C94} (.rodata.str1.4336966278331466532.1)
                  1028e9cf    00000027     {203E5970-68FD-46BC-B1D1-910DF3771C94} (.rodata.str1.5341038980311254883.1)
                  1028e9f6    00000027     {203E5970-68FD-46BC-B1D1-910DF3771C94} (.rodata.str1.5479951531986056198.1)
                  1028ea1d    00000027     {203E5970-68FD-46BC-B1D1-910DF3771C94} (.rodata.str1.6744977383438940983.1)
                  1028ea44    00000027     {203E5970-68FD-46BC-B1D1-910DF3771C94} (.rodata.str1.7014476826896499726.1)
                  1028ea6b    00000027     {203E5970-68FD-46BC-B1D1-910DF3771C94} (.rodata.str1.9238955429423287950.1)
                  1028ea92    00000027     {203E5970-68FD-46BC-B1D1-910DF3771C94} (.rodata.str1.9334375731510279242.1)
                  1028eab9    00000027     {203E5970-68FD-46BC-B1D1-910DF3771C94} (.rodata.str1.9594672233626986489.1)
                  1028eae0    00000026     {203E5970-68FD-46BC-B1D1-910DF3771C94} (.rodata.str1.11784268553153003905.1)
                  1028eb06    00000026     {203E5970-68FD-46BC-B1D1-910DF3771C94} (.rodata.str1.14442013556274563574.1)
                  1028eb2c    00000026     {203E5970-68FD-46BC-B1D1-910DF3771C94} (.rodata.str1.286917804250050828.1)
                  1028eb52    00000025     {203E5970-68FD-46BC-B1D1-910DF3771C94} (.rodata.str1.12394746681724850476.1)
                  1028eb77    00000025     {203E5970-68FD-46BC-B1D1-910DF3771C94} (.rodata.str1.12495465736450467174.1)
                  1028eb9c    00000025     {203E5970-68FD-46BC-B1D1-910DF3771C94} (.rodata.str1.15539207090263963235.1)
                  1028ebc1    00000025     {203E5970-68FD-46BC-B1D1-910DF3771C94} (.rodata.str1.15567679626450102284.1)
                  1028ebe6    00000025     {203E5970-68FD-46BC-B1D1-910DF3771C94} (.rodata.str1.5208291204086957197.1)
                  1028ec0b    00000025     {203E5970-68FD-46BC-B1D1-910DF3771C94} (.rodata.str1.5308831452388871626.1)
                  1028ec30    00000024     {203E5970-68FD-46BC-B1D1-910DF3771C94} (.rodata.str1.11041512776711630941.1)
                  1028ec54    00000024     {203E5970-68FD-46BC-B1D1-910DF3771C94} (.rodata.str1.13299031372502791579.1)
                  1028ec78    00000024     {203E5970-68FD-46BC-B1D1-910DF3771C94} (.rodata.str1.13618749533293707422.1)
                  1028ec9c    00000024     {203E5970-68FD-46BC-B1D1-910DF3771C94} (.rodata.str1.16950130230225162321.1)
                  1028ecc0    00000024     {203E5970-68FD-46BC-B1D1-910DF3771C94} (.rodata.str1.3196341522247734632.1)
                  1028ece4    00000024     {203E5970-68FD-46BC-B1D1-910DF3771C94} (.rodata.str1.7245728340037469361.1)
                  1028ed08    00000024     {203E5970-68FD-46BC-B1D1-910DF3771C94} (.rodata.str1.7904770289156643500.1)
                  1028ed2c    00000024     {203E5970-68FD-46BC-B1D1-910DF3771C94} (.rodata.str1.8093972266353224591.1)
                  1028ed50    00000024     {203E5970-68FD-46BC-B1D1-910DF3771C94} (.rodata.str1.906144131007236690.1)
                  1028ed74    00000023     {203E5970-68FD-46BC-B1D1-910DF3771C94} (.rodata.str1.15409398521394381860.1)
                  1028ed97    00000023     {203E5970-68FD-46BC-B1D1-910DF3771C94} (.rodata.str1.16106398868781473875.1)
                  1028edba    00000023     {203E5970-68FD-46BC-B1D1-910DF3771C94} (.rodata.str1.3565618169506805481.1)
                  1028eddd    00000023     {203E5970-68FD-46BC-B1D1-910DF3771C94} (.rodata.str1.3645137696483406543.1)
                  1028ee00    00000023     {203E5970-68FD-46BC-B1D1-910DF3771C94} (.rodata.str1.4561692535981266903.1)
                  1028ee23    00000023     {203E5970-68FD-46BC-B1D1-910DF3771C94} (.rodata.str1.4743307443090448579.1)
                  1028ee46    00000023     {203E5970-68FD-46BC-B1D1-910DF3771C94} (.rodata.str1.8795006471988811002.1)
                  1028ee69    00000022     {203E5970-68FD-46BC-B1D1-910DF3771C94} (.rodata.str1.10277562541090766604.1)
                  1028ee8b    00000022     {203E5970-68FD-46BC-B1D1-910DF3771C94} (.rodata.str1.14566441936490312936.1)
                  1028eead    00000022     {203E5970-68FD-46BC-B1D1-910DF3771C94} (.rodata.str1.1582503520411322174.1)
                  1028eecf    00000022     {203E5970-68FD-46BC-B1D1-910DF3771C94} (.rodata.str1.2076572337769685326.1)
                  1028eef1    00000022     {203E5970-68FD-46BC-B1D1-910DF3771C94} (.rodata.str1.6386501010191235387.1)
                  1028ef13    00000022     {203E5970-68FD-46BC-B1D1-910DF3771C94} (.rodata.str1.6926370703883160168.1)
                  1028ef35    00000022     {203E5970-68FD-46BC-B1D1-910DF3771C94} (.rodata.str1.7133329594606473324.1)
                  1028ef57    00000022     {203E5970-68FD-46BC-B1D1-910DF3771C94} (.rodata.str1.7495993629739101352.1)
                  1028ef79    00000022     {203E5970-68FD-46BC-B1D1-910DF3771C94} (.rodata.str1.7508942187056903539.1)
                  1028ef9b    00000021     {203E5970-68FD-46BC-B1D1-910DF3771C94} (.rodata.str1.12298482293934864824.1)
                  1028efbc    00000021     {203E5970-68FD-46BC-B1D1-910DF3771C94} (.rodata.str1.2668349654630873800.1)
                  1028efdd    00000021     {203E5970-68FD-46BC-B1D1-910DF3771C94} (.rodata.str1.390397363213435835.1)
                  1028effe    00000021     {203E5970-68FD-46BC-B1D1-910DF3771C94} (.rodata.str1.6692648297912741057.1)
                  1028f01f    00000021     {203E5970-68FD-46BC-B1D1-910DF3771C94} (.rodata.str1.8979086639778664505.1)
                  1028f040    00000020     {203E5970-68FD-46BC-B1D1-910DF3771C94} (.rodata.str1.14839931939267652691.1)
                  1028f060    00000020     {203E5970-68FD-46BC-B1D1-910DF3771C94} (.rodata.str1.15211281974140599961.1)
                  1028f080    00000020     {203E5970-68FD-46BC-B1D1-910DF3771C94} (.rodata.str1.16010060773373771313.1)
                  1028f0a0    00000020     {203E5970-68FD-46BC-B1D1-910DF3771C94} (.rodata.str1.16450071662168514581.1)
                  1028f0c0    00000020     {203E5970-68FD-46BC-B1D1-910DF3771C94} (.rodata.str1.1654285526368977296.1)
                  1028f0e0    00000020     {203E5970-68FD-46BC-B1D1-910DF3771C94} (.rodata.str1.18134813149662314356.1)
                  1028f100    00000020     {203E5970-68FD-46BC-B1D1-910DF3771C94} (.rodata.str1.3737918264178789069.1)
                  1028f120    00000020     {203E5970-68FD-46BC-B1D1-910DF3771C94} (.rodata.str1.3899073786106786109.1)
                  1028f140    00000020     {203E5970-68FD-46BC-B1D1-910DF3771C94} (.rodata.str1.4188818854221878621.1)
                  1028f160    0000001f     {203E5970-68FD-46BC-B1D1-910DF3771C94} (.rodata.str1.10313943007001979727.1)
                  1028f17f    0000001f     {203E5970-68FD-46BC-B1D1-910DF3771C94} (.rodata.str1.11191349053451281844.1)
                  1028f19e    0000001f     {203E5970-68FD-46BC-B1D1-910DF3771C94} (.rodata.str1.11341338071141260346.1)
                  1028f1bd    0000001f     {203E5970-68FD-46BC-B1D1-910DF3771C94} (.rodata.str1.11507630246853003619.1)
                  1028f1dc    0000001f     {203E5970-68FD-46BC-B1D1-910DF3771C94} (.rodata.str1.12631651529624651267.1)
                  1028f1fb    0000001f     {203E5970-68FD-46BC-B1D1-910DF3771C94} (.rodata.str1.12748481695188809633.1)
                  1028f21a    0000001f     {203E5970-68FD-46BC-B1D1-910DF3771C94} (.rodata.str1.14932708015421967471.1)
                  1028f239    0000001f     {203E5970-68FD-46BC-B1D1-910DF3771C94} (.rodata.str1.16102862242179331474.1)
                  1028f258    0000001f     {203E5970-68FD-46BC-B1D1-910DF3771C94} (.rodata.str1.17341305680491763086.1)
                  1028f277    0000001f     {203E5970-68FD-46BC-B1D1-910DF3771C94} (.rodata.str1.4543851693163168077.1)
                  1028f296    0000001f     {203E5970-68FD-46BC-B1D1-910DF3771C94} (.rodata.str1.6575045697814268614.1)
                  1028f2b5    0000001f     {203E5970-68FD-46BC-B1D1-910DF3771C94} (.rodata.str1.7869997181605694304.1)
                  1028f2d4    0000001f     {203E5970-68FD-46BC-B1D1-910DF3771C94} (.rodata.str1.8430146403508098855.1)
                  1028f2f3    0000001e     {203E5970-68FD-46BC-B1D1-910DF3771C94} (.rodata.str1.11607187441393968042.1)
                  1028f311    0000001e     {203E5970-68FD-46BC-B1D1-910DF3771C94} (.rodata.str1.14718024076616831114.1)
                  1028f32f    0000001e     {203E5970-68FD-46BC-B1D1-910DF3771C94} (.rodata.str1.3069278930637593228.1)
                  1028f34d    0000001e     {203E5970-68FD-46BC-B1D1-910DF3771C94} (.rodata.str1.3998464287976889528.1)
                  1028f36b    0000001e     {203E5970-68FD-46BC-B1D1-910DF3771C94} (.rodata.str1.7324986349794638268.1)
                  1028f389    0000001e     {203E5970-68FD-46BC-B1D1-910DF3771C94} (.rodata.str1.7967666449746223428.1)
                  1028f3a7    0000001e     {203E5970-68FD-46BC-B1D1-910DF3771C94} (.rodata.str1.8558719474485828220.1)
                  1028f3c5    0000001d     {203E5970-68FD-46BC-B1D1-910DF3771C94} (.rodata.str1.12429527165725751756.1)
                  1028f3e2    0000001d     {203E5970-68FD-46BC-B1D1-910DF3771C94} (.rodata.str1.12621726537413135232.1)
                  1028f3ff    0000001d     {203E5970-68FD-46BC-B1D1-910DF3771C94} (.rodata.str1.1345206698858701367.1)
                  1028f41c    0000001d     {203E5970-68FD-46BC-B1D1-910DF3771C94} (.rodata.str1.14112179281453740596.1)
                  1028f439    0000001d     {203E5970-68FD-46BC-B1D1-910DF3771C94} (.rodata.str1.15100807609882203426.1)
                  1028f456    0000001d     {203E5970-68FD-46BC-B1D1-910DF3771C94} (.rodata.str1.15129440088085962651.1)
                  1028f473    0000001d     {203E5970-68FD-46BC-B1D1-910DF3771C94} (.rodata.str1.15317340700663972481.1)
                  1028f490    0000001d     {203E5970-68FD-46BC-B1D1-910DF3771C94} (.rodata.str1.17841286453608977318.1)
                  1028f4ad    0000001d     {203E5970-68FD-46BC-B1D1-910DF3771C94} (.rodata.str1.18307494515349617824.1)
                  1028f4ca    0000001d     {203E5970-68FD-46BC-B1D1-910DF3771C94} (.rodata.str1.2746278510265724244.1)
                  1028f4e7    0000001d     {203E5970-68FD-46BC-B1D1-910DF3771C94} (.rodata.str1.2928644615180336461.1)
                  1028f504    0000001d     {203E5970-68FD-46BC-B1D1-910DF3771C94} (.rodata.str1.3774392593324696856.1)
                  1028f521    0000001d     {203E5970-68FD-46BC-B1D1-910DF3771C94} (.rodata.str1.4474186930280265843.1)
                  1028f53e    0000001d     {203E5970-68FD-46BC-B1D1-910DF3771C94} (.rodata.str1.4618171394375035542.1)
                  1028f55b    0000001d     {203E5970-68FD-46BC-B1D1-910DF3771C94} (.rodata.str1.5899150863515955400.1)
                  1028f578    0000001d     {203E5970-68FD-46BC-B1D1-910DF3771C94} (.rodata.str1.8299664065285750414.1)
                  1028f595    0000001d     {203E5970-68FD-46BC-B1D1-910DF3771C94} (.rodata.str1.9661241951528572230.1)
                  1028f5b2    0000001d     {203E5970-68FD-46BC-B1D1-910DF3771C94} (.rodata.str1.9898260541260605684.1)
                  1028f5cf    0000001c     {203E5970-68FD-46BC-B1D1-910DF3771C94} (.rodata.str1.11183315185121733685.1)
                  1028f5eb    0000001c     {203E5970-68FD-46BC-B1D1-910DF3771C94} (.rodata.str1.11880183852507859246.1)
                  1028f607    0000001c     {203E5970-68FD-46BC-B1D1-910DF3771C94} (.rodata.str1.12555507761146073621.1)
                  1028f623    0000001c     {203E5970-68FD-46BC-B1D1-910DF3771C94} (.rodata.str1.155446244567340613.1)
                  1028f63f    0000001c     {203E5970-68FD-46BC-B1D1-910DF3771C94} (.rodata.str1.15563171834052584602.1)
                  1028f65b    0000001c     {203E5970-68FD-46BC-B1D1-910DF3771C94} (.rodata.str1.3784921012555184974.1)
                  1028f677    0000001c     {203E5970-68FD-46BC-B1D1-910DF3771C94} (.rodata.str1.9852878850469227389.1)
                  1028f693    0000001b     {203E5970-68FD-46BC-B1D1-910DF3771C94} (.rodata.str1.12546398282289510591.1)
                  1028f6ae    0000001b     {203E5970-68FD-46BC-B1D1-910DF3771C94} (.rodata.str1.16348481043507759976.1)
                  1028f6c9    0000001b     {203E5970-68FD-46BC-B1D1-910DF3771C94} (.rodata.str1.17778338440716408248.1)
                  1028f6e4    0000001b     {203E5970-68FD-46BC-B1D1-910DF3771C94} (.rodata.str1.2047159476904109223.1)
                  1028f6ff    0000001b     {203E5970-68FD-46BC-B1D1-910DF3771C94} (.rodata.str1.2513218245551521182.1)
                  1028f71a    0000001b     {203E5970-68FD-46BC-B1D1-910DF3771C94} (.rodata.str1.2728729535098624693.1)
                  1028f735    0000001b     {203E5970-68FD-46BC-B1D1-910DF3771C94} (.rodata.str1.2741760460988209836.1)
                  1028f750    0000001a     {203E5970-68FD-46BC-B1D1-910DF3771C94} (.rodata.str1.10271777717534793632.1)
                  1028f76a    0000001a     {203E5970-68FD-46BC-B1D1-910DF3771C94} (.rodata.str1.11043531187034137316.1)
                  1028f784    0000001a     {203E5970-68FD-46BC-B1D1-910DF3771C94} (.rodata.str1.11254166407403963999.1)
                  1028f79e    0000001a     {203E5970-68FD-46BC-B1D1-910DF3771C94} (.rodata.str1.12477655457062985911.1)
                  1028f7b8    0000001a     {203E5970-68FD-46BC-B1D1-910DF3771C94} (.rodata.str1.14604714608064347844.1)
                  1028f7d2    0000001a     {203E5970-68FD-46BC-B1D1-910DF3771C94} (.rodata.str1.1509366264075164651.1)
                  1028f7ec    0000001a     {203E5970-68FD-46BC-B1D1-910DF3771C94} (.rodata.str1.1654901710979417634.1)
                  1028f806    0000001a     {203E5970-68FD-46BC-B1D1-910DF3771C94} (.rodata.str1.3011100342221212856.1)
                  1028f820    0000001a     {203E5970-68FD-46BC-B1D1-910DF3771C94} (.rodata.str1.3504292248804698424.1)
                  1028f83a    0000001a     {203E5970-68FD-46BC-B1D1-910DF3771C94} (.rodata.str1.3572371459584032182.1)
                  1028f854    0000001a     {203E5970-68FD-46BC-B1D1-910DF3771C94} (.rodata.str1.3627367391154595005.1)
                  1028f86e    0000001a     {203E5970-68FD-46BC-B1D1-910DF3771C94} (.rodata.str1.4234889293445354241.1)
                  1028f888    0000001a     {203E5970-68FD-46BC-B1D1-910DF3771C94} (.rodata.str1.4851856484563158680.1)
                  1028f8a2    0000001a     {203E5970-68FD-46BC-B1D1-910DF3771C94} (.rodata.str1.5167560486816474740.1)
                  1028f8bc    0000001a     {203E5970-68FD-46BC-B1D1-910DF3771C94} (.rodata.str1.555148032199499482.1)
                  1028f8d6    0000001a     {203E5970-68FD-46BC-B1D1-910DF3771C94} (.rodata.str1.7016334050661700281.1)
                  1028f8f0    0000001a     {203E5970-68FD-46BC-B1D1-910DF3771C94} (.rodata.str1.8391745375954544197.1)
                  1028f90a    0000001a     {203E5970-68FD-46BC-B1D1-910DF3771C94} (.rodata.str1.8529100135310518543.1)
                  1028f924    00000019     {203E5970-68FD-46BC-B1D1-910DF3771C94} (.rodata.str1.12333004914203237850.1)
                  1028f93d    00000019     {203E5970-68FD-46BC-B1D1-910DF3771C94} (.rodata.str1.1452339265650692766.1)
                  1028f956    00000019     {203E5970-68FD-46BC-B1D1-910DF3771C94} (.rodata.str1.14541566532736291531.1)
[...]
1029bb10  CacheP_disableL1d                  
1029bb38  CacheP_disableL1p                  
1029bed5  CacheP_enable                      
1029bb50  CacheP_enableL1d                   
1029bb68  CacheP_enableL1p                   
1029be14  CacheP_getCacheLevelInfo           
1029bddc  CacheP_getEnabled                  
1029be51  CacheP_init                        
1029bef5  CacheP_inv                         
1029bb80  CacheP_invL1d                      
1029bbf4  CacheP_invL1dAll                   
1029bbb8  CacheP_invL1p                      
1029bbfc  CacheP_invL1pAll                   
1029be40  CacheP_setDLFO                     
1029bc04  CacheP_wb                          
1029bc7c  CacheP_wbAll                       
1029bc40  CacheP_wbInv                       
1029bd24  CacheP_wbInvAll                    
1029bd3c  CacheP_wbInvAllAsm                 
1028b4c0  CycleCounterP_getCount32           
102814c1  Dpl_init                           
102878a9  Enable_BUCK4_ViaPMIC               
1029afb0  FreeRTOS_errno                     
1029bac8  HwiP_data_abort_handler            
1029b823  HwiP_data_abort_handler_c          
1029ba58  HwiP_disable                       
1029ba68  HwiP_disableFIQ                    
1029bab0  HwiP_disableVIC                    
1029ba78  HwiP_enable                        
1029ba88  HwiP_enableFIQ                     
1029baa0  HwiP_enableVIC                     
1029b701  HwiP_fiq_handler                   
1029bac0  HwiP_getCPSR                       
1029b528  HwiP_irq_handler                   
1029b66d  HwiP_irq_handler_c                 
1029b7fd  HwiP_prefetch_abort_handler        
1029b7b1  HwiP_reserved_handler              
1029ba98  HwiP_restore                       
1029b4b8  HwiP_svc_handler                   
1029b7d7  HwiP_undefined_handler             
88010000  MCPI_logMessage                    
10278bc1  MmwCascade_mmWaveTest              
1029bf38  MpuP_disableAsm                    
1029bf50  MpuP_disableBRAsm                  
1029bf60  MpuP_enableAsm                     
1029bf78  MpuP_enableBRAsm                   
1029bf88  MpuP_isEnableAsm                   
1029bf9c  MpuP_setRegionAsm                  
1028b4e8  PmuP_clearOverflowStatus           
1028b4d8  PmuP_disableCounters               
1028b4d0  PmuP_enableCounters                
1028b4e0  PmuP_getOverflowStatus             
1028b4c8  PmuP_setup                         
1028aee9  SemaphoreP_constructBinary         
1028aea1  SemaphoreP_constructMutex          
1028a6fd  SemaphoreP_destruct                
1028616d  SemaphoreP_pend                    
10286291  SemaphoreP_post                    
10275158  _CIOBUF_                           
1029d518  __ABORT_STACK_END                  
00000100  __ABORT_STACK_SIZE                 
1029d418  __ABORT_STACK_START                
10275bc0  __BSS_END                          
10220000  __BSS_START                        
10275158  __CIOBUF_                          
1029c418  __FIQ_STACK_END                    
00000100  __FIQ_STACK_SIZE                   
1029c318  __FIQ_STACK_START                  
1029c318  __IRQ_STACK_END                    
00000100  __IRQ_STACK_SIZE                   
1029c218  __IRQ_STACK_START                  
10278bc0  __STACK_END                        
00002000  __STACK_SIZE                       
1029d418  __SVC_STACK_END                    
00001000  __SVC_STACK_SIZE                   
1029c418  __SVC_STACK_START                  
00001000  __SYSMEM_SIZE                      
00000000  __TI_ATRegion0_region_sz           
00000000  __TI_ATRegion0_src_addr            
00000000  __TI_ATRegion0_trg_addr            
00000000  __TI_ATRegion1_region_sz           
00000000  __TI_ATRegion1_src_addr            
00000000  __TI_ATRegion1_trg_addr            
00000000  __TI_ATRegion2_region_sz           
00000000  __TI_ATRegion2_src_addr            
00000000  __TI_ATRegion2_trg_addr            
UNDEFED   __TI_CINIT_Base                    
UNDEFED   __TI_CINIT_Limit                   
UNDEFED   __TI_Handler_Table_Base            
UNDEFED   __TI_Handler_Table_Limit           
1028aa10  __TI_auto_init_nobinit_nopinit     
1029af90  __TI_cleanup_ptr                   
1029af8c  __TI_dtors_ptr                     
ffffffff  __TI_pprof_out_hndl                
10282078  __TI_printfi                       
ffffffff  __TI_prof_data_size                
ffffffff  __TI_prof_data_start               
1028a7ac  __TI_readmsg                       
00000000  __TI_static_base__                 
1028a804  __TI_writemsg                      
1029d618  __UNDEFINED_STACK_END              
00000100  __UNDEFINED_STACK_SIZE             
1029d518  __UNDEFINED_STACK_START            
1028c310  __aeabi_ctype_table_               
1028c310  __aeabi_ctype_table_C              
1028b5a8  __aeabi_idiv                       
102858a4  __aeabi_idiv0                      
10285c74  __aeabi_ldiv0                      
1028bef0  __aeabi_memclr                     
1028bef0  __aeabi_memclr4                    
1028bef0  __aeabi_memclr8                    
1028bf10  __aeabi_memcpy                     
1028bf10  __aeabi_memcpy4                    
1028bf10  __aeabi_memcpy8                    
1028bea0  __aeabi_memset                     
1028bea0  __aeabi_memset4                    
1028bea0  __aeabi_memset8                    
10283ebc  __aeabi_uidiv                      
1028b9cc  __aeabi_uldivmod                   
ffffffff  __binit__                          
1028b5a8  __divsi3                           
1029c125  __mpu_init                         
10276bc0  __stack                            
10286820  __udivmoddi4                       
10283ebc  __udivsi3                          
1029c04c  _c_int00                           
1029c028  _c_int00_sbl                       
UNDEFED   _system_post_cinit                 
1028bd55  _system_pre_init                   
00000000  _vectors                           
1029c210  abort                              
ffffffff  binit                              
10285758  ceil                               
10285758  ceill                              
1028a091  configureTransfer                  
10288e09  eTaskGetState                      
1028b62c  exit                               
10289a20  frexp                              
10289a20  frexpl                             
1029b330  gActive                            
10273e7c  gAppTask                           
102757f4  gAppTaskObj                        
10220000  gAppTskStackMain                   
10273030  gCSIRXErrorCode                    
10275028  gCSIRXState                        
1028cac4  gCacheConfig                       
1028cbbc  gCacheL1dCacheLineSize             
10290a6c  gCacheL1pCacheLineSize             
1029b380  gCfg                               
1029af7c  gChirpHdrChirpIdx                  
1029b028  gChirpHdrChirpsPerFrame            
1029af7a  gChirpHdrFrameIdx                  
1029b024  gChirpHdrGlobalIdx                 
10273010  gChirpHdrPing                      
10273020  gChirpHdrPong                      
1029af70  gCliState                          
1029b278  gClockConfig                       
10275bb8  gCsiConfigTask                     
10275880  gCsiConfigTaskObj                  
10240000  gCsiRxCfgTskStack                  
1029aff8  gHwiConfig                         
1029b020  gMCPILogMessageSize                
1029abb0  gMmwCascadeMCB                     
10275bbc  gMmwCtrlTask                       
1027590c  gMmwCtrlTaskObj                    
10260000  gMmwCtrlTskStack                   
1028cacc  gMpuConfig                         
1028cad8  gMpuRegionConfig                   
1029af7e  gPingPongSwitchFlag                
10275b68  gRovDummyQueue                     
10286030  ldexp                              
10286a48  ldexpf                             
10286030  ldexpl                             
1027e425  main                               
10284bf0  memcpy                             
10288c30  memset                             
1029b451  pmicRegRead                        
1028bd85  pvTaskIncrementMutexHeldCount      
1029afac  pxCurrentTCB                       
1028931d  pxPortInitialiseStack              
10280b00  strcmp                             
1029af94  ulCriticalNesting                  
1029af9c  ulPortInterruptNesting             
1029afa0  ulPortSchedularRunning             
1029b44c  ulPortTaskHasFPUContext            
1029af98  ulPortYieldRequired                
10290a7c  uxTopUsedPriority                  
1028714d  vApplicationIdleHook               
1028b8a1  vApplicationStackOverflowHook      
1029b480  vPortRestoreTaskContext            
1028ba5d  vPortTimerTickHandler              
1028ad75  vTaskDelay                         
10288fc9  vTaskDelete                        
1028bdb5  vTaskEnterCritical                 
1028baa5  vTaskExitCritical                  
10289a9d  vTaskGetInfo                       
1028aff9  vTaskPlaceOnEventList              
1028adc1  vTaskPlaceOnEventListRestricted    
102885d9  vTaskPriorityDisinheritAfterTimeout
10286709  vTaskStartScheduler                
10287505  vTaskSwitchContext                 
1028bdcd  xPortStartScheduler                
10289181  xTaskCheckForTimeOut               
1028802d  xTaskCreateStatic                  
1028b4f1  xTaskGetIdleTaskHandle             
1028bde5  xTaskGetTickCount                  
10287b51  xTaskIncrementTick                 
102887cd  xTaskPriorityDisinherit            
102897b1  xTaskPriorityInherit               
10289b19  xTaskRemoveFromEventList           
10287ea9  xTaskResumeAll                     


GLOBAL SYMBOLS: SORTED BY Symbol Address 

address   name                               
-------   ----                               
00000000  __TI_ATRegion0_region_sz           
00000000  __TI_ATRegion0_src_addr            
00000000  __TI_ATRegion0_trg_addr            
00000000  __TI_ATRegion1_region_sz           
00000000  __TI_ATRegion1_src_addr            
00000000  __TI_ATRegion1_trg_addr            
00000000  __TI_ATRegion2_region_sz           
00000000  __TI_ATRegion2_src_addr            
00000000  __TI_ATRegion2_trg_addr            
00000000  __TI_static_base__                 
00000000  _vectors                           
00000100  __ABORT_STACK_SIZE                 
00000100  __FIQ_STACK_SIZE                   
00000100  __IRQ_STACK_SIZE                   
00000100  __UNDEFINED_STACK_SIZE             
00001000  __SVC_STACK_SIZE                   
00001000  __SYSMEM_SIZE                      
00002000  __STACK_SIZE                       
10220000  __BSS_START                        
10220000  gAppTskStackMain                   
10240000  gCsiRxCfgTskStack                  
10260000  gMmwCtrlTskStack                   
10273010  gChirpHdrPing                      
10273020  gChirpHdrPong                      
10273030  gCSIRXErrorCode                    
10273e7c  gAppTask                           
10275028  gCSIRXState                        
10275158  _CIOBUF_                           
10275158  __CIOBUF_                          
102757f4  gAppTaskObj                        
10275880  gCsiConfigTaskObj                  
1027590c  gMmwCtrlTaskObj                    
10275b68  gRovDummyQueue                     
10275bb8  gCsiConfigTask                     
10275bbc  gMmwCtrlTask                       
10275bc0  __BSS_END                          
10276bc0  __stack                            
10278bc0  __STACK_END                        
10278bc1  MmwCascade_mmWaveTest              
1027e425  main                               
10280af8  C$$EXIT                            
10280b00  strcmp                             
102814c1  Dpl_init                           
10282078  __TI_printfi                       
10283ebc  __aeabi_uidiv                      
10283ebc  __udivsi3                          
10284bf0  memcpy                             
10285758  ceil                               
10285758  ceill                              
102858a4  __aeabi_idiv0                      
10285c74  __aeabi_ldiv0                      
10286030  ldexp                              
10286030  ldexpl                             
1028616d  SemaphoreP_pend                    
10286291  SemaphoreP_post                    
10286709  vTaskStartScheduler                
10286820  __udivmoddi4                       
10286a48  ldexpf                             
1028714d  vApplicationIdleHook               
10287505  vTaskSwitchContext                 
102878a9  Enable_BUCK4_ViaPMIC               
10287b51  xTaskIncrementTick                 
10287ea9  xTaskResumeAll                     
1028802d  xTaskCreateStatic                  
102885d9  vTaskPriorityDisinheritAfterTimeout
102887cd  xTaskPriorityDisinherit            
10288c30  memset                             
10288e09  eTaskGetState                      
10288fc9  vTaskDelete                        
10289181  xTaskCheckForTimeOut               
1028931d  pxPortInitialiseStack              
102897b1  xTaskPriorityInherit               
10289a20  frexp                              
10289a20  frexpl                             
10289a9d  vTaskGetInfo                       
10289b19  xTaskRemoveFromEventList           
1028a091  configureTransfer                  
1028a6fd  SemaphoreP_destruct                
1028a7ac  __TI_readmsg                       
1028a804  __TI_writemsg                      
1028a850  C$$IO$$                            
1028aa10  __TI_auto_init_nobinit_nopinit     
1028ad75  vTaskDelay                         
1028adc1  vTaskPlaceOnEventListRestricted    
1028aea1  SemaphoreP_constructMutex          
1028aee9  SemaphoreP_constructBinary         
1028aff9  vTaskPlaceOnEventList              
1028b4c0  CycleCounterP_getCount32           
1028b4c8  PmuP_setup                         
1028b4d0  PmuP_enableCounters                
1028b4d8  PmuP_disableCounters               
1028b4e0  PmuP_getOverflowStatus             
1028b4e8  PmuP_clearOverflowStatus           
1028b4f1  xTaskGetIdleTaskHandle             
1028b5a8  __aeabi_idiv                       
1028b5a8  __divsi3                           
1028b62c  exit                               
1028b8a1  vApplicationStackOverflowHook      
1028b9cc  __aeabi_uldivmod                   
1028ba5d  vPortTimerTickHandler              
1028baa5  vTaskExitCritical                  
1028bd55  _system_pre_init                   
1028bd85  pvTaskIncrementMutexHeldCount      
1028bdb5  vTaskEnterCritical                 
1028bdcd  xPortStartScheduler                
1028bde5  xTaskGetTickCount                  
1028bea0  __aeabi_memset                     
1028bea0  __aeabi_memset4                    
1028bea0  __aeabi_memset8                    
1028bef0  __aeabi_memclr                     
1028bef0  __aeabi_memclr4                    
1028bef0  __aeabi_memclr8                    
1028befc  CSL_armR5ReadMpidrReg              
1028bf10  __aeabi_memcpy                     
1028bf10  __aeabi_memcpy4                    
1028bf10  __aeabi_memcpy8                    
1028c310  __aeabi_ctype_table_               
1028c310  __aeabi_ctype_table_C              
1028cac4  gCacheConfig                       
1028cacc  gMpuConfig                         
1028cad8  gMpuRegionConfig                   
1028cbbc  gCacheL1dCacheLineSize             
10290a6c  gCacheL1pCacheLineSize             
10290a7c  uxTopUsedPriority                  
1029abb0  gMmwCascadeMCB                     
1029af70  gCliState                          
1029af7a  gChirpHdrFrameIdx                  
1029af7c  gChirpHdrChirpIdx                  
1029af7e  gPingPongSwitchFlag                
1029af8c  __TI_dtors_ptr                     
1029af90  __TI_cleanup_ptr                   
1029af94  ulCriticalNesting                  
1029af98  ulPortYieldRequired                
1029af9c  ulPortInterruptNesting             
1029afa0  ulPortSchedularRunning             
1029afac  pxCurrentTCB                       
1029afb0  FreeRTOS_errno                     
1029aff8  gHwiConfig                         
1029b020  gMCPILogMessageSize                
1029b024  gChirpHdrGlobalIdx                 
1029b028  gChirpHdrChirpsPerFrame            
1029b278  gClockConfig                       
1029b330  gActive                            
1029b380  gCfg                               
1029b44c  ulPortTaskHasFPUContext            
1029b451  pmicRegRead                        
1029b480  vPortRestoreTaskContext            
1029b4b8  HwiP_svc_handler                   
1029b528  HwiP_irq_handler                   
1029b66d  HwiP_irq_handler_c                 
1029b701  HwiP_fiq_handler                   
1029b7b1  HwiP_reserved_handler              
1029b7d7  HwiP_undefined_handler             
1029b7fd  HwiP_prefetch_abort_handler        
1029b823  HwiP_data_abort_handler_c          
1029ba58  HwiP_disable                       
1029ba68  HwiP_disableFIQ                    
1029ba78  HwiP_enable                        
1029ba88  HwiP_enableFIQ                     
1029ba98  HwiP_restore                       
1029baa0  HwiP_enableVIC                     
1029bab0  HwiP_disableVIC                    
1029bac0  HwiP_getCPSR                       
1029bac8  HwiP_data_abort_handler            
1029bb10  CacheP_disableL1d                  
1029bb38  CacheP_disableL1p                  
1029bb50  CacheP_enableL1d                   
1029bb68  CacheP_enableL1p                   
1029bb80  CacheP_invL1d                      
1029bbb8  CacheP_invL1p                      
1029bbf4  CacheP_invL1dAll                   
1029bbfc  CacheP_invL1pAll                   
1029bc04  CacheP_wb                          
1029bc40  CacheP_wbInv                       
1029bc7c  CacheP_wbAll                       
1029bd24  CacheP_wbInvAll                    
1029bd3c  CacheP_wbInvAllAsm                 
1029bddc  CacheP_getEnabled                  
1029be14  CacheP_getCacheLevelInfo           
1029be20  CacheP_configForceWrThru           
1029be40  CacheP_setDLFO                     
1029be51  CacheP_init                        
1029be9b  CacheP_disable                     
1029bed5  CacheP_enable                      
1029bef5  CacheP_inv                         
1029bf38  MpuP_disableAsm                    
1029bf50  MpuP_disableBRAsm                  
1029bf60  MpuP_enableAsm                     
1029bf78  MpuP_enableBRAsm                   
1029bf88  MpuP_isEnableAsm                   
1029bf9c  MpuP_setRegionAsm                  
1029c028  _c_int00_sbl                       
1029c04c  _c_int00                           
1029c125  __mpu_init                         
1029c210  abort                              
1029c218  __IRQ_STACK_START                  
1029c318  __FIQ_STACK_START                  
1029c318  __IRQ_STACK_END                    
1029c418  __FIQ_STACK_END                    
1029c418  __SVC_STACK_START                  
1029d418  __ABORT_STACK_START                
1029d418  __SVC_STACK_END                    
1029d518  __ABORT_STACK_END                  
1029d518  __UNDEFINED_STACK_START            
1029d618  __UNDEFINED_STACK_END              
88000000  CSIA_PongBuf                       
88004000  CSIB_PongBuf                       
88008000  CSIA_PingBuf                       
8800c000  CSIB_PingBuf                       
88010000  MCPI_logMessage                    
ffffffff  __TI_pprof_out_hndl                
ffffffff  __TI_prof_data_size                
ffffffff  __TI_prof_data_start               
ffffffff  __binit__                          
ffffffff  binit                              
UNDEFED   __TI_CINIT_Base                    
UNDEFED   __TI_CINIT_Limit                   
UNDEFED   __TI_Handler_Table_Base            
UNDEFED   __TI_Handler_Table_Limit           
UNDEFED   _system_post_cinit                 

[220 symbols]
