******************************************************************************
            TI ARM Clang Linker PC v4.0.4                      
******************************************************************************
>> Linked Thu Feb 26 17:43:59 2026

OUTPUT FILE NAME:   <am273x/am273x_cascade_mss.xer5f>
ENTRY POINT SYMBOL: "_vectors"  address: 00000000


MEMORY CONFIGURATION

         name            origin    length      used     unused   attr    fill
----------------------  --------  ---------  --------  --------  ----  --------
  R5F_VECS              00000000   00000040  00000040  00000000  RWIX
  R5F_TCMA              00000040   00003fc0  00000000  00003fc0  RWIX
  R5F_TCMB              00080000   00004000  00000000  00004000  RWIX
  SBL_RESERVED_L2_RAM   10200000   00020000  00000000  00020000  RW  
  MSS_L2                10220000   000c8000  0007d678  0004a988  RWIX
  HWA_RAM               82000000   00020000  00000000  00020000  RW  
  DSS_L3                88000000   00390000  00012400  0037dc00  RWIX
  RTOS_NORTOS_IPC_SHM_M c5000000   00001f40  00000000  00001f40  RWIX


SEGMENT ALLOCATION MAP

run origin  load origin   length   init length attrs members
----------  ----------- ---------- ----------- ----- -------
00000000    00000000    00000040   00000040    r-x
  00000000    00000000    00000040   00000040    r-x .vectors
10220000    10220000    00058bc0   00000000    rw-
  10220000    10220000    00055bc0   00000000    rw- .bss
  10275bc0    10275bc0    00001000   00000000    rw- .sysmem
  10276bc0    10276bc0    00002000   00000000    rw- .stack
10278bc0    10278bc0    00017f20   00017f20    r-x
  10278bc0    10278bc0    000133c0   000133c0    r-x .text
  1028bf80    1028bf80    00004b60   00004b60    r-- .rodata
10290b00    10290b00    0000aa00   0000aa00    rw-
  10290b00    10290b00    0000aa00   0000aa00    rw- .data
1029b500    1029b500    00000d98   00000d98    r-x
  1029b500    1029b500    00000690   00000690    r-x .text.hwi
  1029bb90    1029bb90    00000428   00000428    r-x .text.cache
  1029bfb8    1029bfb8    000000f0   000000f0    r-x .text.mpu
  1029c0a8    1029c0a8    000001e8   000001e8    r-x .text.boot
  1029c290    1029c290    00000008   00000008    r-x .text:abort
1029c298    1029c298    00001400   00000000    rw-
  1029c298    1029c298    00000100   00000000    rw- .irqstack
  1029c398    1029c398    00000100   00000000    rw- .fiqstack
  1029c498    1029c498    00001000   00000000    rw- .svcstack
  1029d498    1029d498    00000100   00000000    rw- .abortstack
  1029d598    1029d598    00000100   00000000    rw- .undefinedstack
88000000    88000000    00012400   00000000    rw-
  88000000    88000000    00010000   00000000    rw- .l3ram
  88010000    88010000    00002400   00000000    rw- .MCPILogBuffer


SECTION ALLOCATION MAP

 output                                  attributes/
section   page    origin      length       input sections
--------  ----  ----------  ----------   ----------------
.vectors   0    00000000    00000040     
                  00000000    00000040     freertos.am273x.r5f.ti-arm-clang.release.lib : HwiP_armv7r_vectors_freertos_asm.obj (.vectors)

.bss       0    10220000    00055bc0     UNINITIALIZED
                  10220000    00020000     (.common:gAppTskStackMain)
                  10240000    00020000     (.common:gCsiRxCfgTskStack)
                  10260000    00010000     (.common:gMmwCtrlTskStack)
                  10270000    00001008     freertos.am273x.r5f.ti-arm-clang.release.lib : HwiP_armv7r_vim.obj (.bss.gHwiCtrl)
                  10271008    00001000     {82789A2A-CB14-4A30-883C-ABBB311030F4} (.bss.gCliTaskStack)
                  10272008    00001000     {82789A2A-CB14-4A30-883C-ABBB311030F4} (.bss.uxIdleTaskStack)
                  10273008    00000008     libsysbm.a : hostopen.c.obj (.bss.parmbuf)
                  10273010    00000010     (.common:gChirpHdrPing)
                  10273020    00000010     (.common:gChirpHdrPong)
                  10273030    00000008     (.common:gCSIRXErrorCode)
                  10273038    00000004     {82789A2A-CB14-4A30-883C-ABBB311030F4} (.bss.gdummy)
                  1027303c    00000004     {82789A2A-CB14-4A30-883C-ABBB311030F4} (.bss.sys_free)
                  10273040    00000800     {82789A2A-CB14-4A30-883C-ABBB311030F4} (.bss.gBpmHeapMem)
                  10273840    0000063c     {82789A2A-CB14-4A30-883C-ABBB311030F4} (.bss.gMibspiObjects)
                  10273e7c    00000004     (.common:gAppTask)
                  10273e80    000004f4     libmmwave_cascade_am273x.aer5f : mmwave.oer5f (.bss.gMMWave_MCB)
                  10274374    00000400     {82789A2A-CB14-4A30-883C-ABBB311030F4} (.bss.uxTimerTaskStack)
                  10274774    000002c4     {82789A2A-CB14-4A30-883C-ABBB311030F4} (.bss.gUartObjects)
                  10274a38    00000280     {82789A2A-CB14-4A30-883C-ABBB311030F4} (.bss.pxReadyTasksLists)
                  10274cb8    00000238     {82789A2A-CB14-4A30-883C-ABBB311030F4} (.bss.gCsirxObjects)
                  10274ef0    00000138     {82789A2A-CB14-4A30-883C-ABBB311030F4} (.bss.gEdmaObjects)
                  10275028    00000130     (.common:gCSIRXState)
                  10275158    00000120     libsysbm.a : trgmsg.c.obj (.bss:_CIOBUF_)
                  10275278    00000100     {82789A2A-CB14-4A30-883C-ABBB311030F4} (.bss.prvCheckForValidListAndQueue.ucStaticTimerQueueStorage)
                  10275378    00000100     freertos.am273x.r5f.ti-arm-clang.release.lib : queue.obj (.bss.xQueueRegistry)
                  10275478    000000a0     libc.a : defs.c.obj (.bss.__TI_tmpnams)
                  10275518    000000a0     freertos.am273x.r5f.ti-arm-clang.release.lib : TaskP_freertos.obj (.bss.gTaskP_ctrl)
                  102755b8    00000098     {82789A2A-CB14-4A30-883C-ABBB311030F4} (.bss.gDebugLogLockObj)
                  10275650    0000008c     {82789A2A-CB14-4A30-883C-ABBB311030F4} (.bss.gCliTaskObj)
                  102756dc    0000008c     {82789A2A-CB14-4A30-883C-ABBB311030F4} (.bss.xIdleTaskTCB)
                  10275768    0000008c     {82789A2A-CB14-4A30-883C-ABBB311030F4} (.bss.xTimerTaskTCB)
                  102757f4    0000008c     (.common:gAppTaskObj)
                  10275880    0000008c     (.common:gCsiConfigTaskObj)
                  1027590c    0000008c     (.common:gMmwCtrlTaskObj)
                  10275998    00000080     {82789A2A-CB14-4A30-883C-ABBB311030F4} (.bss.gBpmHeapObj)
                  10275a18    00000080     ti_drivers_config.oer5f (.bss.gCbuffObject)
                  10275a98    00000080     {82789A2A-CB14-4A30-883C-ABBB311030F4} (.bss.gMmwHeapObj)
                  10275b18    00000050     {82789A2A-CB14-4A30-883C-ABBB311030F4} (.bss.prvCheckForValidListAndQueue.xStaticTimerQueue)
                  10275b68    00000050     (.common:gRovDummyQueue)
                  10275bb8    00000004     (.common:gCsiConfigTask)
                  10275bbc    00000004     (.common:gMmwCtrlTask)

.sysmem    0    10275bc0    00001000     UNINITIALIZED
                  10275bc0    00000010     libc.a : memory.c.obj (.sysmem)
                  10275bd0    00000ff0     --HOLE--

.stack     0    10276bc0    00002000     UNINITIALIZED
                  10276bc0    00000004     freertos.am273x.r5f.ti-arm-clang.release.lib : boot_armv7r_asm.obj (.stack)
                  10276bc4    00001ffc     --HOLE--

.text      0    10278bc0    000133c0     
                  10278bc0    00001ba4     main_mss.oer5f (.text.MmwCascade_mmWaveTest)
                  1027a764    00001384     {82789A2A-CB14-4A30-883C-ABBB311030F4} (.text.MmwCascade_initTask)
                  1027bae8    00000e90     {82789A2A-CB14-4A30-883C-ABBB311030F4} (.text.CLI_task)
                  1027c978    00000cec     {82789A2A-CB14-4A30-883C-ABBB311030F4} (.text:__TI_printfi)
                  1027d664    00000004     drivers.am273x.r5f.ti-arm-clang.release.lib : cbuff_lvds.obj (.text.CBUFF_deinitLVDS)
                  1027d668    00000b74     {82789A2A-CB14-4A30-883C-ABBB311030F4} (.text.MmwCascade_CSIConfig)
                  1027e1dc    000007b8     main_mss.oer5f (.text.main)
                  1027e994    000005fc     {82789A2A-CB14-4A30-883C-ABBB311030F4} (.text.MIBSPI_dataTransfer)
                  1027ef90    00000578     libmmwavelink_cascade_am273x.aer5f : rl_driver.oer5f (.text.rlDriverCmdInvoke)
                  1027f508    0000052c     {82789A2A-CB14-4A30-883C-ABBB311030F4} (.text.rlDriverMsgRead)
                  1027fa34    00000524     {82789A2A-CB14-4A30-883C-ABBB311030F4} (.text.MMWave_configureAdvChirp)
                  1027ff58    000004c8     libc.a : strtof.c.obj (.text.strtof)
                  10280420    00000488     freertos.am273x.r5f.ti-arm-clang.release.lib : DebugP_freertos.obj (.text._DebugP_logZone)
                  102808a8    00000018     {82789A2A-CB14-4A30-883C-ABBB311030F4} (.text.CBUFF_validateBufferCfg)
                  102808c0    00000390     libc.a : strcmp32.S.obj (.text:strcmp)
                  10280c50    0000031c     {82789A2A-CB14-4A30-883C-ABBB311030F4} (.text.prvTimerTask)
                  10280f6c    00000314     libmmwave_cascade_am273x.aer5f : mmwave_link_common.oer5f (.text.MMWave_asyncEventHandler)
                  10281280    00000304     ti_dpl_config.oer5f (.text.Dpl_init)
                  10281584    00000300     {82789A2A-CB14-4A30-883C-ABBB311030F4} (.text.MMWave_configBPM)
                  10281884    000002dc     {82789A2A-CB14-4A30-883C-ABBB311030F4} (.text.MMWave_configureProfileChirp)
                  10281b60    000002d8     {82789A2A-CB14-4A30-883C-ABBB311030F4} (.text._etoa)
                  10281e38    000002d0     libc.a : _printfi.c.obj (.text:__TI_printfi)
                  10282108    000002a4     {82789A2A-CB14-4A30-883C-ABBB311030F4} (.text.CLI_uartWrite)
                  102823ac    000002a4     cascade_csirx.oer5f (.text.MmwCascade_csirxCommonCallback)
                  10282650    000002a4     {82789A2A-CB14-4A30-883C-ABBB311030F4} (.text._ftoa)
                  102828f4    00000298     drivers.am273x.r5f.ti-arm-clang.release.lib : cbuff.obj (.text.CBUFF_createSession)
                  10282b8c    00000004     {82789A2A-CB14-4A30-883C-ABBB311030F4} (.text.MMWave_disableDevice)
                  10282b90    00000278     {82789A2A-CB14-4A30-883C-ABBB311030F4} (.text._pconv_a)
                  10282e08    00000230     {82789A2A-CB14-4A30-883C-ABBB311030F4} (.text._pconv_g)
                  10283038    0000021c     cascade_csirx.oer5f (.text.MmwCascade_combinedEOLcallback)
                  10283254    00000200     {82789A2A-CB14-4A30-883C-ABBB311030F4} (.text.SOC_rcmGetPeripheralClockFrequency)
                  10283454    000001fc     {82789A2A-CB14-4A30-883C-ABBB311030F4} (.text.CBUFF_configEDMA)
                  10283650    000001f8     {82789A2A-CB14-4A30-883C-ABBB311030F4} (.text.CBUFF_close)
                  10283848    000001f4     drivers.am273x.r5f.ti-arm-clang.release.lib : cbuff_lvds.obj (.text.CBUFF_openLVDS)
                  10283a3c    000001f4                                                 : mibspi_v0.obj (.text.MIBSPI_transfer)
                  10283c30    000001d0     libclang_rt.builtins.a : udivsi3.S.obj (.text.__udivsi3)
                  10283e00    000001c8     libc.a : memory.c.obj (.text.malloc)
                  10283fc8    000001bc     freertos.am273x.r5f.ti-arm-clang.release.lib : queue.obj (.text.xQueueSemaphoreTake)
                  10284184    000001ac     {82789A2A-CB14-4A30-883C-ABBB311030F4} (.text.MIBSPI_edmaAllocChResource)
                  10284330    00000198     {82789A2A-CB14-4A30-883C-ABBB311030F4} (.text.EDMA_freeChannelRegion)
                  102844c8    0000018c     libmmwave_cascade_am273x.aer5f : mmwave_link_common.oer5f (.text.MMWave_computeCRC)
                  10284654    00000188     libc.a : memory.c.obj (.text.free)
                  102847dc    00000184     {82789A2A-CB14-4A30-883C-ABBB311030F4} (.text.fopen)
                  10284960    00000180     libc.a : memcpy32.S.obj (.text:memcpy)
                  10284ae0    0000017c            : fputs.c.obj (.text.fputs)
                  10284c5c    00000174     {82789A2A-CB14-4A30-883C-ABBB311030F4} (.text.MmwCascade_csirxOpen)
                  10284dd0    00000174     {82789A2A-CB14-4A30-883C-ABBB311030F4} (.text.xQueueGenericSend)
                  10284f44    00000170     drivers.am273x.r5f.ti-arm-clang.release.lib : uart_sci.obj (.text.UART_close)
                  102850b4    00000170     libc.a : strtol.c.obj (.text.strtol)
                  10285224    00000168     {82789A2A-CB14-4A30-883C-ABBB311030F4} (.text.CBUFF_addLinkedList)
                  1028538c    00000160     drivers.am273x.r5f.ti-arm-clang.release.lib : cbuff_lvds.obj (.text.CBUFF_initLVDS)
                  102854ec    00000150     {82789A2A-CB14-4A30-883C-ABBB311030F4} (.text.MMWave_configureAdvFrame)
                  1028563c    00000004     {82789A2A-CB14-4A30-883C-ABBB311030F4} (.text.MMWave_spiClose)
                  10285640    0000014c     libc.a : s_ceil.c.obj (.text.ceil)
                  1028578c    00000004     libclang_rt.builtins.a : aeabi_div0.c.obj (.text.__aeabi_idiv0)
                  10285790    00000148     {82789A2A-CB14-4A30-883C-ABBB311030F4} (.text.fcvt)
                  102858d8    00000144     {82789A2A-CB14-4A30-883C-ABBB311030F4} (.text.MmwCascade_csirxClose)
                  10285a1c    00000144     freertos.am273x.r5f.ti-arm-clang.release.lib : queue.obj (.text.xQueueGenericCreateStatic)
                  10285b60    00000140     {82789A2A-CB14-4A30-883C-ABBB311030F4} (.text.MMWave_configureFrame)
                  10285ca0    00000140     {82789A2A-CB14-4A30-883C-ABBB311030F4} (.text._pconv_e)
                  10285de0    0000013c     {82789A2A-CB14-4A30-883C-ABBB311030F4} (.text.UART_controllerIsr)
                  10285f1c    0000013c     libc.a : _io_perm.c.obj (.text.__TI_wrt_ok)
                  10286058    0000013c            : s_scalbn.c.obj (.text.ldexp)
                  10286194    00000124     freertos.am273x.r5f.ti-arm-clang.release.lib : SemaphoreP_freertos.obj (.text.SemaphoreP_pend)
                  102862b8    00000124                                                  : SemaphoreP_freertos.obj (.text.SemaphoreP_post)
                  102863dc    00000120     libmmwave_cascade_am273x.aer5f : mmwave_link_common.oer5f (.text.MMWave_configPhaseShift)
                  102864fc    0000011c     {82789A2A-CB14-4A30-883C-ABBB311030F4} (.text.MMWave_FirmwareDownload)
                  10286618    00000118     {82789A2A-CB14-4A30-883C-ABBB311030F4} (.text.Alloc_resource)
                  10286730    00000118     freertos.am273x.r5f.ti-arm-clang.release.lib : tasks.obj (.text.vTaskStartScheduler)
                  10286848    00000118     libclang_rt.builtins.a : udivmoddi4.S.obj (.text)
                  10286960    00000110     {82789A2A-CB14-4A30-883C-ABBB311030F4} (.text._ntoa_format)
                  10286a70    0000010c     libc.a : s_scalbnf.c.obj (.text.ldexpf)
                  10286b7c    00000104     {82789A2A-CB14-4A30-883C-ABBB311030F4} (.text.EDMA_transferCompletionMasterIsrFxn)
                  10286c80    00000104     libc.a : getdevice.c.obj (.text.getdevice)
                  10286d84    00000102     drivers.am273x.r5f.ti-arm-clang.release.lib : mibspi_v0.obj (.text.MIBSPI_dmaDoneCb)
                  10286e86    00000002     {82789A2A-CB14-4A30-883C-ABBB311030F4} (.text.MIBSPI_edmaDoNothing)
                  10286e88    00000100     {82789A2A-CB14-4A30-883C-ABBB311030F4} (.text.prvAddNewTaskToReadyList)
                  10286f88    000000fc     drivers.am273x.r5f.ti-arm-clang.release.lib : mibspi_v0.obj (.text.MIBSPI_close)
                  10287084    000000f0     {82789A2A-CB14-4A30-883C-ABBB311030F4} (.text.MMWave_gpioSpiIrqDevCallbackFxn)
                  10287174    000000f0     freertos.am273x.r5f.ti-arm-clang.release.lib : port.obj (.text.vApplicationIdleHook)
                  10287264    000000ee     {82789A2A-CB14-4A30-883C-ABBB311030F4} (.text.MIBSPI_ISR)
                  10287352    00000002     {82789A2A-CB14-4A30-883C-ABBB311030F4} (.text.MMWave_maskHostIRQ)
                  10287354    000000ec     common.oer5f (.text.Mmwave_ctrlTask)
                  10287440    000000ec     cascade_lvds_stream.oer5f (.text.allocateEDMAChannel)
                  1028752c    000000ec     freertos.am273x.r5f.ti-arm-clang.release.lib : tasks.obj (.text.vTaskSwitchContext)
                  10287618    000000e8                                                  : HeapP_freertos.obj (.text.HeapP_alloc)
                  10287700    000000e8     drivers.am273x.r5f.ti-arm-clang.release.lib : soc.obj (.text.SOC_virtToPhy)
                  102877e8    000000e8     libmmwavelink_cascade_am273x.aer5f : rl_driver.oer5f (.text.rlDriverMsgReadSpawnCtx)
                  102878d0    000000e4     main_mss.oer5f (.text.Enable_BUCK4_ViaPMIC)
                  102879b4    000000e4     {82789A2A-CB14-4A30-883C-ABBB311030F4} (.text.__TI_closefile)
                  10287a98    000000e0     {82789A2A-CB14-4A30-883C-ABBB311030F4} (.text.strtok)
                  10287b78    000000e0     freertos.am273x.r5f.ti-arm-clang.release.lib : tasks.obj (.text.xTaskIncrementTick)
                  10287c58    000000d4     drivers.am273x.r5f.ti-arm-clang.release.lib : mibspi_soc.obj (.text.MIBSPI_socMemInit)
                  10287d2c    000000d2     {82789A2A-CB14-4A30-883C-ABBB311030F4} (.text.MIBSPI_edmaFreeChResource)
                  10287dfe    00000002     {82789A2A-CB14-4A30-883C-ABBB311030F4} (.text.MMWave_unmaskHostIRQ)
                  10287e00    000000d0     libmmwave_cascade_am273x.aer5f : mmwave_fullcfg.oer5f (.text.MMWave_addChirp)
                  10287ed0    000000c4     freertos.am273x.r5f.ti-arm-clang.release.lib : tasks.obj (.text.xTaskResumeAll)
                  10287f94    000000c0     libtestlogger_am273x.aer5f : logger.oer5f (.text.MCPI_setFeatureTestResult)
                  10288054    000000c0     freertos.am273x.r5f.ti-arm-clang.release.lib : tasks.obj (.text.xTaskCreateStatic)
                  10288114    000000bc     {82789A2A-CB14-4A30-883C-ABBB311030F4} (.text._mcpy)
                  102881d0    000000bc     libc.a : fputc.c.obj (.text.fputc)
                  1028828c    000000b8     {82789A2A-CB14-4A30-883C-ABBB311030F4} (.text.SOC_rcmGetCoreHsDivOut)
                  10288344    000000b4     common.oer5f (.text.Mmwave_eventFxn)
                  102883f8    000000b0     libmmwave_cascade_am273x.aer5f : mmwave_link_common.oer5f (.text.MMWave_spawn)
                  102884a8    000000ac     {82789A2A-CB14-4A30-883C-ABBB311030F4} (.text.Cascade_LVDSStream_EDMAAllocateCBUFFSwChannel)
                  10288554    000000ac     {82789A2A-CB14-4A30-883C-ABBB311030F4} (.text.prvSampleTimeNow)
                  10288600    000000a8     freertos.am273x.r5f.ti-arm-clang.release.lib : tasks.obj (.text.vTaskPriorityDisinheritAfterTimeout)
                  102886a8    000000a6     {82789A2A-CB14-4A30-883C-ABBB311030F4} (.text._ntoa_long_long)
                  1028874e    000000a4     {82789A2A-CB14-4A30-883C-ABBB311030F4} (.text.CSIRX_commonIsr)
                  102887f2    00000002     {82789A2A-CB14-4A30-883C-ABBB311030F4} (.text._out_char)
                  102887f4    000000a4     freertos.am273x.r5f.ti-arm-clang.release.lib : tasks.obj (.text.xTaskPriorityDisinherit)
                  10288898    000000a0     drivers.am273x.r5f.ti-arm-clang.release.lib : edma.obj (.text.EDMA_freeDmaChannel)
                  10288938    000000a0                                                 : edma.obj (.text.EDMA_freeParam)
                  102889d8    000000a0                                                 : edma.obj (.text.EDMA_freeTcc)
                  10288a78    000000a0                                                 : edma.obj (.text.EDMA_unregisterIntr)
                  10288b18    000000a0     {82789A2A-CB14-4A30-883C-ABBB311030F4} (.text.MMWave_configureProfile)
                  10288bb8    000000a0     libmmwavelink_cascade_am273x.aer5f : rl_driver.oer5f (.text.rlDriverDeInit)
                  10288c58    000000a0     libc.a : memset32.S.obj (.text:memset)
                  10288cf8    0000009e     {82789A2A-CB14-4A30-883C-ABBB311030F4} (.text.EDMA_configureChannelRegion)
                  10288d96    00000002     --HOLE-- [fill = 0]
                  10288d98    00000098     libc.a : _ltoa.c.obj (.text.__TI_ltoa)
                  10288e30    00000098     freertos.am273x.r5f.ti-arm-clang.release.lib : tasks.obj (.text.eTaskGetState)
                  10288ec8    00000094     drivers.am273x.r5f.ti-arm-clang.release.lib : edma.obj (.text.EDMA_registerIntr)
                  10288f5c    00000094     libmmwave_cascade_am273x.aer5f : mmwave_fullcfg.oer5f (.text.MMWave_getPhaseShiftChirpHandle)
                  10288ff0    00000094     freertos.am273x.r5f.ti-arm-clang.release.lib : tasks.obj (.text.vTaskDelete)
                  10289084    00000092     {82789A2A-CB14-4A30-883C-ABBB311030F4} (.text.prvInitialiseNewTask)
                  10289116    00000002     --HOLE-- [fill = 0]
                  10289118    00000090     {82789A2A-CB14-4A30-883C-ABBB311030F4} (.text.rlSetProfileConfig)
                  102891a8    0000008c     freertos.am273x.r5f.ti-arm-clang.release.lib : tasks.obj (.text.xTaskCheckForTimeOut)
                  10289234    00000088     libc.a : fflush.c.obj (.text.__TI_doflush)
                  102892bc    00000088     {82789A2A-CB14-4A30-883C-ABBB311030F4} (.text._ecpy)
                  10289344    00000088     freertos.am273x.r5f.ti-arm-clang.release.lib : port.obj (.text.pxPortInitialiseStack)
                  102893cc    00000084     {82789A2A-CB14-4A30-883C-ABBB311030F4} (.text.EDMA_rxCompletionIsrFxn)
                  10289450    00000084     {82789A2A-CB14-4A30-883C-ABBB311030F4} (.text.EDMA_txCompletionIsrFxn)
                  102894d4    00000084     libmmwave_cascade_am273x.aer5f : mmwave_link_spi_22xx.oer5f (.text.MMWave_fileWrite)
                  10289558    00000080     {82789A2A-CB14-4A30-883C-ABBB311030F4} (.text.CBUFF_ISR)
                  102895d8    00000080     drivers.am273x.r5f.ti-arm-clang.release.lib : cbuff_lvds.obj (.text.CBUFF_initLVDSLinkListParams)
                  10289658    00000080     {82789A2A-CB14-4A30-883C-ABBB311030F4} (.text.MMWave_enableDevice)
                  102896d8    00000080     {82789A2A-CB14-4A30-883C-ABBB311030F4} (.text._ntoa_long)
                  10289758    00000080     {82789A2A-CB14-4A30-883C-ABBB311030F4} (.text._pconv_f)
                  102897d8    00000080     freertos.am273x.r5f.ti-arm-clang.release.lib : tasks.obj (.text.xTaskPriorityInherit)
                  10289858    0000007c     libsysbm.a : hostrename.c.obj (.text.HOSTrename)
                  102898d4    0000007c     libmmwave_cascade_am273x.aer5f : mmwave_fullcfg.oer5f (.text.MMWave_getProfileCfg)
                  10289950    0000007c     {82789A2A-CB14-4A30-883C-ABBB311030F4} (.text.MMWave_spiRead)
                  102899cc    0000007c     {82789A2A-CB14-4A30-883C-ABBB311030F4} (.text.UART_txEdmaIsrFxn)
                  10289a48    0000007c     libc.a : s_frexp.c.obj (.text.frexp)
                  10289ac4    0000007c     freertos.am273x.r5f.ti-arm-clang.release.lib : tasks.obj (.text.vTaskGetInfo)
                  10289b40    0000007c                                                  : tasks.obj (.text.xTaskRemoveFromEventList)
                  10289bbc    00000078     libsysbm.a : hostopen.c.obj (.text.HOSTopen)
                  10289c34    00000078     libmmwave_cascade_am273x.aer5f : mmwave_fullcfg.oer5f (.text.MMWave_getPhaseShiftChirpCfg)
                  10289cac    00000078     {82789A2A-CB14-4A30-883C-ABBB311030F4} (.text.MMWave_waitIRQStatus)
                  10289d24    00000078     {82789A2A-CB14-4A30-883C-ABBB311030F4} (.text.UART_rxEdmaIsrFxn)
                  10289d9c    00000076     {82789A2A-CB14-4A30-883C-ABBB311030F4} (.text._out_rev)
                  10289e12    00000002     --HOLE-- [fill = 0]
                  10289e14    00000074     {82789A2A-CB14-4A30-883C-ABBB311030F4} (.text.MMWave_spiWrite)
                  10289e88    00000072     {82789A2A-CB14-4A30-883C-ABBB311030F4} (.text.MIBSPI_writeDataRAM)
                  10289efa    00000002     --HOLE-- [fill = 0]
                  10289efc    00000070     ti_drivers_open_close.oer5f (.text.Drivers_edmaClose)
                  10289f6c    00000070     {82789A2A-CB14-4A30-883C-ABBB311030F4} (.text.prvUnlockQueue)
                  10289fdc    00000070     {82789A2A-CB14-4A30-883C-ABBB311030F4} (.text.snprintf)
                  1028a04c    0000006c     libc.a : atoi.c.obj (.text.atoi)
                  1028a0b8    00000068     libsysbm.a : hostlseek.c.obj (.text.HOSTlseek)
                  1028a120    00000068     main_mss.oer5f (.text.configureTransfer)
                  1028a188    00000066     {82789A2A-CB14-4A30-883C-ABBB311030F4} (.text.EDMA_disableTransferRegion)
                  1028a1ee    00000002     --HOLE-- [fill = 0]
                  1028a1f0    00000064     {82789A2A-CB14-4A30-883C-ABBB311030F4} (.text.Cascade_LVDSStream_EDMAFreeCBUFFSwChannel)
                  1028a254    00000064     libmmwavelink_cascade_am273x.aer5f : rl_driver.oer5f (.text.rlDriverHostIrqHandler)
                  1028a2b8    00000064     {82789A2A-CB14-4A30-883C-ABBB311030F4} (.text.rlRfSetPhaseShiftConfig)
                  1028a31c    00000062     {82789A2A-CB14-4A30-883C-ABBB311030F4} (.text.MIBSPI_readDataRAM)
                  1028a37e    00000002     --HOLE-- [fill = 0]
                  1028a380    00000060     {82789A2A-CB14-4A30-883C-ABBB311030F4} (.text.SOC_rcmGetADPLLJFout)
                  1028a3e0    00000060     {82789A2A-CB14-4A30-883C-ABBB311030F4} (.text._fcpy)
                  1028a440    00000060     {82789A2A-CB14-4A30-883C-ABBB311030F4} (.text.fprintf)
                  1028a4a0    00000060     {82789A2A-CB14-4A30-883C-ABBB311030F4} (.text.prvAddCurrentTaskToDelayedList)
                  1028a500    00000060     libmmwavelink_cascade_am273x.aer5f : rl_device.oer5f (.text.rlDevicePowerOff)
                  1028a560    0000005c     freertos.am273x.r5f.ti-arm-clang.release.lib : DebugP_log.obj (.text._DebugP_assert)
                  1028a5bc    0000005c     {82789A2A-CB14-4A30-883C-ABBB311030F4} (.text.printf)
                  1028a618    00000058     libsysbm.a : hostread.c.obj (.text.HOSTread)
                  1028a670    00000058                : hostwrite.c.obj (.text.HOSTwrite)
                  1028a6c8    00000058     {82789A2A-CB14-4A30-883C-ABBB311030F4} (.text.MIBSPI_enablePinSettings)
                  1028a720    00000058     freertos.am273x.r5f.ti-arm-clang.release.lib : SemaphoreP_freertos.obj (.text.SemaphoreP_destruct)
                  1028a778    00000058     libc.a : fopen.c.obj (.text.__TI_cleanup)
                  1028a7d0    00000058     libsysbm.a : trgmsg.c.obj (.text.__TI_readmsg)
                  1028a828    00000058                : trgmsg.c.obj (.text.__TI_writemsg)
                  1028a880    00000058     {82789A2A-CB14-4A30-883C-ABBB311030F4} (.text._outs.147)
                  1028a8d8    00000058     {82789A2A-CB14-4A30-883C-ABBB311030F4} (.text._outs)
                  1028a930    00000058     {82789A2A-CB14-4A30-883C-ABBB311030F4} (.text.rlDriverExecuteGetApi)
                  1028a988    00000058     libmmwavelink_cascade_am273x.aer5f : rl_driver.oer5f (.text.rlDriverExecuteSetApi)
                  1028a9e0    00000054     {82789A2A-CB14-4A30-883C-ABBB311030F4} (.text.CBUFF_ErrorISR)
                  1028aa34    00000054     libc.a : autoinit.c.obj (.text:__TI_auto_init_nobinit_nopinit)
                  1028aa88    00000050     drivers.am273x.r5f.ti-arm-clang.release.lib : edma.obj (.text.EDMA_allocDmaChannel)
                  1028aad8    00000050                                                 : edma.obj (.text.EDMA_allocParam)
                  1028ab28    00000050                                                 : edma.obj (.text.EDMA_allocTcc)
                  1028ab78    00000050     libsysbm.a : hostunlink.c.obj (.text.HOSTunlink)
                  1028abc8    00000050     libmmwave_cascade_am273x.aer5f : mmwave_osal.oer5f (.text.MMWave_osalMutexCreate)
                  1028ac18    00000050     {82789A2A-CB14-4A30-883C-ABBB311030F4} (.text.vsnprintf)
                  1028ac68    0000004c     libmmwave_cascade_am273x.aer5f : mmwave_osal.oer5f (.text.MMWave_osalSemCreate)
                  1028acb4    0000004c     {82789A2A-CB14-4A30-883C-ABBB311030F4} (.text.SOC_rcmGetXtalFrequency)
                  1028ad00    0000004c     {82789A2A-CB14-4A30-883C-ABBB311030F4} (.text.prvIdleTask)
                  1028ad4c    0000004c     libmmwavelink_cascade_am273x.aer5f : rl_driver.oer5f (.text.rlDriverAsyncEventHandler)
                  1028ad98    0000004c     freertos.am273x.r5f.ti-arm-clang.release.lib : tasks.obj (.text.vTaskDelay)
                  1028ade4    0000004c                                                  : tasks.obj (.text.vTaskPlaceOnEventListRestricted)
                  1028ae30    0000004c     {82789A2A-CB14-4A30-883C-ABBB311030F4} (.text.xTimerGenericCommand)
                  1028ae7c    00000048     cascade_csirx.oer5f (.text.MmwCascade_csirx1EOLcallback)
                  1028aec4    00000048     freertos.am273x.r5f.ti-arm-clang.release.lib : SemaphoreP_freertos.obj (.text.SemaphoreP_constructMutex)
                  1028af0c    00000044                                                  : SemaphoreP_freertos.obj (.text.SemaphoreP_constructBinary)
                  1028af50    00000044     {82789A2A-CB14-4A30-883C-ABBB311030F4} (.text.free_list_insert)
                  1028af94    00000044     {82789A2A-CB14-4A30-883C-ABBB311030F4} (.text.prvDeleteTCB)
                  1028afd8    00000042     {82789A2A-CB14-4A30-883C-ABBB311030F4} (.text.CSIRX_complexioSetLaneIntr)
                  1028b01a    00000002     --HOLE-- [fill = 0]
                  1028b01c    00000040     freertos.am273x.r5f.ti-arm-clang.release.lib : tasks.obj (.text.vTaskPlaceOnEventList)
                  1028b05c    0000003e     libmmwavelink_cascade_am273x.aer5f : rl_driver.oer5f (.text.rlDeviceIdentifyCmdDir)
                  1028b09a    00000002     --HOLE-- [fill = 0]
                  1028b09c    0000003c     drivers.am273x.r5f.ti-arm-clang.release.lib : edma.obj (.text.EDMA_getBaseAddr)
                  1028b0d8    0000003c     freertos.am273x.r5f.ti-arm-clang.release.lib : HeapP_freertos.obj (.text.HeapP_construct)
                  1028b114    0000003c     cascade_csirx.oer5f (.text.MmwCascade_csirxCombinedEOFcallback)
                  1028b150    0000003c     {82789A2A-CB14-4A30-883C-ABBB311030F4} (.text.prvInsertTimerInActiveList)
                  1028b18c    0000003c     {82789A2A-CB14-4A30-883C-ABBB311030F4} (.text.rlDriverCalChkSum)
                  1028b1c8    0000003a     {82789A2A-CB14-4A30-883C-ABBB311030F4} (.text.prvInsertBlockIntoFreeList)
                  1028b202    00000002     --HOLE-- [fill = 0]
                  1028b204    00000038     freertos.am273x.r5f.ti-arm-clang.release.lib : ClockP_freertos.obj (.text.ClockP_getTimeUsec)
                  1028b23c    00000038     libsysbm.a : hostclose.c.obj (.text.HOSTclose)
                  1028b274    00000038     {82789A2A-CB14-4A30-883C-ABBB311030F4} (.text.MIBSPI_getPhase)
                  1028b2ac    00000038     {82789A2A-CB14-4A30-883C-ABBB311030F4} (.text.MIBSPI_getPolarity)
                  1028b2e4    00000038     {82789A2A-CB14-4A30-883C-ABBB311030F4} (.text.memccpy)
                  1028b31c    00000036     drivers.am273x.r5f.ti-arm-clang.release.lib : edma.obj (.text.EDMA_clrMissEvtRegion)
                  1028b352    00000002     --HOLE-- [fill = 0]
                  1028b354    00000034     freertos.am273x.r5f.ti-arm-clang.release.lib : ClockP_freertos.obj (.text.ClockP_usleep)
                  1028b388    00000034     {82789A2A-CB14-4A30-883C-ABBB311030F4} (.text.free_list_remove)
                  1028b3bc    00000034     libsysbm.a : write.c.obj (.text.write)
                  1028b3f0    00000032     {82789A2A-CB14-4A30-883C-ABBB311030F4} (.text.CBUFF_clearStatus)
                  1028b422    00000032     {82789A2A-CB14-4A30-883C-ABBB311030F4} (.text.EDMA_enableTransferRegion)
                  1028b454    00000030     drivers.am273x.r5f.ti-arm-clang.release.lib : cbuff_lvds.obj (.text.CBUFF_closeLVDS)
                  1028b484    00000030     {82789A2A-CB14-4A30-883C-ABBB311030F4} (.text.CLI_uartPrintf)
                  1028b4b4    00000030     {82789A2A-CB14-4A30-883C-ABBB311030F4} (.text.MMWave_spiOpen)
                  1028b4e4    00000030     freertos.am273x.r5f.ti-arm-clang.release.lib : PmuP_armv7r_asm.obj (.text.pmu)
                  1028b514    00000030                                                  : tasks.obj (.text.xTaskGetIdleTaskHandle)
                  1028b544    0000002e     drivers.am273x.r5f.ti-arm-clang.release.lib : crc.obj (.text.CRC_channelReset)
                  1028b572    0000002e     freertos.am273x.r5f.ti-arm-clang.release.lib : list.obj (.text.vListInsert)
                  1028b5a0    0000002c                                                  : ClockP_freertos.obj (.text.ClockP_timerTickIsr)
                  1028b5cc    00000004     libclang_rt.builtins.a : aeabi_div0.c.obj (.text.__aeabi_ldiv0)
                  1028b5d0    0000002c                            : divsi3.S.obj (.text.__divsi3)
                  1028b5fc    0000002c     {82789A2A-CB14-4A30-883C-ABBB311030F4} (.text._outc.146)
                  1028b628    0000002c     {82789A2A-CB14-4A30-883C-ABBB311030F4} (.text._outc)
                  1028b654    0000002c     libc.a : exit.c.obj (.text.exit)
                  1028b680    0000002c     {82789A2A-CB14-4A30-883C-ABBB311030F4} (.text.puts)
                  1028b6ac    0000002c     libmmwavelink_cascade_am273x.aer5f : rl_sensor.oer5f (.text.rlEnableContMode)
                  1028b6d8    0000002c                                        : rl_sensor.oer5f (.text.rlRfSetMiscConfig)
                  1028b704    0000002c                                        : rl_sensor.oer5f (.text.rlSensorStart)
                  1028b730    0000002c                                        : rl_sensor.oer5f (.text.rlSetChannelConfig)
                  1028b75c    0000002a     {82789A2A-CB14-4A30-883C-ABBB311030F4} (.text.CSIRX_complexioGetLanePendingIntr)
                  1028b786    0000002a     {82789A2A-CB14-4A30-883C-ABBB311030F4} (.text.MIBSPI_checkTGComplete)
                  1028b7b0    00000028     {82789A2A-CB14-4A30-883C-ABBB311030F4} (.text.CLI_validateConfigSize)
                  1028b7d8    00000028     {82789A2A-CB14-4A30-883C-ABBB311030F4} (.text.MIBSPI_edmaMapTcc2DmaReqLine)
                  1028b800    00000028     {82789A2A-CB14-4A30-883C-ABBB311030F4} (.text.allocateEDMAShadowChannel)
                  1028b828    00000028     libmmwavelink_cascade_am273x.aer5f : rl_device.oer5f (.text.rlDeviceRfStart)
                  1028b850    00000028     {82789A2A-CB14-4A30-883C-ABBB311030F4} (.text.rlGetSubBlock)
                  1028b878    00000028     libmmwavelink_cascade_am273x.aer5f : rl_sensor.oer5f (.text.rlSensorStop)
                  1028b8a0    00000028     {82789A2A-CB14-4A30-883C-ABBB311030F4} (.text.strchr)
                  1028b8c8    00000028     freertos.am273x.r5f.ti-arm-clang.release.lib : port.obj (.text.vApplicationStackOverflowHook)
                  1028b8f0    00000026     drivers.am273x.r5f.ti-arm-clang.release.lib : edma.obj (.text.EDMA_readIntrStatusRegion)
                  1028b916    00000026                                                 : edma.obj (.text.EDMA_setPaRAM)
                  1028b93c    00000026     {82789A2A-CB14-4A30-883C-ABBB311030F4} (.text.UART_txChar)
                  1028b962    00000002     --HOLE-- [fill = 0]
                  1028b964    00000024     {82789A2A-CB14-4A30-883C-ABBB311030F4} (.text.CLI_getChirpsPerFrame)
                  1028b988    00000024     ti_drivers_open_close.oer5f (.text.Drivers_mibspiClose)
                  1028b9ac    00000024     drivers.am273x.r5f.ti-arm-clang.release.lib : edma.obj (.text.EDMA_getHandle)
                  1028b9d0    00000024     {82789A2A-CB14-4A30-883C-ABBB311030F4} (.text.UART_rxChar)
                  1028b9f4    00000024     libclang_rt.builtins.a : aeabi_uldivmod.S.obj (.text.__aeabi_uldivmod)
                  1028ba18    00000024     {82789A2A-CB14-4A30-883C-ABBB311030F4} (.text._atoi)
                  1028ba3c    00000024     {82789A2A-CB14-4A30-883C-ABBB311030F4} (.text.prvCopyDataFromQueue)
                  1028ba60    00000024     {82789A2A-CB14-4A30-883C-ABBB311030F4} (.text.prvResetNextTaskUnblockTime)
                  1028ba84    00000024     freertos.am273x.r5f.ti-arm-clang.release.lib : port.obj (.text.vPortTimerTickHandler)
                  1028baa8    00000024                                                  : queue.obj (.text.vQueueAddToRegistry)
                  1028bacc    00000024                                                  : tasks.obj (.text.vTaskExitCritical)
                  1028baf0    00000022     {82789A2A-CB14-4A30-883C-ABBB311030F4} (.text.CSIRX_contextEnableOrDisable)
                  1028bb12    00000022     drivers.am273x.r5f.ti-arm-clang.release.lib : edma.obj (.text.EDMA_linkChannel)
                  1028bb34    00000022                                                 : gpio_v1.obj (.text.GPIO_setDirMode)
                  1028bb56    00000022     {82789A2A-CB14-4A30-883C-ABBB311030F4} (.text.MIBSPI_transferGroupDisable)
                  1028bb78    00000022     {82789A2A-CB14-4A30-883C-ABBB311030F4} (.text.uxListRemove)
                  1028bb9a    00000020     {82789A2A-CB14-4A30-883C-ABBB311030F4} (.text.CBUFF_initLinkedList)
                  1028bbba    00000002     --HOLE-- [fill = 0]
                  1028bbbc    00000020     {82789A2A-CB14-4A30-883C-ABBB311030F4} (.text.DebugP_logZoneEnable)
                  1028bbdc    00000020     {82789A2A-CB14-4A30-883C-ABBB311030F4} (.text.strlen.154)
                  1028bbfc    00000020     {82789A2A-CB14-4A30-883C-ABBB311030F4} (.text.strlen)
                  1028bc1c    00000020     freertos.am273x.r5f.ti-arm-clang.release.lib : heap_3.obj (.text.vPortFree)
                  1028bc3c    0000001e     {82789A2A-CB14-4A30-883C-ABBB311030F4} (.text.MIBSPI_resetTransactionState)
                  1028bc5a    00000002     --HOLE-- [fill = 0]
                  1028bc5c    0000001c     {82789A2A-CB14-4A30-883C-ABBB311030F4} (.text.CSIRX_init)
                  1028bc78    0000001c     libmmwave_cascade_am273x.aer5f : mmwave_link_common.oer5f (.text.MMWave_internalLinkSync)
                  1028bc94    0000001c     {82789A2A-CB14-4A30-883C-ABBB311030F4} (.text.strcpy)
                  1028bcb0    0000001c     libc.a : wcslen.c.obj (.text.wcslen)
                  1028bccc    0000001a     drivers.am273x.r5f.ti-arm-clang.release.lib : cbuff_lvds.obj (.text.CBUFF_finalizeLVDSLinkListParams)
                  1028bce6    0000001a     {82789A2A-CB14-4A30-883C-ABBB311030F4} (.text.SOC_rcmGetClkSrcFromClkSelVal)
                  1028bd00    00000018     ti_drivers_open_close.oer5f (.text.Drivers_uartClose)
                  1028bd18    00000018     drivers.am273x.r5f.ti-arm-clang.release.lib : gpio_v1.obj (.text.GPIO_pinRead)
                  1028bd30    00000018     libmmwave_cascade_am273x.aer5f : mmwave_listlib.oer5f (.text.MMWave_listRemove)
                  1028bd48    00000018                                    : mmwave_osal.oer5f (.text.MMWave_osalMutexLock)
                  1028bd60    00000018     freertos.am273x.r5f.ti-arm-clang.release.lib : boot_armv7r.obj (.text._system_pre_init)
                  1028bd78    00000018     {82789A2A-CB14-4A30-883C-ABBB311030F4} (.text.prvIsQueueEmpty)
                  1028bd90    00000018     freertos.am273x.r5f.ti-arm-clang.release.lib : tasks.obj (.text.pvTaskIncrementMutexHeldCount)
                  1028bda8    00000018                                                  : list.obj (.text.vListInsertEnd)
                  1028bdc0    00000018                                                  : tasks.obj (.text.vTaskEnterCritical)
                  1028bdd8    00000018                                                  : port.obj (.text.xPortStartScheduler)
                  1028bdf0    00000018                                                  : tasks.obj (.text.xTaskGetTickCount)
                  1028be08    00000014     {82789A2A-CB14-4A30-883C-ABBB311030F4} (.text.CSIRX_commonStartOfFrameIntr0Isr)
                  1028be1c    00000014     {82789A2A-CB14-4A30-883C-ABBB311030F4} (.text.CSIRX_commonStartOfFrameIntr1Isr)
                  1028be30    00000014     {82789A2A-CB14-4A30-883C-ABBB311030F4} (.text.Cascade_LVDSStream_SwTriggerFrameDone)
                  1028be44    00000014     drivers.am273x.r5f.ti-arm-clang.release.lib : edma.obj (.text.EDMA_getRegionId)
                  1028be58    00000012     libmmwave_cascade_am273x.aer5f : mmwave_osal.oer5f (.text.MMWave_osalSemWait)
                  1028be6a    00000012     {82789A2A-CB14-4A30-883C-ABBB311030F4} (.text.countBits)
                  1028be7c    00000010     {82789A2A-CB14-4A30-883C-ABBB311030F4} (.text.CSIRX_commonCombinedEndOfFrameIsr)
                  1028be8c    00000010     {82789A2A-CB14-4A30-883C-ABBB311030F4} (.text.CSIRX_commonCombinedEndOfLineIsr)
                  1028be9c    00000010     {82789A2A-CB14-4A30-883C-ABBB311030F4} (.text.MMWave_registerInterruptHandler)
                  1028beac    00000010     {82789A2A-CB14-4A30-883C-ABBB311030F4} (.text.MmwCascade_CsiConfigTask)
                  1028bebc    00000010     libclang_rt.builtins.a : aeabi_memset.S.obj (.text.__aeabi_memset)
                  1028becc    00000010     {82789A2A-CB14-4A30-883C-ABBB311030F4} (.text.strlen.721)
                  1028bedc    0000000c     libmmwave_cascade_am273x.aer5f : mmwave_osal.oer5f (.text.MMWave_osalMutexDelete)
                  1028bee8    0000000c                                    : mmwave_osal.oer5f (.text.MMWave_osalMutexUnlock)
                  1028bef4    0000000c                                    : mmwave_osal.oer5f (.text.MMWave_osalSemDelete)
                  1028bf00    0000000c                                    : mmwave_osal.oer5f (.text.MMWave_osalSemSignal)
                  1028bf0c    0000000c     libclang_rt.builtins.a : aeabi_memset.S.obj (.text.__aeabi_memclr)
                  1028bf18    0000000c     freertos.am273x.r5f.ti-arm-clang.release.lib : CpuId_armv7r_asm.obj (.text)
                  1028bf24    00000008     libsysbm.a : hostexit.c.obj (.text.HOSTexit)
                  1028bf2c    00000006     {82789A2A-CB14-4A30-883C-ABBB311030F4} (.text.prvTaskExitError)
                  1028bf32    00000002     --HOLE-- [fill = 0]
                  1028bf34    00000004     libclang_rt.builtins.a : aeabi_memcpy.S.obj (.text.__aeabi_memcpy)
                  1028bf38    00000004     {82789A2A-CB14-4A30-883C-ABBB311030F4} (.text._outc.159)
                  1028bf3c    00000004     {82789A2A-CB14-4A30-883C-ABBB311030F4} (.text._outc.32)
                  1028bf40    0000000c     libc.a : strcmp32.S.obj (.text)
                  1028bf4c    00000004     {82789A2A-CB14-4A30-883C-ABBB311030F4} (.text._outs.160)
                  1028bf50    00000004     {82789A2A-CB14-4A30-883C-ABBB311030F4} (.text._outs.33)
                  1028bf54    00000004     {82789A2A-CB14-4A30-883C-ABBB311030F4} (.text.fclose)
                  1028bf58    00000008     libclang_rt.builtins.a : aeabi_memcpy.S.obj (.tramp.__aeabi_memcpy.1)
                  1028bf60    00000008     freertos.am273x.r5f.ti-arm-clang.release.lib : HwiP_armv7r_asm.obj (.tramp.HwiP_restore.1)
                  1028bf68    00000008                                                  : HwiP_armv7r_asm.obj (.tramp.HwiP_enable.1)
                  1028bf70    00000010     --HOLE-- [fill = 0]

.rodata    0    1028bf80    00004b60     
                  1028bf80    00000270     {82789A2A-CB14-4A30-883C-ABBB311030F4} (.rodata.gSocRcmADPLLJConfigTbl)
                  1028c1f0    0000013f     {82789A2A-CB14-4A30-883C-ABBB311030F4} (.rodata.str1.5360598976887875215.1)
                  1028c32f    00000001     --HOLE-- [fill = 0]
                  1028c330    00000101     libc.a : aeabi_ctype.S.obj (.rodata:__aeabi_ctype_table_)
                  1028c431    00000003     {82789A2A-CB14-4A30-883C-ABBB311030F4} (.rodata.str1.5494904264648955676.1)
                  1028c434    000000d8     ti_drivers_open_close.oer5f (.rodata.gMibspiOpenParams)
                  1028c50c    00000098     {82789A2A-CB14-4A30-883C-ABBB311030F4} (.rodata.gPinMuxMainDomainCfg)
                  1028c5a4    0000008c     {82789A2A-CB14-4A30-883C-ABBB311030F4} (.rodata.str1.15489572737629160270.1)
                  1028c630    00000082     {82789A2A-CB14-4A30-883C-ABBB311030F4} (.rodata.str1.3568461549821553994.1)
                  1028c6b2    0000007f     {82789A2A-CB14-4A30-883C-ABBB311030F4} (.rodata.str1.935713870010809329.1)
                  1028c731    0000006b     {82789A2A-CB14-4A30-883C-ABBB311030F4} (.rodata.str1.9394625218149024795.1)
                  1028c79c    00000063     {82789A2A-CB14-4A30-883C-ABBB311030F4} (.rodata.str1.6069377085365005306.1)
                  1028c7ff    00000062     {82789A2A-CB14-4A30-883C-ABBB311030F4} (.rodata.str1.7452208122336253269.1)
                  1028c861    00000061     {82789A2A-CB14-4A30-883C-ABBB311030F4} (.rodata.str1.16733534387100454224.1)
                  1028c8c2    0000005f     {82789A2A-CB14-4A30-883C-ABBB311030F4} (.rodata.str1.12420656939446119214.1)
                  1028c921    0000005d     {82789A2A-CB14-4A30-883C-ABBB311030F4} (.rodata.str1.5643951069442128540.1)
                  1028c97e    0000005c     {82789A2A-CB14-4A30-883C-ABBB311030F4} (.rodata.str1.16123300321185486069.1)
                  1028c9da    00000059     {82789A2A-CB14-4A30-883C-ABBB311030F4} (.rodata.str1.12595120539327777177.1)
                  1028ca33    00000059     {82789A2A-CB14-4A30-883C-ABBB311030F4} (.rodata.str1.7579943706118776166.1)
                  1028ca8c    00000057     {82789A2A-CB14-4A30-883C-ABBB311030F4} (.rodata.str1.7420614542962252157.1)
                  1028cae3    00000001     --HOLE-- [fill = 0]
                  1028cae4    00000054     ti_dpl_config.oer5f (.rodata.cfg)
                  1028cb38    00000053     {82789A2A-CB14-4A30-883C-ABBB311030F4} (.rodata.str1.4545792809383673217.1)
                  1028cb8b    00000051     {82789A2A-CB14-4A30-883C-ABBB311030F4} (.rodata.str1.5395657586071776190.1)
                  1028cbdc    00000004     freertos.am273x.r5f.ti-arm-clang.release.lib : CacheP_armv7r.obj (.rodata.gCacheL1dCacheLineSize)
                  1028cbe0    00000050     {82789A2A-CB14-4A30-883C-ABBB311030F4} (.rodata._ftoa.pow10)
                  1028cc30    00000050     {82789A2A-CB14-4A30-883C-ABBB311030F4} (.rodata.str1.11704984100509287937.1)
                  1028cc80    00000050     {82789A2A-CB14-4A30-883C-ABBB311030F4} (.rodata.str1.415957320767856817.1)
                  1028ccd0    0000004d     {82789A2A-CB14-4A30-883C-ABBB311030F4} (.rodata.str1.1647177643344896048.1)
                  1028cd1d    0000004b     {82789A2A-CB14-4A30-883C-ABBB311030F4} (.rodata.str1.14716543751173125569.1)
                  1028cd68    0000004a     {82789A2A-CB14-4A30-883C-ABBB311030F4} (.rodata.str1.11185289688286334073.1)
                  1028cdb2    0000004a     {82789A2A-CB14-4A30-883C-ABBB311030F4} (.rodata.str1.16071118471686489801.1)
                  1028cdfc    00000049     {82789A2A-CB14-4A30-883C-ABBB311030F4} (.rodata.str1.1549235219126328594.1)
                  1028ce45    00000047     {82789A2A-CB14-4A30-883C-ABBB311030F4} (.rodata.str1.13658857479975559879.1)
                  1028ce8c    00000047     {82789A2A-CB14-4A30-883C-ABBB311030F4} (.rodata.str1.5239029084251048222.1)
                  1028ced3    00000046     {82789A2A-CB14-4A30-883C-ABBB311030F4} (.rodata.str1.18000584088544161916.1)
                  1028cf19    00000044     {82789A2A-CB14-4A30-883C-ABBB311030F4} (.rodata.str1.14008346329721996179.1)
                  1028cf5d    00000042     {82789A2A-CB14-4A30-883C-ABBB311030F4} (.rodata.str1.16706140668563553079.1)
                  1028cf9f    00000042     {82789A2A-CB14-4A30-883C-ABBB311030F4} (.rodata.str1.17119381524445397810.1)
                  1028cfe1    00000042     {82789A2A-CB14-4A30-883C-ABBB311030F4} (.rodata.str1.18280375125941940330.1)
                  1028d023    00000042     {82789A2A-CB14-4A30-883C-ABBB311030F4} (.rodata.str1.3333703915057270637.1)
                  1028d065    00000041     {82789A2A-CB14-4A30-883C-ABBB311030F4} (.rodata.str1.16855152853198985622.1)
                  1028d0a6    00000041     {82789A2A-CB14-4A30-883C-ABBB311030F4} (.rodata.str1.3225015999365631260.1)
                  1028d0e7    00000001     --HOLE-- [fill = 0]
                  1028d0e8    00000040     {82789A2A-CB14-4A30-883C-ABBB311030F4} (.rodata.digits)
                  1028d128    00000040     {82789A2A-CB14-4A30-883C-ABBB311030F4} (.rodata.gSocRcmXtalInfo)
                  1028d168    00000040     {82789A2A-CB14-4A30-883C-ABBB311030F4} (.rodata.str1.11710730150162100514.1)
                  1028d1a8    00000040     {82789A2A-CB14-4A30-883C-ABBB311030F4} (.rodata.str1.12467285561827072696.1)
                  1028d1e8    00000040     {82789A2A-CB14-4A30-883C-ABBB311030F4} (.rodata.str1.12626670851419487172.1)
                  1028d228    00000040     {82789A2A-CB14-4A30-883C-ABBB311030F4} (.rodata.str1.6155404459906956401.1)
                  1028d268    00000040     {82789A2A-CB14-4A30-883C-ABBB311030F4} (.rodata.str1.988121629602268728.1)
                  1028d2a8    0000003f     {82789A2A-CB14-4A30-883C-ABBB311030F4} (.rodata.str1.12614782775550208090.1)
                  1028d2e7    0000003f     {82789A2A-CB14-4A30-883C-ABBB311030F4} (.rodata.str1.6639191679005124535.1)
                  1028d326    0000003f     {82789A2A-CB14-4A30-883C-ABBB311030F4} (.rodata.str1.7979543888230887608.1)
                  1028d365    0000003e     {82789A2A-CB14-4A30-883C-ABBB311030F4} (.rodata.str1.5867393545191441450.1)
                  1028d3a3    0000003e     {82789A2A-CB14-4A30-883C-ABBB311030F4} (.rodata.str1.7248597736941404440.1)
                  1028d3e1    0000003d     {82789A2A-CB14-4A30-883C-ABBB311030F4} (.rodata.str1.15333335336306860104.1)
                  1028d41e    0000003d     {82789A2A-CB14-4A30-883C-ABBB311030F4} (.rodata.str1.16363306501005725073.1)
                  1028d45b    0000003d     {82789A2A-CB14-4A30-883C-ABBB311030F4} (.rodata.str1.4974391245292645797.1)
                  1028d498    0000003d     {82789A2A-CB14-4A30-883C-ABBB311030F4} (.rodata.str1.8929246036205116268.1)
                  1028d4d5    0000003d     {82789A2A-CB14-4A30-883C-ABBB311030F4} (.rodata.str1.9142754972178176391.1)
                  1028d512    00000002     {82789A2A-CB14-4A30-883C-ABBB311030F4} (.rodata.str1.10600635088944167401.1)
                  1028d514    0000003c     ti_power_clock_config.oer5f (.rodata.gSocModulesClockFrequency)
                  1028d550    0000003c     {82789A2A-CB14-4A30-883C-ABBB311030F4} (.rodata.str1.10914152457598134795.1)
                  1028d58c    0000003c     {82789A2A-CB14-4A30-883C-ABBB311030F4} (.rodata.str1.18298366676390901967.1)
                  1028d5c8    0000003c     {82789A2A-CB14-4A30-883C-ABBB311030F4} (.rodata.str1.18383736248988402566.1)
                  1028d604    0000003c     {82789A2A-CB14-4A30-883C-ABBB311030F4} (.rodata.str1.5487084172370186406.1)
                  1028d640    0000003b     {82789A2A-CB14-4A30-883C-ABBB311030F4} (.rodata.str1.3374659652931733775.1)
                  1028d67b    0000003b     {82789A2A-CB14-4A30-883C-ABBB311030F4} (.rodata.str1.5840009456700410944.1)
                  1028d6b6    0000003b     {82789A2A-CB14-4A30-883C-ABBB311030F4} (.rodata.str1.7656974296525951535.1)
                  1028d6f1    0000003b     {82789A2A-CB14-4A30-883C-ABBB311030F4} (.rodata.str1.7679145649004986654.1)
                  1028d72c    0000003a     {82789A2A-CB14-4A30-883C-ABBB311030F4} (.rodata.str1.8781301953493706040.1)
                  1028d766    00000039     {82789A2A-CB14-4A30-883C-ABBB311030F4} (.rodata.str1.12675618556841799795.1)
                  1028d79f    00000039     {82789A2A-CB14-4A30-883C-ABBB311030F4} (.rodata.str1.2043102123910183314.1)
                  1028d7d8    00000039     {82789A2A-CB14-4A30-883C-ABBB311030F4} (.rodata.str1.5288049560598607670.1)
                  1028d811    00000039     {82789A2A-CB14-4A30-883C-ABBB311030F4} (.rodata.str1.9776565450443705635.1)
                  1028d84a    00000006     {82789A2A-CB14-4A30-883C-ABBB311030F4} (.rodata.str1.14422016587543244811.1)
                  1028d850    00000038     ti_drivers_open_close.oer5f (.rodata.gUartParams)
                  1028d888    00000038     {82789A2A-CB14-4A30-883C-ABBB311030F4} (.rodata.str1.13957737806124936715.1)
                  1028d8c0    00000038     {82789A2A-CB14-4A30-883C-ABBB311030F4} (.rodata.str1.16106398868781473875.1)
                  1028d8f8    00000038     {82789A2A-CB14-4A30-883C-ABBB311030F4} (.rodata.str1.3218897347754341040.1)
                  1028d930    00000037     {82789A2A-CB14-4A30-883C-ABBB311030F4} (.rodata.str1.14326563606022736846.1)
                  1028d967    00000037     {82789A2A-CB14-4A30-883C-ABBB311030F4} (.rodata.str1.14718024076616831114.1)
                  1028d99e    00000037     {82789A2A-CB14-4A30-883C-ABBB311030F4} (.rodata.str1.15560014301001620539.1)
                  1028d9d5    00000037     {82789A2A-CB14-4A30-883C-ABBB311030F4} (.rodata.str1.16458136454850407824.1)
                  1028da0c    00000037     {82789A2A-CB14-4A30-883C-ABBB311030F4} (.rodata.str1.16851486938855213335.1)
                  1028da43    00000037     {82789A2A-CB14-4A30-883C-ABBB311030F4} (.rodata.str1.8702239324041680261.1)
                  1028da7a    00000037     {82789A2A-CB14-4A30-883C-ABBB311030F4} (.rodata.str1.9571831365752425223.1)
                  1028dab1    00000036     {82789A2A-CB14-4A30-883C-ABBB311030F4} (.rodata.str1.16064754050472685933.1)
                  1028dae7    00000036     {82789A2A-CB14-4A30-883C-ABBB311030F4} (.rodata.str1.16329871980696407470.1)
                  1028db1d    00000036     {82789A2A-CB14-4A30-883C-ABBB311030F4} (.rodata.str1.2374930628651260105.1)
                  1028db53    00000036     {82789A2A-CB14-4A30-883C-ABBB311030F4} (.rodata.str1.4445036064785734093.1)
                  1028db89    00000036     {82789A2A-CB14-4A30-883C-ABBB311030F4} (.rodata.str1.496681157919567127.1)
                  1028dbbf    00000035     {82789A2A-CB14-4A30-883C-ABBB311030F4} (.rodata.str1.11477709987339859837.1)
                  1028dbf4    00000035     {82789A2A-CB14-4A30-883C-ABBB311030F4} (.rodata.str1.13791258149020473201.1)
                  1028dc29    00000035     {82789A2A-CB14-4A30-883C-ABBB311030F4} (.rodata.str1.3425896415925737334.1)
                  1028dc5e    00000035     {82789A2A-CB14-4A30-883C-ABBB311030F4} (.rodata.str1.8394993227128659014.1)
                  1028dc93    00000034     {82789A2A-CB14-4A30-883C-ABBB311030F4} (.rodata.str1.2930753275159815074.1)
                  1028dcc7    00000034     {82789A2A-CB14-4A30-883C-ABBB311030F4} (.rodata.str1.3122252897644418791.1)
                  1028dcfb    00000034     {82789A2A-CB14-4A30-883C-ABBB311030F4} (.rodata.str1.7491993239408953707.1)
                  1028dd2f    00000033     {82789A2A-CB14-4A30-883C-ABBB311030F4} (.rodata.str1.3193600907953316458.1)
                  1028dd62    00000033     {82789A2A-CB14-4A30-883C-ABBB311030F4} (.rodata.str1.7331527250167753525.1)
                  1028dd95    00000033     {82789A2A-CB14-4A30-883C-ABBB311030F4} (.rodata.str1.9238955429423287950.1)
                  1028ddc8    00000032     {82789A2A-CB14-4A30-883C-ABBB311030F4} (.rodata.str1.10567118333480672041.1)
                  1028ddfa    00000032     {82789A2A-CB14-4A30-883C-ABBB311030F4} (.rodata.str1.10717520469120833513.1)
                  1028de2c    00000032     {82789A2A-CB14-4A30-883C-ABBB311030F4} (.rodata.str1.13003990913292051511.1)
                  1028de5e    00000032     {82789A2A-CB14-4A30-883C-ABBB311030F4} (.rodata.str1.286917804250050828.1)
                  1028de90    00000031     {82789A2A-CB14-4A30-883C-ABBB311030F4} (.rodata.str1.13803996183254521830.1)
                  1028dec1    00000031     {82789A2A-CB14-4A30-883C-ABBB311030F4} (.rodata.str1.3164040179291017478.1)
                  1028def2    00000031     {82789A2A-CB14-4A30-883C-ABBB311030F4} (.rodata.str1.3572371459584032182.1)
                  1028df23    00000031     {82789A2A-CB14-4A30-883C-ABBB311030F4} (.rodata.str1.6014691303080722140.1)
                  1028df54    00000031     {82789A2A-CB14-4A30-883C-ABBB311030F4} (.rodata.str1.8968806269546405120.1)
                  1028df85    00000031     {82789A2A-CB14-4A30-883C-ABBB311030F4} (.rodata.str1.9215898807593811430.1)
                  1028dfb6    00000002     {82789A2A-CB14-4A30-883C-ABBB311030F4} (.rodata.str1.1932890280186991035.1)
                  1028dfb8    00000030     {82789A2A-CB14-4A30-883C-ABBB311030F4} (.rodata.cst16)
                  1028dfe8    0000002f     {82789A2A-CB14-4A30-883C-ABBB311030F4} (.rodata.str1.10736003951895666366.1)
                  1028e017    0000002f     {82789A2A-CB14-4A30-883C-ABBB311030F4} (.rodata.str1.12745926937464156588.1)
                  1028e046    0000002f     {82789A2A-CB14-4A30-883C-ABBB311030F4} (.rodata.str1.13873150295766803961.1)
                  1028e075    0000002f     {82789A2A-CB14-4A30-883C-ABBB311030F4} (.rodata.str1.5208291204086957197.1)
                  1028e0a4    0000002f     {82789A2A-CB14-4A30-883C-ABBB311030F4} (.rodata.str1.5372827619904124901.1)
                  1028e0d3    0000002f     {82789A2A-CB14-4A30-883C-ABBB311030F4} (.rodata.str1.5740628644060251990.1)
                  1028e102    0000002f     {82789A2A-CB14-4A30-883C-ABBB311030F4} (.rodata.str1.6050818275924864593.1)
                  1028e131    0000002e     {82789A2A-CB14-4A30-883C-ABBB311030F4} (.rodata.str1.10769950508851805249.1)
                  1028e15f    0000002e     {82789A2A-CB14-4A30-883C-ABBB311030F4} (.rodata.str1.11522457343241406008.1)
                  1028e18d    0000002e     {82789A2A-CB14-4A30-883C-ABBB311030F4} (.rodata.str1.12266916504686681761.1)
                  1028e1bb    0000002e     {82789A2A-CB14-4A30-883C-ABBB311030F4} (.rodata.str1.13341988216064122737.1)
                  1028e1e9    0000002e     {82789A2A-CB14-4A30-883C-ABBB311030F4} (.rodata.str1.14144237492009350508.1)
                  1028e217    0000002e     {82789A2A-CB14-4A30-883C-ABBB311030F4} (.rodata.str1.16950130230225162321.1)
                  1028e245    0000002e     {82789A2A-CB14-4A30-883C-ABBB311030F4} (.rodata.str1.18048502197637819171.1)
                  1028e273    0000002e     {82789A2A-CB14-4A30-883C-ABBB311030F4} (.rodata.str1.1808630310306406740.1)
                  1028e2a1    0000002e     {82789A2A-CB14-4A30-883C-ABBB311030F4} (.rodata.str1.6084005488128075423.1)
                  1028e2cf    0000002e     {82789A2A-CB14-4A30-883C-ABBB311030F4} (.rodata.str1.6176171337096547680.1)
                  1028e2fd    0000002e     {82789A2A-CB14-4A30-883C-ABBB311030F4} (.rodata.str1.7260120516945316552.1)
                  1028e32b    0000002d     {82789A2A-CB14-4A30-883C-ABBB311030F4} (.rodata.str1.519891376166537351.1)
                  1028e358    0000002c     {82789A2A-CB14-4A30-883C-ABBB311030F4} (.rodata.str1.1534526530620034564.1)
                  1028e384    0000002c     {82789A2A-CB14-4A30-883C-ABBB311030F4} (.rodata.str1.18208369153588666010.1)
                  1028e3b0    0000002c     {82789A2A-CB14-4A30-883C-ABBB311030F4} (.rodata.str1.216209331926963302.1)
                  1028e3dc    0000002c     {82789A2A-CB14-4A30-883C-ABBB311030F4} (.rodata.str1.2920504002684656390.1)
                  1028e408    0000002c     {82789A2A-CB14-4A30-883C-ABBB311030F4} (.rodata.str1.6618259463585582890.1)
                  1028e434    0000002c     {82789A2A-CB14-4A30-883C-ABBB311030F4} (.rodata.str1.7812899130232122624.1)
                  1028e460    0000002c     {82789A2A-CB14-4A30-883C-ABBB311030F4} (.rodata.str1.8760878987906694185.1)
                  1028e48c    0000002c     {82789A2A-CB14-4A30-883C-ABBB311030F4} (.rodata.str1.9187428440483605644.1)
                  1028e4b8    0000002c     {82789A2A-CB14-4A30-883C-ABBB311030F4} (.rodata.str1.9885902480399444533.1)
                  1028e4e4    0000002b     {82789A2A-CB14-4A30-883C-ABBB311030F4} (.rodata.str1.15563171834052584602.1)
                  1028e50f    0000002b     {82789A2A-CB14-4A30-883C-ABBB311030F4} (.rodata.str1.17042840446537004866.1)
                  1028e53a    0000002b     {82789A2A-CB14-4A30-883C-ABBB311030F4} (.rodata.str1.2516298379518744337.1)
                  1028e565    0000002b     {82789A2A-CB14-4A30-883C-ABBB311030F4} (.rodata.str1.6951202101945594806.1)
                  1028e590    0000002b     {82789A2A-CB14-4A30-883C-ABBB311030F4} (.rodata.str1.9235382016947754680.1)
                  1028e5bb    0000002a     {82789A2A-CB14-4A30-883C-ABBB311030F4} (.rodata.str1.13618749533293707422.1)
                  1028e5e5    0000002a     {82789A2A-CB14-4A30-883C-ABBB311030F4} (.rodata.str1.16734529894932125862.1)
                  1028e60f    0000002a     {82789A2A-CB14-4A30-883C-ABBB311030F4} (.rodata.str1.6002276857950823008.1)
                  1028e639    0000002a     {82789A2A-CB14-4A30-883C-ABBB311030F4} (.rodata.str1.6460544749039561.1)
                  1028e663    0000002a     {82789A2A-CB14-4A30-883C-ABBB311030F4} (.rodata.str1.6778076060421305916.1)
                  1028e68d    0000002a     {82789A2A-CB14-4A30-883C-ABBB311030F4} (.rodata.str1.6946371242775798973.1)
                  1028e6b7    0000002a     {82789A2A-CB14-4A30-883C-ABBB311030F4} (.rodata.str1.8199346237674135121.1)
                  1028e6e1    0000002a     {82789A2A-CB14-4A30-883C-ABBB311030F4} (.rodata.str1.8474751081149379519.1)
                  1028e70b    0000002a     {82789A2A-CB14-4A30-883C-ABBB311030F4} (.rodata.str1.8654663044476872545.1)
                  1028e735    00000029     {82789A2A-CB14-4A30-883C-ABBB311030F4} (.rodata.str1.1497277182996258888.1)
                  1028e75e    00000029     {82789A2A-CB14-4A30-883C-ABBB311030F4} (.rodata.str1.1984766854200227497.1)
                  1028e787    00000029     {82789A2A-CB14-4A30-883C-ABBB311030F4} (.rodata.str1.2691032914511146553.1)
                  1028e7b0    00000029     {82789A2A-CB14-4A30-883C-ABBB311030F4} (.rodata.str1.312459300366913422.1)
                  1028e7d9    00000029     {82789A2A-CB14-4A30-883C-ABBB311030F4} (.rodata.str1.3454956589997530309.1)
                  1028e802    00000029     {82789A2A-CB14-4A30-883C-ABBB311030F4} (.rodata.str1.3688691182607116484.1)
                  1028e82b    00000029     {82789A2A-CB14-4A30-883C-ABBB311030F4} (.rodata.str1.3998497283302777830.1)
                  1028e854    00000029     {82789A2A-CB14-4A30-883C-ABBB311030F4} (.rodata.str1.6531295398022446634.1)
                  1028e87d    00000029     {82789A2A-CB14-4A30-883C-ABBB311030F4} (.rodata.str1.7486689616504876727.1)
                  1028e8a6    00000029     {82789A2A-CB14-4A30-883C-ABBB311030F4} (.rodata.str1.9484550435968672216.1)
                  1028e8cf    00000029     {82789A2A-CB14-4A30-883C-ABBB311030F4} (.rodata.str1.9857435039156408742.1)
                  1028e8f8    00000028     {82789A2A-CB14-4A30-883C-ABBB311030F4} (.rodata.str1.15008180995940510463.1)
                  1028e920    00000028     {82789A2A-CB14-4A30-883C-ABBB311030F4} (.rodata.str1.17392138502404820346.1)
                  1028e948    00000028     {82789A2A-CB14-4A30-883C-ABBB311030F4} (.rodata.str1.89800033972521044.1)
                  1028e970    00000027     {82789A2A-CB14-4A30-883C-ABBB311030F4} (.rodata.str1.11254166407403963999.1)
                  1028e997    00000027     {82789A2A-CB14-4A30-883C-ABBB311030F4} (.rodata.str1.11315684441409680091.1)
                  1028e9be    00000027     {82789A2A-CB14-4A30-883C-ABBB311030F4} (.rodata.str1.14051649372836887043.1)
                  1028e9e5    00000027     {82789A2A-CB14-4A30-883C-ABBB311030F4} (.rodata.str1.17878389505353603450.1)
                  1028ea0c    00000027     {82789A2A-CB14-4A30-883C-ABBB311030F4} (.rodata.str1.4336966278331466532.1)
                  1028ea33    00000027     {82789A2A-CB14-4A30-883C-ABBB311030F4} (.rodata.str1.5341038980311254883.1)
                  1028ea5a    00000027     {82789A2A-CB14-4A30-883C-ABBB311030F4} (.rodata.str1.5479951531986056198.1)
                  1028ea81    00000027     {82789A2A-CB14-4A30-883C-ABBB311030F4} (.rodata.str1.6744977383438940983.1)
                  1028eaa8    00000027     {82789A2A-CB14-4A30-883C-ABBB311030F4} (.rodata.str1.6830549780028784333.1)
                  1028eacf    00000027     {82789A2A-CB14-4A30-883C-ABBB311030F4} (.rodata.str1.7014476826896499726.1)
                  1028eaf6    00000027     {82789A2A-CB14-4A30-883C-ABBB311030F4} (.rodata.str1.9334375731510279242.1)
                  1028eb1d    00000027     {82789A2A-CB14-4A30-883C-ABBB311030F4} (.rodata.str1.9594672233626986489.1)
                  1028eb44    00000026     {82789A2A-CB14-4A30-883C-ABBB311030F4} (.rodata.str1.11784268553153003905.1)
                  1028eb6a    00000026     {82789A2A-CB14-4A30-883C-ABBB311030F4} (.rodata.str1.14295567860848356384.1)
                  1028eb90    00000026     {82789A2A-CB14-4A30-883C-ABBB311030F4} (.rodata.str1.14442013556274563574.1)
                  1028ebb6    00000025     {82789A2A-CB14-4A30-883C-ABBB311030F4} (.rodata.str1.12394746681724850476.1)
                  1028ebdb    00000025     {82789A2A-CB14-4A30-883C-ABBB311030F4} (.rodata.str1.15539207090263963235.1)
                  1028ec00    00000025     {82789A2A-CB14-4A30-883C-ABBB311030F4} (.rodata.str1.15567679626450102284.1)
                  1028ec25    00000025     {82789A2A-CB14-4A30-883C-ABBB311030F4} (.rodata.str1.4769201392388100943.1)
                  1028ec4a    00000025     {82789A2A-CB14-4A30-883C-ABBB311030F4} (.rodata.str1.5308831452388871626.1)
                  1028ec6f    00000025     {82789A2A-CB14-4A30-883C-ABBB311030F4} (.rodata.str1.7634707615436963089.1)
                  1028ec94    00000024     {82789A2A-CB14-4A30-883C-ABBB311030F4} (.rodata.str1.11041512776711630941.1)
                  1028ecb8    00000024     {82789A2A-CB14-4A30-883C-ABBB311030F4} (.rodata.str1.13299031372502791579.1)
                  1028ecdc    00000024     {82789A2A-CB14-4A30-883C-ABBB311030F4} (.rodata.str1.14794056641926417201.1)
                  1028ed00    00000024     {82789A2A-CB14-4A30-883C-ABBB311030F4} (.rodata.str1.15129440088085962651.1)
                  1028ed24    00000024     {82789A2A-CB14-4A30-883C-ABBB311030F4} (.rodata.str1.3196341522247734632.1)
                  1028ed48    00000024     {82789A2A-CB14-4A30-883C-ABBB311030F4} (.rodata.str1.7245728340037469361.1)
                  1028ed6c    00000024     {82789A2A-CB14-4A30-883C-ABBB311030F4} (.rodata.str1.7904770289156643500.1)
                  1028ed90    00000024     {82789A2A-CB14-4A30-883C-ABBB311030F4} (.rodata.str1.8093972266353224591.1)
                  1028edb4    00000024     {82789A2A-CB14-4A30-883C-ABBB311030F4} (.rodata.str1.906144131007236690.1)
                  1028edd8    00000023     {82789A2A-CB14-4A30-883C-ABBB311030F4} (.rodata.str1.14972314634907584415.1)
                  1028edfb    00000023     {82789A2A-CB14-4A30-883C-ABBB311030F4} (.rodata.str1.17033127656829412084.1)
                  1028ee1e    00000023     {82789A2A-CB14-4A30-883C-ABBB311030F4} (.rodata.str1.2648263266535345130.1)
                  1028ee41    00000023     {82789A2A-CB14-4A30-883C-ABBB311030F4} (.rodata.str1.3565618169506805481.1)
                  1028ee64    00000023     {82789A2A-CB14-4A30-883C-ABBB311030F4} (.rodata.str1.3645137696483406543.1)
                  1028ee87    00000023     {82789A2A-CB14-4A30-883C-ABBB311030F4} (.rodata.str1.5865688200875348109.1)
                  1028eeaa    00000023     {82789A2A-CB14-4A30-883C-ABBB311030F4} (.rodata.str1.8795006471988811002.1)
                  1028eecd    00000022     {82789A2A-CB14-4A30-883C-ABBB311030F4} (.rodata.str1.10277562541090766604.1)
                  1028eeef    00000022     {82789A2A-CB14-4A30-883C-ABBB311030F4} (.rodata.str1.14566441936490312936.1)
                  1028ef11    00000022     {82789A2A-CB14-4A30-883C-ABBB311030F4} (.rodata.str1.166659775961621335.1)
                  1028ef33    00000022     {82789A2A-CB14-4A30-883C-ABBB311030F4} (.rodata.str1.2076572337769685326.1)
                  1028ef55    00000022     {82789A2A-CB14-4A30-883C-ABBB311030F4} (.rodata.str1.2254589651314588332.1)
                  1028ef77    00000022     {82789A2A-CB14-4A30-883C-ABBB311030F4} (.rodata.str1.6386501010191235387.1)
                  1028ef99    00000022     {82789A2A-CB14-4A30-883C-ABBB311030F4} (.rodata.str1.7133329594606473324.1)
                  1028efbb    00000022     {82789A2A-CB14-4A30-883C-ABBB311030F4} (.rodata.str1.7495993629739101352.1)
                  1028efdd    00000022     {82789A2A-CB14-4A30-883C-ABBB311030F4} (.rodata.str1.7508942187056903539.1)
                  1028efff    00000021     {82789A2A-CB14-4A30-883C-ABBB311030F4} (.rodata.str1.12298482293934864824.1)
                  1028f020    00000021     {82789A2A-CB14-4A30-883C-ABBB311030F4} (.rodata.str1.2668349654630873800.1)
                  1028f041    00000021     {82789A2A-CB14-4A30-883C-ABBB311030F4} (.rodata.str1.390397363213435835.1)
                  1028f062    00000021     {82789A2A-CB14-4A30-883C-ABBB311030F4} (.rodata.str1.6692648297912741057.1)
                  1028f083    00000021     {82789A2A-CB14-4A30-883C-ABBB311030F4} (.rodata.str1.8979086639778664505.1)
                  1028f0a4    00000020     {82789A2A-CB14-4A30-883C-ABBB311030F4} (.rodata.str1.13043738062513274410.1)
                  1028f0c4    00000020     {82789A2A-CB14-4A30-883C-ABBB311030F4} (.rodata.str1.14839931939267652691.1)
                  1028f0e4    00000020     {82789A2A-CB14-4A30-883C-ABBB311030F4} (.rodata.str1.15211281974140599961.1)
                  1028f104    00000020     {82789A2A-CB14-4A30-883C-ABBB311030F4} (.rodata.str1.16450071662168514581.1)
                  1028f124    00000020     {82789A2A-CB14-4A30-883C-ABBB311030F4} (.rodata.str1.1654285526368977296.1)
                  1028f144    00000020     {82789A2A-CB14-4A30-883C-ABBB311030F4} (.rodata.str1.18134813149662314356.1)
                  1028f164    00000020     {82789A2A-CB14-4A30-883C-ABBB311030F4} (.rodata.str1.3737918264178789069.1)
                  1028f184    00000020     {82789A2A-CB14-4A30-883C-ABBB311030F4} (.rodata.str1.3899073786106786109.1)
                  1028f1a4    00000020     {82789A2A-CB14-4A30-883C-ABBB311030F4} (.rodata.str1.4188818854221878621.1)
                  1028f1c4    0000001f     {82789A2A-CB14-4A30-883C-ABBB311030F4} (.rodata.str1.11191349053451281844.1)
                  1028f1e3    0000001f     {82789A2A-CB14-4A30-883C-ABBB311030F4} (.rodata.str1.11341338071141260346.1)
                  1028f202    0000001f     {82789A2A-CB14-4A30-883C-ABBB311030F4} (.rodata.str1.11507630246853003619.1)
                  1028f221    0000001f     {82789A2A-CB14-4A30-883C-ABBB311030F4} (.rodata.str1.12631651529624651267.1)
                  1028f240    0000001f     {82789A2A-CB14-4A30-883C-ABBB311030F4} (.rodata.str1.12748481695188809633.1)
                  1028f25f    0000001f     {82789A2A-CB14-4A30-883C-ABBB311030F4} (.rodata.str1.14932708015421967471.1)
                  1028f27e    0000001f     {82789A2A-CB14-4A30-883C-ABBB311030F4} (.rodata.str1.16102862242179331474.1)
                  1028f29d    0000001f     {82789A2A-CB14-4A30-883C-ABBB311030F4} (.rodata.str1.17341305680491763086.1)
                  1028f2bc    0000001f     {82789A2A-CB14-4A30-883C-ABBB311030F4} (.rodata.str1.4543851693163168077.1)
                  1028f2db    0000001f     {82789A2A-CB14-4A30-883C-ABBB311030F4} (.rodata.str1.474610846682953203.1)
                  1028f2fa    0000001f     {82789A2A-CB14-4A30-883C-ABBB311030F4} (.rodata.str1.6575045697814268614.1)
                  1028f319    0000001f     {82789A2A-CB14-4A30-883C-ABBB311030F4} (.rodata.str1.7869997181605694304.1)
                  1028f338    0000001f     {82789A2A-CB14-4A30-883C-ABBB311030F4} (.rodata.str1.8430146403508098855.1)
                  1028f357    0000001e     {82789A2A-CB14-4A30-883C-ABBB311030F4} (.rodata.str1.12226987852238401994.1)
                  1028f375    0000001e     {82789A2A-CB14-4A30-883C-ABBB311030F4} (.rodata.str1.2553816214819901167.1)
                  1028f393    0000001e     {82789A2A-CB14-4A30-883C-ABBB311030F4} (.rodata.str1.3069278930637593228.1)
                  1028f3b1    0000001e     {82789A2A-CB14-4A30-883C-ABBB311030F4} (.rodata.str1.3998464287976889528.1)
                  1028f3cf    0000001e     {82789A2A-CB14-4A30-883C-ABBB311030F4} (.rodata.str1.4561692535981266903.1)
                  1028f3ed    0000001e     {82789A2A-CB14-4A30-883C-ABBB311030F4} (.rodata.str1.7967666449746223428.1)
                  1028f40b    0000001e     {82789A2A-CB14-4A30-883C-ABBB311030F4} (.rodata.str1.9318133718370131671.1)
                  1028f429    0000001d     {82789A2A-CB14-4A30-883C-ABBB311030F4} (.rodata.str1.12429527165725751756.1)
                  1028f446    0000001d     {82789A2A-CB14-4A30-883C-ABBB311030F4} (.rodata.str1.12621726537413135232.1)
                  1028f463    0000001d     {82789A2A-CB14-4A30-883C-ABBB311030F4} (.rodata.str1.13145643248078626753.1)
                  1028f480    0000001d     {82789A2A-CB14-4A30-883C-ABBB311030F4} (.rodata.str1.1345206698858701367.1)
                  1028f49d    0000001d     {82789A2A-CB14-4A30-883C-ABBB311030F4} (.rodata.str1.14112179281453740596.1)
                  1028f4ba    0000001d     {82789A2A-CB14-4A30-883C-ABBB311030F4} (.rodata.str1.15317340700663972481.1)
                  1028f4d7    0000001d     {82789A2A-CB14-4A30-883C-ABBB311030F4} (.rodata.str1.1582503520411322174.1)
                  1028f4f4    0000001d     {82789A2A-CB14-4A30-883C-ABBB311030F4} (.rodata.str1.17841286453608977318.1)
                  1028f511    0000001d     {82789A2A-CB14-4A30-883C-ABBB311030F4} (.rodata.str1.18307494515349617824.1)
                  1028f52e    0000001d     {82789A2A-CB14-4A30-883C-ABBB311030F4} (.rodata.str1.2928644615180336461.1)
                  1028f54b    0000001d     {82789A2A-CB14-4A30-883C-ABBB311030F4} (.rodata.str1.3332280520457062810.1)
                  1028f568    0000001d     {82789A2A-CB14-4A30-883C-ABBB311030F4} (.rodata.str1.3774392593324696856.1)
                  1028f585    0000001d     {82789A2A-CB14-4A30-883C-ABBB311030F4} (.rodata.str1.4474186930280265843.1)
                  1028f5a2    0000001d     {82789A2A-CB14-4A30-883C-ABBB311030F4} (.rodata.str1.4618171394375035542.1)
                  1028f5bf    0000001d     {82789A2A-CB14-4A30-883C-ABBB311030F4} (.rodata.str1.5899150863515955400.1)
                  1028f5dc    0000001d     {82789A2A-CB14-4A30-883C-ABBB311030F4} (.rodata.str1.8299664065285750414.1)
                  1028f5f9    0000001d     {82789A2A-CB14-4A30-883C-ABBB311030F4} (.rodata.str1.9661241951528572230.1)
                  1028f616    0000001d     {82789A2A-CB14-4A30-883C-ABBB311030F4} (.rodata.str1.9898260541260605684.1)
                  1028f633    0000001c     {82789A2A-CB14-4A30-883C-ABBB311030F4} (.rodata.str1.11183315185121733685.1)
                  1028f64f    0000001c     {82789A2A-CB14-4A30-883C-ABBB311030F4} (.rodata.str1.11880183852507859246.1)
                  1028f66b    0000001c     {82789A2A-CB14-4A30-883C-ABBB311030F4} (.rodata.str1.12555507761146073621.1)
                  1028f687    0000001c     {82789A2A-CB14-4A30-883C-ABBB311030F4} (.rodata.str1.155446244567340613.1)
                  1028f6a3    0000001c     {82789A2A-CB14-4A30-883C-ABBB311030F4} (.rodata.str1.3784921012555184974.1)
                  1028f6bf    0000001c     {82789A2A-CB14-4A30-883C-ABBB311030F4} (.rodata.str1.5059366774775986471.1)
                  1028f6db    0000001c     {82789A2A-CB14-4A30-883C-ABBB311030F4} (.rodata.str1.9852878850469227389.1)
                  1028f6f7    0000001b     {82789A2A-CB14-4A30-883C-ABBB311030F4} (.rodata.str1.12546398282289510591.1)
                  1028f712    0000001b     {82789A2A-CB14-4A30-883C-ABBB311030F4} (.rodata.str1.16348481043507759976.1)
                  1028f72d    0000001b     {82789A2A-CB14-4A30-883C-ABBB311030F4} (.rodata.str1.17778338440716408248.1)
                  1028f748    0000001b     {82789A2A-CB14-4A30-883C-ABBB311030F4} (.rodata.str1.2047159476904109223.1)
                  1028f763    0000001b     {82789A2A-CB14-4A30-883C-ABBB311030F4} (.rodata.str1.2513218245551521182.1)
                  1028f77e    0000001b     {82789A2A-CB14-4A30-883C-ABBB311030F4} (.rodata.str1.2728729535098624693.1)
                  1028f799    0000001b     {82789A2A-CB14-4A30-883C-ABBB311030F4} (.rodata.str1.2741760460988209836.1)
                  1028f7b4    0000001a     {82789A2A-CB14-4A30-883C-ABBB311030F4} (.rodata.str1.11043531187034137316.1)
                  1028f7ce    0000001a     {82789A2A-CB14-4A30-883C-ABBB311030F4} (.rodata.str1.12477655457062985911.1)
                  1028f7e8    0000001a     {82789A2A-CB14-4A30-883C-ABBB311030F4} (.rodata.str1.13251956392609129741.1)
                  1028f802    0000001a     {82789A2A-CB14-4A30-883C-ABBB311030F4} (.rodata.str1.14487092576800130242.1)
                  1028f81c    0000001a     {82789A2A-CB14-4A30-883C-ABBB311030F4} (.rodata.str1.14604714608064347844.1)
                  1028f836    0000001a     {82789A2A-CB14-4A30-883C-ABBB311030F4} (.rodata.str1.1509366264075164651.1)
                  1028f850    0000001a     {82789A2A-CB14-4A30-883C-ABBB311030F4} (.rodata.str1.1654901710979417634.1)
                  1028f86a    0000001a     {82789A2A-CB14-4A30-883C-ABBB311030F4} (.rodata.str1.2301574771854634843.1)
                  1028f884    0000001a     {82789A2A-CB14-4A30-883C-ABBB311030F4} (.rodata.str1.3011100342221212856.1)
                  1028f89e    0000001a     {82789A2A-CB14-4A30-883C-ABBB311030F4} (.rodata.str1.3627367391154595005.1)
                  1028f8b8    0000001a     {82789A2A-CB14-4A30-883C-ABBB311030F4} (.rodata.str1.4234889293445354241.1)
                  1028f8d2    0000001a     {82789A2A-CB14-4A30-883C-ABBB311030F4} (.rodata.str1.4851856484563158680.1)
                  1028f8ec    0000001a     {82789A2A-CB14-4A30-883C-ABBB311030F4} (.rodata.str1.555148032199499482.1)
                  1028f906    0000001a     {82789A2A-CB14-4A30-883C-ABBB311030F4} (.rodata.str1.6581800389856563546.1)
                  1028f920    0000001a     {82789A2A-CB14-4A30-883C-ABBB311030F4} (.rodata.str1.6622793211384505057.1)
                  1028f93a    0000001a     {82789A2A-CB14-4A30-883C-ABBB311030F4} (.rodata.str1.7016334050661700281.1)
                  1028f954    0000001a     {82789A2A-CB14-4A30-883C-ABBB311030F4} (.rodata.str1.8391745375954544197.1)
                  1028f96e    0000001a     {82789A2A-CB14-4A30-883C-ABBB311030F4} (.rodata.str1.8529100135310518543.1)
[...]
1029bb90  CacheP_disableL1d                  
1029bbb8  CacheP_disableL1p                  
1029bf55  CacheP_enable                      
1029bbd0  CacheP_enableL1d                   
1029bbe8  CacheP_enableL1p                   
1029be94  CacheP_getCacheLevelInfo           
1029be5c  CacheP_getEnabled                  
1029bed1  CacheP_init                        
1029bf75  CacheP_inv                         
1029bc00  CacheP_invL1d                      
1029bc74  CacheP_invL1dAll                   
1029bc38  CacheP_invL1p                      
1029bc7c  CacheP_invL1pAll                   
1029bec0  CacheP_setDLFO                     
1029bc84  CacheP_wb                          
1029bcfc  CacheP_wbAll                       
1029bcc0  CacheP_wbInv                       
1029bda4  CacheP_wbInvAll                    
1029bdbc  CacheP_wbInvAllAsm                 
1028b4e4  CycleCounterP_getCount32           
10281281  Dpl_init                           
102878d1  Enable_BUCK4_ViaPMIC               
1029b030  FreeRTOS_errno                     
1029bb48  HwiP_data_abort_handler            
1029b8a3  HwiP_data_abort_handler_c          
1029bad8  HwiP_disable                       
1029bae8  HwiP_disableFIQ                    
1029bb30  HwiP_disableVIC                    
1029baf8  HwiP_enable                        
1029bb08  HwiP_enableFIQ                     
1029bb20  HwiP_enableVIC                     
1029b781  HwiP_fiq_handler                   
1029bb40  HwiP_getCPSR                       
1029b5a8  HwiP_irq_handler                   
1029b6ed  HwiP_irq_handler_c                 
1029b87d  HwiP_prefetch_abort_handler        
1029b831  HwiP_reserved_handler              
1029bb18  HwiP_restore                       
1029b538  HwiP_svc_handler                   
1029b857  HwiP_undefined_handler             
88010000  MCPI_logMessage                    
10278bc1  MmwCascade_mmWaveTest              
1029bfb8  MpuP_disableAsm                    
1029bfd0  MpuP_disableBRAsm                  
1029bfe0  MpuP_enableAsm                     
1029bff8  MpuP_enableBRAsm                   
1029c008  MpuP_isEnableAsm                   
1029c01c  MpuP_setRegionAsm                  
1028b50c  PmuP_clearOverflowStatus           
1028b4fc  PmuP_disableCounters               
1028b4f4  PmuP_enableCounters                
1028b504  PmuP_getOverflowStatus             
1028b4ec  PmuP_setup                         
1028af0d  SemaphoreP_constructBinary         
1028aec5  SemaphoreP_constructMutex          
1028a721  SemaphoreP_destruct                
10286195  SemaphoreP_pend                    
102862b9  SemaphoreP_post                    
10275158  _CIOBUF_                           
1029d598  __ABORT_STACK_END                  
00000100  __ABORT_STACK_SIZE                 
1029d498  __ABORT_STACK_START                
10275bc0  __BSS_END                          
10220000  __BSS_START                        
10275158  __CIOBUF_                          
1029c498  __FIQ_STACK_END                    
00000100  __FIQ_STACK_SIZE                   
1029c398  __FIQ_STACK_START                  
1029c398  __IRQ_STACK_END                    
00000100  __IRQ_STACK_SIZE                   
1029c298  __IRQ_STACK_START                  
10278bc0  __STACK_END                        
00002000  __STACK_SIZE                       
1029d498  __SVC_STACK_END                    
00001000  __SVC_STACK_SIZE                   
1029c498  __SVC_STACK_START                  
00001000  __SYSMEM_SIZE                      
00000000  __TI_ATRegion0_region_sz           
00000000  __TI_ATRegion0_src_addr            
00000000  __TI_ATRegion0_trg_addr            
00000000  __TI_ATRegion1_region_sz           
00000000  __TI_ATRegion1_src_addr            
00000000  __TI_ATRegion1_trg_addr            
00000000  __TI_ATRegion2_region_sz           
00000000  __TI_ATRegion2_src_addr            
00000000  __TI_ATRegion2_trg_addr            
UNDEFED   __TI_CINIT_Base                    
UNDEFED   __TI_CINIT_Limit                   
UNDEFED   __TI_Handler_Table_Base            
UNDEFED   __TI_Handler_Table_Limit           
1028aa34  __TI_auto_init_nobinit_nopinit     
1029b010  __TI_cleanup_ptr                   
1029b00c  __TI_dtors_ptr                     
ffffffff  __TI_pprof_out_hndl                
10281e38  __TI_printfi                       
ffffffff  __TI_prof_data_size                
ffffffff  __TI_prof_data_start               
1028a7d0  __TI_readmsg                       
00000000  __TI_static_base__                 
1028a828  __TI_writemsg                      
1029d698  __UNDEFINED_STACK_END              
00000100  __UNDEFINED_STACK_SIZE             
1029d598  __UNDEFINED_STACK_START            
1028c330  __aeabi_ctype_table_               
1028c330  __aeabi_ctype_table_C              
1028b5d0  __aeabi_idiv                       
1028578c  __aeabi_idiv0                      
1028b5cc  __aeabi_ldiv0                      
1028bf0c  __aeabi_memclr                     
1028bf0c  __aeabi_memclr4                    
1028bf0c  __aeabi_memclr8                    
1028bf34  __aeabi_memcpy                     
1028bf34  __aeabi_memcpy4                    
1028bf34  __aeabi_memcpy8                    
1028bebc  __aeabi_memset                     
1028bebc  __aeabi_memset4                    
1028bebc  __aeabi_memset8                    
10283c30  __aeabi_uidiv                      
1028b9f4  __aeabi_uldivmod                   
ffffffff  __binit__                          
1028b5d0  __divsi3                           
1029c1a5  __mpu_init                         
10276bc0  __stack                            
10286848  __udivmoddi4                       
10283c30  __udivsi3                          
1029c0cc  _c_int00                           
1029c0a8  _c_int00_sbl                       
UNDEFED   _system_post_cinit                 
1028bd61  _system_pre_init                   
00000000  _vectors                           
1029c290  abort                              
ffffffff  binit                              
10285640  ceil                               
10285640  ceill                              
1028a121  configureTransfer                  
10288e31  eTaskGetState                      
1028b654  exit                               
10289a48  frexp                              
10289a48  frexpl                             
1029b360  gActive                            
10273e7c  gAppTask                           
102757f4  gAppTaskObj                        
10220000  gAppTskStackMain                   
10273030  gCSIRXErrorCode                    
10275028  gCSIRXState                        
1028cae4  gCacheConfig                       
1028cbdc  gCacheL1dCacheLineSize             
10290974  gCacheL1pCacheLineSize             
1029b3b0  gCfg                               
1029affc  gChirpHdrChirpIdx                  
1029b0a8  gChirpHdrChirpsPerFrame            
1029affa  gChirpHdrFrameIdx                  
1029b0a4  gChirpHdrGlobalIdx                 
10273010  gChirpHdrPing                      
10273020  gChirpHdrPong                      
1029aff0  gCliState                          
1029b110  gClockConfig                       
10275bb8  gCsiConfigTask                     
10275880  gCsiConfigTaskObj                  
10240000  gCsiRxCfgTskStack                  
1029b078  gHwiConfig                         
1029b0a0  gMCPILogMessageSize                
1029ac30  gMmwCascadeMCB                     
10275bbc  gMmwCtrlTask                       
1027590c  gMmwCtrlTaskObj                    
10260000  gMmwCtrlTskStack                   
1028caec  gMpuConfig                         
1028caf8  gMpuRegionConfig                   
1029affe  gPingPongSwitchFlag                
10275b68  gRovDummyQueue                     
10286058  ldexp                              
10286a70  ldexpf                             
10286058  ldexpl                             
1027e1dd  main                               
10284960  memcpy                             
10288c58  memset                             
1029b4ca  pmicRegRead                        
1028bd91  pvTaskIncrementMutexHeldCount      
1029b02c  pxCurrentTCB                       
10289345  pxPortInitialiseStack              
102808c0  strcmp                             
1029b014  ulCriticalNesting                  
1029b01c  ulPortInterruptNesting             
1029b020  ulPortSchedularRunning             
1029b4c4  ulPortTaskHasFPUContext            
1029b018  ulPortYieldRequired                
10290ad8  uxTopUsedPriority                  
10287175  vApplicationIdleHook               
1028b8c9  vApplicationStackOverflowHook      
1029b500  vPortRestoreTaskContext            
1028ba85  vPortTimerTickHandler              
1028ad99  vTaskDelay                         
10288ff1  vTaskDelete                        
1028bdc1  vTaskEnterCritical                 
1028bacd  vTaskExitCritical                  
10289ac5  vTaskGetInfo                       
1028b01d  vTaskPlaceOnEventList              
1028ade5  vTaskPlaceOnEventListRestricted    
10288601  vTaskPriorityDisinheritAfterTimeout
10286731  vTaskStartScheduler                
1028752d  vTaskSwitchContext                 
1028bdd9  xPortStartScheduler                
102891a9  xTaskCheckForTimeOut               
10288055  xTaskCreateStatic                  
1028b515  xTaskGetIdleTaskHandle             
1028bdf1  xTaskGetTickCount                  
10287b79  xTaskIncrementTick                 
102887f5  xTaskPriorityDisinherit            
102897d9  xTaskPriorityInherit               
10289b41  xTaskRemoveFromEventList           
10287ed1  xTaskResumeAll                     


GLOBAL SYMBOLS: SORTED BY Symbol Address 

address   name                               
-------   ----                               
00000000  __TI_ATRegion0_region_sz           
00000000  __TI_ATRegion0_src_addr            
00000000  __TI_ATRegion0_trg_addr            
00000000  __TI_ATRegion1_region_sz           
00000000  __TI_ATRegion1_src_addr            
00000000  __TI_ATRegion1_trg_addr            
00000000  __TI_ATRegion2_region_sz           
00000000  __TI_ATRegion2_src_addr            
00000000  __TI_ATRegion2_trg_addr            
00000000  __TI_static_base__                 
00000000  _vectors                           
00000100  __ABORT_STACK_SIZE                 
00000100  __FIQ_STACK_SIZE                   
00000100  __IRQ_STACK_SIZE                   
00000100  __UNDEFINED_STACK_SIZE             
00001000  __SVC_STACK_SIZE                   
00001000  __SYSMEM_SIZE                      
00002000  __STACK_SIZE                       
10220000  __BSS_START                        
10220000  gAppTskStackMain                   
10240000  gCsiRxCfgTskStack                  
10260000  gMmwCtrlTskStack                   
10273010  gChirpHdrPing                      
10273020  gChirpHdrPong                      
10273030  gCSIRXErrorCode                    
10273e7c  gAppTask                           
10275028  gCSIRXState                        
10275158  _CIOBUF_                           
10275158  __CIOBUF_                          
102757f4  gAppTaskObj                        
10275880  gCsiConfigTaskObj                  
1027590c  gMmwCtrlTaskObj                    
10275b68  gRovDummyQueue                     
10275bb8  gCsiConfigTask                     
10275bbc  gMmwCtrlTask                       
10275bc0  __BSS_END                          
10276bc0  __stack                            
10278bc0  __STACK_END                        
10278bc1  MmwCascade_mmWaveTest              
1027e1dd  main                               
102808c0  strcmp                             
10281281  Dpl_init                           
10281e38  __TI_printfi                       
10283c30  __aeabi_uidiv                      
10283c30  __udivsi3                          
10284960  memcpy                             
10285640  ceil                               
10285640  ceill                              
1028578c  __aeabi_idiv0                      
10286058  ldexp                              
10286058  ldexpl                             
10286195  SemaphoreP_pend                    
102862b9  SemaphoreP_post                    
10286731  vTaskStartScheduler                
10286848  __udivmoddi4                       
10286a70  ldexpf                             
10287175  vApplicationIdleHook               
1028752d  vTaskSwitchContext                 
102878d1  Enable_BUCK4_ViaPMIC               
10287b79  xTaskIncrementTick                 
10287ed1  xTaskResumeAll                     
10288055  xTaskCreateStatic                  
10288601  vTaskPriorityDisinheritAfterTimeout
102887f5  xTaskPriorityDisinherit            
10288c58  memset                             
10288e31  eTaskGetState                      
10288ff1  vTaskDelete                        
102891a9  xTaskCheckForTimeOut               
10289345  pxPortInitialiseStack              
102897d9  xTaskPriorityInherit               
10289a48  frexp                              
10289a48  frexpl                             
10289ac5  vTaskGetInfo                       
10289b41  xTaskRemoveFromEventList           
1028a121  configureTransfer                  
1028a721  SemaphoreP_destruct                
1028a7d0  __TI_readmsg                       
1028a828  __TI_writemsg                      
1028a874  C$$IO$$                            
1028aa34  __TI_auto_init_nobinit_nopinit     
1028ad99  vTaskDelay                         
1028ade5  vTaskPlaceOnEventListRestricted    
1028aec5  SemaphoreP_constructMutex          
1028af0d  SemaphoreP_constructBinary         
1028b01d  vTaskPlaceOnEventList              
1028b4e4  CycleCounterP_getCount32           
1028b4ec  PmuP_setup                         
1028b4f4  PmuP_enableCounters                
1028b4fc  PmuP_disableCounters               
1028b504  PmuP_getOverflowStatus             
1028b50c  PmuP_clearOverflowStatus           
1028b515  xTaskGetIdleTaskHandle             
1028b5cc  __aeabi_ldiv0                      
1028b5d0  __aeabi_idiv                       
1028b5d0  __divsi3                           
1028b654  exit                               
1028b8c9  vApplicationStackOverflowHook      
1028b9f4  __aeabi_uldivmod                   
1028ba85  vPortTimerTickHandler              
1028bacd  vTaskExitCritical                  
1028bd61  _system_pre_init                   
1028bd91  pvTaskIncrementMutexHeldCount      
1028bdc1  vTaskEnterCritical                 
1028bdd9  xPortStartScheduler                
1028bdf1  xTaskGetTickCount                  
1028bebc  __aeabi_memset                     
1028bebc  __aeabi_memset4                    
1028bebc  __aeabi_memset8                    
1028bf0c  __aeabi_memclr                     
1028bf0c  __aeabi_memclr4                    
1028bf0c  __aeabi_memclr8                    
1028bf18  CSL_armR5ReadMpidrReg              
1028bf24  C$$EXIT                            
1028bf34  __aeabi_memcpy                     
1028bf34  __aeabi_memcpy4                    
1028bf34  __aeabi_memcpy8                    
1028c330  __aeabi_ctype_table_               
1028c330  __aeabi_ctype_table_C              
1028cae4  gCacheConfig                       
1028caec  gMpuConfig                         
1028caf8  gMpuRegionConfig                   
1028cbdc  gCacheL1dCacheLineSize             
10290974  gCacheL1pCacheLineSize             
10290ad8  uxTopUsedPriority                  
1029ac30  gMmwCascadeMCB                     
1029aff0  gCliState                          
1029affa  gChirpHdrFrameIdx                  
1029affc  gChirpHdrChirpIdx                  
1029affe  gPingPongSwitchFlag                
1029b00c  __TI_dtors_ptr                     
1029b010  __TI_cleanup_ptr                   
1029b014  ulCriticalNesting                  
1029b018  ulPortYieldRequired                
1029b01c  ulPortInterruptNesting             
1029b020  ulPortSchedularRunning             
1029b02c  pxCurrentTCB                       
1029b030  FreeRTOS_errno                     
1029b078  gHwiConfig                         
1029b0a0  gMCPILogMessageSize                
1029b0a4  gChirpHdrGlobalIdx                 
1029b0a8  gChirpHdrChirpsPerFrame            
1029b110  gClockConfig                       
1029b360  gActive                            
1029b3b0  gCfg                               
1029b4c4  ulPortTaskHasFPUContext            
1029b4ca  pmicRegRead                        
1029b500  vPortRestoreTaskContext            
1029b538  HwiP_svc_handler                   
1029b5a8  HwiP_irq_handler                   
1029b6ed  HwiP_irq_handler_c                 
1029b781  HwiP_fiq_handler                   
1029b831  HwiP_reserved_handler              
1029b857  HwiP_undefined_handler             
1029b87d  HwiP_prefetch_abort_handler        
1029b8a3  HwiP_data_abort_handler_c          
1029bad8  HwiP_disable                       
1029bae8  HwiP_disableFIQ                    
1029baf8  HwiP_enable                        
1029bb08  HwiP_enableFIQ                     
1029bb18  HwiP_restore                       
1029bb20  HwiP_enableVIC                     
1029bb30  HwiP_disableVIC                    
1029bb40  HwiP_getCPSR                       
1029bb48  HwiP_data_abort_handler            
1029bb90  CacheP_disableL1d                  
1029bbb8  CacheP_disableL1p                  
1029bbd0  CacheP_enableL1d                   
1029bbe8  CacheP_enableL1p                   
1029bc00  CacheP_invL1d                      
1029bc38  CacheP_invL1p                      
1029bc74  CacheP_invL1dAll                   
1029bc7c  CacheP_invL1pAll                   
1029bc84  CacheP_wb                          
1029bcc0  CacheP_wbInv                       
1029bcfc  CacheP_wbAll                       
1029bda4  CacheP_wbInvAll                    
1029bdbc  CacheP_wbInvAllAsm                 
1029be5c  CacheP_getEnabled                  
1029be94  CacheP_getCacheLevelInfo           
1029bea0  CacheP_configForceWrThru           
1029bec0  CacheP_setDLFO                     
1029bed1  CacheP_init                        
1029bf1b  CacheP_disable                     
1029bf55  CacheP_enable                      
1029bf75  CacheP_inv                         
1029bfb8  MpuP_disableAsm                    
1029bfd0  MpuP_disableBRAsm                  
1029bfe0  MpuP_enableAsm                     
1029bff8  MpuP_enableBRAsm                   
1029c008  MpuP_isEnableAsm                   
1029c01c  MpuP_setRegionAsm                  
1029c0a8  _c_int00_sbl                       
1029c0cc  _c_int00                           
1029c1a5  __mpu_init                         
1029c290  abort                              
1029c298  __IRQ_STACK_START                  
1029c398  __FIQ_STACK_START                  
1029c398  __IRQ_STACK_END                    
1029c498  __FIQ_STACK_END                    
1029c498  __SVC_STACK_START                  
1029d498  __ABORT_STACK_START                
1029d498  __SVC_STACK_END                    
1029d598  __ABORT_STACK_END                  
1029d598  __UNDEFINED_STACK_START            
1029d698  __UNDEFINED_STACK_END              
88000000  CSIA_PongBuf                       
88004000  CSIB_PongBuf                       
88008000  CSIA_PingBuf                       
8800c000  CSIB_PingBuf                       
88010000  MCPI_logMessage                    
ffffffff  __TI_pprof_out_hndl                
ffffffff  __TI_prof_data_size                
ffffffff  __TI_prof_data_start               
ffffffff  __binit__                          
ffffffff  binit                              
UNDEFED   __TI_CINIT_Base                    
UNDEFED   __TI_CINIT_Limit                   
UNDEFED   __TI_Handler_Table_Base            
UNDEFED   __TI_Handler_Table_Limit           
UNDEFED   _system_post_cinit                 

[220 symbols]
