******************************************************************************
            TI ARM Clang Linker PC v4.0.4                      
******************************************************************************
>> Linked Wed Apr  8 17:26:26 2026

OUTPUT FILE NAME:   <am273x/am273x_cascade_mss.xer5f>
ENTRY POINT SYMBOL: "_vectors"  address: 00000000


MEMORY CONFIGURATION

         name            origin    length      used     unused   attr    fill
----------------------  --------  ---------  --------  --------  ----  --------
  R5F_VECS              00000000   00000040  00000040  00000000  RWIX
  R5F_TCMA              00000040   00003fc0  00000000  00003fc0  RWIX
  R5F_TCMB              00080000   00004000  00000000  00004000  RWIX
  SBL_RESERVED_L2_RAM   10200000   00020000  00000000  00020000  RW  
  MSS_L2                10220000   000c8000  000804b8  00047b48  RWIX
  HWA_RAM               82000000   00020000  00000000  00020000  RW  
  DSS_L3                88000000   00390000  00012400  0037dc00  RWIX
  RTOS_NORTOS_IPC_SHM_M c5000000   00001f40  00000000  00001f40  RWIX


SEGMENT ALLOCATION MAP

run origin  load origin   length   init length attrs members
----------  ----------- ---------- ----------- ----- -------
00000000    00000000    00000040   00000040    r-x
  00000000    00000000    00000040   00000040    r-x .vectors
10220000    10220000    0005a800   00000000    rw-
  10220000    10220000    00057800   00000000    rw- .bss
  10277800    10277800    00001000   00000000    rw- .sysmem
  10278800    10278800    00002000   00000000    rw- .stack
1027a800    1027a800    00019120   00019120    r-x
  1027a800    1027a800    00013ae0   00013ae0    r-x .text
  1028e2e0    1028e2e0    00005640   00005640    r-- .rodata
10293940    10293940    0000aa00   0000aa00    rw-
  10293940    10293940    0000aa00   0000aa00    rw- .data
1029e340    1029e340    00000d98   00000d98    r-x
  1029e340    1029e340    00000690   00000690    r-x .text.hwi
  1029e9d0    1029e9d0    00000428   00000428    r-x .text.cache
  1029edf8    1029edf8    000000f0   000000f0    r-x .text.mpu
  1029eee8    1029eee8    000001e8   000001e8    r-x .text.boot
  1029f0d0    1029f0d0    00000008   00000008    r-x .text:abort
1029f0d8    1029f0d8    00001400   00000000    rw-
  1029f0d8    1029f0d8    00000100   00000000    rw- .irqstack
  1029f1d8    1029f1d8    00000100   00000000    rw- .fiqstack
  1029f2d8    1029f2d8    00001000   00000000    rw- .svcstack
  102a02d8    102a02d8    00000100   00000000    rw- .abortstack
  102a03d8    102a03d8    00000100   00000000    rw- .undefinedstack
88000000    88000000    00012400   00000000    rw-
  88000000    88000000    00010000   00000000    rw- .l3ram
  88010000    88010000    00002400   00000000    rw- .MCPILogBuffer


SECTION ALLOCATION MAP

 output                                  attributes/
section   page    origin      length       input sections
--------  ----  ----------  ----------   ----------------
.vectors   0    00000000    00000040     
                  00000000    00000040     freertos.am273x.r5f.ti-arm-clang.release.lib : HwiP_armv7r_vectors_freertos_asm.obj (.vectors)

.bss       0    10220000    00057800     UNINITIALIZED
                  10220000    00020000     (.common:gAppTskStackMain)
                  10240000    00020000     (.common:gCsiRxCfgTskStack)
                  10260000    00010000     (.common:gMmwCtrlTskStack)
                  10270000    00001c00     cascade_csirx.oer5f (.bss.gChirpGeomByFrame)
                  10271c00    00001008     freertos.am273x.r5f.ti-arm-clang.release.lib : HwiP_armv7r_vim.obj (.bss.gHwiCtrl)
                  10272c08    00001000     {53EE172D-21A6-41D3-BD66-C71FE2985D93} (.bss.gCliTaskStack)
                  10273c08    00001000     {53EE172D-21A6-41D3-BD66-C71FE2985D93} (.bss.uxIdleTaskStack)
                  10274c08    00000008     libsysbm.a : hostopen.c.obj (.bss.parmbuf)
                  10274c10    00000010     (.common:gChirpHdrPing)
                  10274c20    00000010     (.common:gChirpHdrPong)
                  10274c30    00000008     (.common:gCSIRXErrorCode)
                  10274c38    00000004     {53EE172D-21A6-41D3-BD66-C71FE2985D93} (.bss.gdummy)
                  10274c3c    00000004     {53EE172D-21A6-41D3-BD66-C71FE2985D93} (.bss.sys_free)
                  10274c40    00000800     {53EE172D-21A6-41D3-BD66-C71FE2985D93} (.bss.gBpmHeapMem)
                  10275440    0000063c     {53EE172D-21A6-41D3-BD66-C71FE2985D93} (.bss.gMibspiObjects)
                  10275a7c    00000004     (.common:gAppTask)
                  10275a80    000004f4     libmmwave_cascade_am273x.aer5f : mmwave.oer5f (.bss.gMMWave_MCB)
                  10275f74    00000400     {53EE172D-21A6-41D3-BD66-C71FE2985D93} (.bss.uxTimerTaskStack)
                  10276374    000002c4     {53EE172D-21A6-41D3-BD66-C71FE2985D93} (.bss.gUartObjects)
                  10276638    00000280     {53EE172D-21A6-41D3-BD66-C71FE2985D93} (.bss.pxReadyTasksLists)
                  102768b8    00000238     {53EE172D-21A6-41D3-BD66-C71FE2985D93} (.bss.gCsirxObjects)
                  10276af0    00000138     {53EE172D-21A6-41D3-BD66-C71FE2985D93} (.bss.gEdmaObjects)
                  10276c28    00000130     (.common:gCSIRXState)
                  10276d58    00000120     libsysbm.a : trgmsg.c.obj (.bss:_CIOBUF_)
                  10276e78    00000100     {53EE172D-21A6-41D3-BD66-C71FE2985D93} (.bss.prvCheckForValidListAndQueue.ucStaticTimerQueueStorage)
                  10276f78    00000100     freertos.am273x.r5f.ti-arm-clang.release.lib : queue.obj (.bss.xQueueRegistry)
                  10277078    000000a0     libc.a : defs.c.obj (.bss.__TI_tmpnams)
                  10277118    000000a0     freertos.am273x.r5f.ti-arm-clang.release.lib : TaskP_freertos.obj (.bss.gTaskP_ctrl)
                  102771b8    00000098     {53EE172D-21A6-41D3-BD66-C71FE2985D93} (.bss.gDebugLogLockObj)
                  10277250    0000008c     {53EE172D-21A6-41D3-BD66-C71FE2985D93} (.bss.gCliTaskObj)
                  102772dc    0000008c     {53EE172D-21A6-41D3-BD66-C71FE2985D93} (.bss.xIdleTaskTCB)
                  10277368    0000008c     {53EE172D-21A6-41D3-BD66-C71FE2985D93} (.bss.xTimerTaskTCB)
                  102773f4    0000008c     (.common:gAppTaskObj)
                  10277480    0000008c     (.common:gCsiConfigTaskObj)
                  1027750c    0000008c     (.common:gMmwCtrlTaskObj)
                  10277598    00000080     {53EE172D-21A6-41D3-BD66-C71FE2985D93} (.bss.gBpmHeapObj)
                  10277618    00000080     ti_drivers_config.oer5f (.bss.gCbuffObject)
                  10277698    00000080     {53EE172D-21A6-41D3-BD66-C71FE2985D93} (.bss.gMmwHeapObj)
                  10277718    00000050     {53EE172D-21A6-41D3-BD66-C71FE2985D93} (.bss.prvCheckForValidListAndQueue.xStaticTimerQueue)
                  10277768    00000050     (.common:gRovDummyQueue)
                  102777b8    00000040     cascade_csirx.oer5f (.bss.gCsirxObs)
                  102777f8    00000004     (.common:gCsiConfigTask)
                  102777fc    00000004     (.common:gMmwCtrlTask)

.sysmem    0    10277800    00001000     UNINITIALIZED
                  10277800    00000010     libc.a : memory.c.obj (.sysmem)
                  10277810    00000ff0     --HOLE--

.stack     0    10278800    00002000     UNINITIALIZED
                  10278800    00000004     freertos.am273x.r5f.ti-arm-clang.release.lib : boot_armv7r_asm.obj (.stack)
                  10278804    00001ffc     --HOLE--

.text      0    1027a800    00013ae0     
                  1027a800    0000212c     main_mss.oer5f (.text.MmwCascade_mmWaveTest)
                  1027c92c    000015e0     {53EE172D-21A6-41D3-BD66-C71FE2985D93} (.text.MmwCascade_initTask)
                  1027df0c    00000f40     {53EE172D-21A6-41D3-BD66-C71FE2985D93} (.text.CLI_task)
                  1027ee4c    00000cec     {53EE172D-21A6-41D3-BD66-C71FE2985D93} (.text:__TI_printfi)
                  1027fb38    00000b6c     {53EE172D-21A6-41D3-BD66-C71FE2985D93} (.text.MmwCascade_CsiConfigTask)
                  102806a4    000007b4     main_mss.oer5f (.text.main)
                  10280e58    000005fc     {53EE172D-21A6-41D3-BD66-C71FE2985D93} (.text.MIBSPI_dataTransfer)
                  10281454    00000578     libmmwavelink_cascade_am273x.aer5f : rl_driver.oer5f (.text.rlDriverCmdInvoke)
                  102819cc    0000052c     {53EE172D-21A6-41D3-BD66-C71FE2985D93} (.text.rlDriverMsgRead)
                  10281ef8    00000524     {53EE172D-21A6-41D3-BD66-C71FE2985D93} (.text.MMWave_configureAdvChirp)
                  1028241c    000004c8     libc.a : strtof.c.obj (.text.strtof)
                  102828e4    00000488     freertos.am273x.r5f.ti-arm-clang.release.lib : DebugP_freertos.obj (.text._DebugP_logZone)
                  10282d6c    00000014     {53EE172D-21A6-41D3-BD66-C71FE2985D93} (.text.CSIRX_commonStartOfFrameIntr0Isr)
                  10282d80    00000390     libc.a : strcmp32.S.obj (.text:strcmp)
                  10283110    00000324     {53EE172D-21A6-41D3-BD66-C71FE2985D93} (.text.prvTimerTask)
                  10283434    00000314     libmmwave_cascade_am273x.aer5f : mmwave_link_common.oer5f (.text.MMWave_asyncEventHandler)
                  10283748    00000304     ti_dpl_config.oer5f (.text.Dpl_init)
                  10283a4c    00000300     {53EE172D-21A6-41D3-BD66-C71FE2985D93} (.text.MMWave_configBPM)
                  10283d4c    000002dc     {53EE172D-21A6-41D3-BD66-C71FE2985D93} (.text.MMWave_configureProfileChirp)
                  10284028    000002d8     {53EE172D-21A6-41D3-BD66-C71FE2985D93} (.text._etoa)
                  10284300    000002d0     libc.a : _printfi.c.obj (.text:__TI_printfi)
                  102845d0    000002a4     {53EE172D-21A6-41D3-BD66-C71FE2985D93} (.text.CLI_uartWrite)
                  10284874    00000004     drivers.am273x.r5f.ti-arm-clang.release.lib : cbuff_lvds.obj (.text.CBUFF_deinitLVDS)
                  10284878    000002a4     {53EE172D-21A6-41D3-BD66-C71FE2985D93} (.text._ftoa)
                  10284b1c    00000298     drivers.am273x.r5f.ti-arm-clang.release.lib : cbuff.obj (.text.CBUFF_createSession)
                  10284db4    00000298     cascade_csirx.oer5f (.text.MmwCascade_combinedEOLcallback)
                  1028504c    00000004     {53EE172D-21A6-41D3-BD66-C71FE2985D93} (.text.MMWave_disableDevice)
                  10285050    00000278     {53EE172D-21A6-41D3-BD66-C71FE2985D93} (.text._pconv_a)
                  102852c8    00000230     {53EE172D-21A6-41D3-BD66-C71FE2985D93} (.text._pconv_g)
                  102854f8    00000200     {53EE172D-21A6-41D3-BD66-C71FE2985D93} (.text.SOC_rcmGetPeripheralClockFrequency)
                  102856f8    000001fc     {53EE172D-21A6-41D3-BD66-C71FE2985D93} (.text.CBUFF_configEDMA)
                  102858f4    000001f8     {53EE172D-21A6-41D3-BD66-C71FE2985D93} (.text.CBUFF_close)
                  10285aec    000001f4     drivers.am273x.r5f.ti-arm-clang.release.lib : cbuff_lvds.obj (.text.CBUFF_openLVDS)
                  10285ce0    000001f4                                                 : mibspi_v0.obj (.text.MIBSPI_transfer)
                  10285ed4    000001d0     libclang_rt.builtins.a : udivsi3.S.obj (.text.__udivsi3)
                  102860a4    000001d0     freertos.am273x.r5f.ti-arm-clang.release.lib : queue.obj (.text.xQueueSemaphoreTake)
                  10286274    000001c8     libc.a : memory.c.obj (.text.malloc)
                  1028643c    000001ac     {53EE172D-21A6-41D3-BD66-C71FE2985D93} (.text.MIBSPI_edmaAllocChResource)
                  102865e8    0000019c     {53EE172D-21A6-41D3-BD66-C71FE2985D93} (.text.EDMA_freeChannelRegion)
                  10286784    0000018c     libmmwave_cascade_am273x.aer5f : mmwave_link_common.oer5f (.text.MMWave_computeCRC)
                  10286910    00000188     libc.a : memory.c.obj (.text.free)
                  10286a98    00000184     {53EE172D-21A6-41D3-BD66-C71FE2985D93} (.text.fopen)
                  10286c1c    00000180     {53EE172D-21A6-41D3-BD66-C71FE2985D93} (.text.xQueueGenericSend)
                  10286d9c    00000180     libc.a : memcpy32.S.obj (.text:memcpy)
                  10286f1c    0000017c            : fputs.c.obj (.text.fputs)
                  10287098    00000170     drivers.am273x.r5f.ti-arm-clang.release.lib : uart_sci.obj (.text.UART_close)
                  10287208    00000170     libc.a : strtol.c.obj (.text.strtol)
                  10287378    00000168     {53EE172D-21A6-41D3-BD66-C71FE2985D93} (.text.CBUFF_addLinkedList)
                  102874e0    00000168     cascade_csirx.oer5f (.text.MmwCascade_csirxCommonCallback)
                  10287648    00000160     drivers.am273x.r5f.ti-arm-clang.release.lib : cbuff_lvds.obj (.text.CBUFF_initLVDS)
                  102877a8    00000150     {53EE172D-21A6-41D3-BD66-C71FE2985D93} (.text.MMWave_configureAdvFrame)
                  102878f8    0000014c     libc.a : s_ceil.c.obj (.text.ceil)
                  10287a44    00000004     {53EE172D-21A6-41D3-BD66-C71FE2985D93} (.text.MMWave_spiClose)
                  10287a48    00000148     {53EE172D-21A6-41D3-BD66-C71FE2985D93} (.text.fcvt)
                  10287b90    00000144     freertos.am273x.r5f.ti-arm-clang.release.lib : queue.obj (.text.xQueueGenericCreateStatic)
                  10287cd4    00000140     {53EE172D-21A6-41D3-BD66-C71FE2985D93} (.text.MMWave_configureFrame)
                  10287e14    00000004     libclang_rt.builtins.a : aeabi_div0.c.obj (.text.__aeabi_idiv0)
                  10287e18    00000140     {53EE172D-21A6-41D3-BD66-C71FE2985D93} (.text._pconv_e)
                  10287f58    0000013c     {53EE172D-21A6-41D3-BD66-C71FE2985D93} (.text.UART_controllerIsr)
                  10288094    0000013c     libc.a : _io_perm.c.obj (.text.__TI_wrt_ok)
                  102881d0    0000013c            : s_scalbn.c.obj (.text.ldexp)
                  1028830c    00000124     freertos.am273x.r5f.ti-arm-clang.release.lib : SemaphoreP_freertos.obj (.text.SemaphoreP_pend)
                  10288430    00000124                                                  : SemaphoreP_freertos.obj (.text.SemaphoreP_post)
                  10288554    00000120     libmmwave_cascade_am273x.aer5f : mmwave_link_common.oer5f (.text.MMWave_configPhaseShift)
                  10288674    00000120     freertos.am273x.r5f.ti-arm-clang.release.lib : tasks.obj (.text.vTaskStartScheduler)
                  10288794    0000011c     {53EE172D-21A6-41D3-BD66-C71FE2985D93} (.text.MMWave_FirmwareDownload)
                  102888b0    00000118     {53EE172D-21A6-41D3-BD66-C71FE2985D93} (.text.Alloc_resource)
                  102889c8    00000118     libclang_rt.builtins.a : udivmoddi4.S.obj (.text)
                  10288ae0    00000110     {53EE172D-21A6-41D3-BD66-C71FE2985D93} (.text._ntoa_format)
                  10288bf0    0000010c     libc.a : s_scalbnf.c.obj (.text.ldexpf)
                  10288cfc    00000104     {53EE172D-21A6-41D3-BD66-C71FE2985D93} (.text.EDMA_transferCompletionMasterIsrFxn)
                  10288e00    00000104     libc.a : getdevice.c.obj (.text.getdevice)
                  10288f04    00000102     drivers.am273x.r5f.ti-arm-clang.release.lib : mibspi_v0.obj (.text.MIBSPI_dmaDoneCb)
                  10289006    00000002     {53EE172D-21A6-41D3-BD66-C71FE2985D93} (.text.MIBSPI_edmaDoNothing)
                  10289008    00000100     {53EE172D-21A6-41D3-BD66-C71FE2985D93} (.text.prvAddNewTaskToReadyList)
                  10289108    000000fc     drivers.am273x.r5f.ti-arm-clang.release.lib : mibspi_v0.obj (.text.MIBSPI_close)
                  10289204    000000fc     freertos.am273x.r5f.ti-arm-clang.release.lib : tasks.obj (.text.xTaskIncrementTick)
                  10289300    000000f0     {53EE172D-21A6-41D3-BD66-C71FE2985D93} (.text.MMWave_gpioSpiIrqDevCallbackFxn)
                  102893f0    000000f0     freertos.am273x.r5f.ti-arm-clang.release.lib : port.obj (.text.vApplicationIdleHook)
                  102894e0    000000ee     {53EE172D-21A6-41D3-BD66-C71FE2985D93} (.text.MIBSPI_ISR)
                  102895ce    00000002     {53EE172D-21A6-41D3-BD66-C71FE2985D93} (.text.MMWave_maskHostIRQ)
                  102895d0    000000ec     common.oer5f (.text.Mmwave_ctrlTask)
                  102896bc    000000ec     cascade_lvds_stream.oer5f (.text.allocateEDMAChannel)
                  102897a8    000000ec     freertos.am273x.r5f.ti-arm-clang.release.lib : tasks.obj (.text.vTaskSwitchContext)
                  10289894    000000e8                                                  : HeapP_freertos.obj (.text.HeapP_alloc)
                  1028997c    000000e8     drivers.am273x.r5f.ti-arm-clang.release.lib : soc.obj (.text.SOC_virtToPhy)
                  10289a64    000000e8     libmmwavelink_cascade_am273x.aer5f : rl_driver.oer5f (.text.rlDriverMsgReadSpawnCtx)
                  10289b4c    000000e4     main_mss.oer5f (.text.Enable_BUCK4_ViaPMIC)
                  10289c30    000000e4     {53EE172D-21A6-41D3-BD66-C71FE2985D93} (.text.__TI_closefile)
                  10289d14    000000e0     {53EE172D-21A6-41D3-BD66-C71FE2985D93} (.text.strtok)
                  10289df4    000000d4     drivers.am273x.r5f.ti-arm-clang.release.lib : mibspi_soc.obj (.text.MIBSPI_socMemInit)
                  10289ec8    000000d2     {53EE172D-21A6-41D3-BD66-C71FE2985D93} (.text.MIBSPI_edmaFreeChResource)
                  10289f9a    00000002     {53EE172D-21A6-41D3-BD66-C71FE2985D93} (.text.MMWave_unmaskHostIRQ)
                  10289f9c    000000d0     libmmwave_cascade_am273x.aer5f : mmwave_fullcfg.oer5f (.text.MMWave_addChirp)
                  1028a06c    000000cc     freertos.am273x.r5f.ti-arm-clang.release.lib : tasks.obj (.text.xTaskResumeAll)
                  1028a138    000000c0     libtestlogger_am273x.aer5f : logger.oer5f (.text.MCPI_setFeatureTestResult)
                  1028a1f8    000000c0     freertos.am273x.r5f.ti-arm-clang.release.lib : tasks.obj (.text.xTaskCreateStatic)
                  1028a2b8    000000bc     {53EE172D-21A6-41D3-BD66-C71FE2985D93} (.text._mcpy)
                  1028a374    000000bc     libc.a : fputc.c.obj (.text.fputc)
                  1028a430    000000b8     drivers.am273x.r5f.ti-arm-clang.release.lib : csirx.obj (.text.CSIRX_complexioGetPendingIntr)
                  1028a4e8    000000b8     {53EE172D-21A6-41D3-BD66-C71FE2985D93} (.text.SOC_rcmGetCoreHsDivOut)
                  1028a5a0    000000b4     common.oer5f (.text.Mmwave_eventFxn)
                  1028a654    000000b0     libmmwave_cascade_am273x.aer5f : mmwave_link_common.oer5f (.text.MMWave_spawn)
                  1028a704    000000ac     {53EE172D-21A6-41D3-BD66-C71FE2985D93} (.text.Cascade_LVDSStream_EDMAAllocateCBUFFSwChannel)
                  1028a7b0    000000ac     cascade_csirx.oer5f (.text.MmwCascade_csirxCombinedEOFcallback)
                  1028a85c    000000ac     {53EE172D-21A6-41D3-BD66-C71FE2985D93} (.text.prvSampleTimeNow)
                  1028a908    000000a8     freertos.am273x.r5f.ti-arm-clang.release.lib : tasks.obj (.text.vTaskPriorityDisinheritAfterTimeout)
                  1028a9b0    000000a6     {53EE172D-21A6-41D3-BD66-C71FE2985D93} (.text._ntoa_long_long)
                  1028aa56    000000a4     {53EE172D-21A6-41D3-BD66-C71FE2985D93} (.text.CSIRX_commonIsr)
                  1028aafa    00000002     {53EE172D-21A6-41D3-BD66-C71FE2985D93} (.text._out_char)
                  1028aafc    000000a4     freertos.am273x.r5f.ti-arm-clang.release.lib : tasks.obj (.text.xTaskPriorityDisinherit)
                  1028aba0    000000a0     drivers.am273x.r5f.ti-arm-clang.release.lib : edma.obj (.text.EDMA_freeDmaChannel)
                  1028ac40    000000a0                                                 : edma.obj (.text.EDMA_freeParam)
                  1028ace0    000000a0                                                 : edma.obj (.text.EDMA_freeTcc)
                  1028ad80    000000a0                                                 : edma.obj (.text.EDMA_unregisterIntr)
                  1028ae20    000000a0     {53EE172D-21A6-41D3-BD66-C71FE2985D93} (.text.MMWave_configureProfile)
                  1028aec0    000000a0     libmmwavelink_cascade_am273x.aer5f : rl_driver.oer5f (.text.rlDriverDeInit)
                  1028af60    000000a0     libc.a : memset32.S.obj (.text:memset)
                  1028b000    0000009e     {53EE172D-21A6-41D3-BD66-C71FE2985D93} (.text.EDMA_configureChannelRegion)
                  1028b09e    00000002     --HOLE-- [fill = 0]
                  1028b0a0    00000098     libc.a : _ltoa.c.obj (.text.__TI_ltoa)
                  1028b138    00000098     freertos.am273x.r5f.ti-arm-clang.release.lib : tasks.obj (.text.eTaskGetState)
                  1028b1d0    00000094     drivers.am273x.r5f.ti-arm-clang.release.lib : edma.obj (.text.EDMA_registerIntr)
                  1028b264    00000094     libmmwave_cascade_am273x.aer5f : mmwave_fullcfg.oer5f (.text.MMWave_getPhaseShiftChirpHandle)
                  1028b2f8    00000094     freertos.am273x.r5f.ti-arm-clang.release.lib : tasks.obj (.text.vTaskDelete)
                  1028b38c    00000092     {53EE172D-21A6-41D3-BD66-C71FE2985D93} (.text.prvInitialiseNewTask)
                  1028b41e    00000002     --HOLE-- [fill = 0]
                  1028b420    00000090     {53EE172D-21A6-41D3-BD66-C71FE2985D93} (.text.rlSetProfileConfig)
                  1028b4b0    0000008c     freertos.am273x.r5f.ti-arm-clang.release.lib : tasks.obj (.text.xTaskCheckForTimeOut)
                  1028b53c    00000088     libc.a : fflush.c.obj (.text.__TI_doflush)
                  1028b5c4    00000088     {53EE172D-21A6-41D3-BD66-C71FE2985D93} (.text._ecpy)
                  1028b64c    00000088     freertos.am273x.r5f.ti-arm-clang.release.lib : port.obj (.text.pxPortInitialiseStack)
                  1028b6d4    00000084     {53EE172D-21A6-41D3-BD66-C71FE2985D93} (.text.EDMA_rxCompletionIsrFxn)
                  1028b758    00000084     {53EE172D-21A6-41D3-BD66-C71FE2985D93} (.text.EDMA_txCompletionIsrFxn)
                  1028b7dc    00000084     libmmwave_cascade_am273x.aer5f : mmwave_link_spi_22xx.oer5f (.text.MMWave_fileWrite)
                  1028b860    00000080     {53EE172D-21A6-41D3-BD66-C71FE2985D93} (.text.CBUFF_ISR)
                  1028b8e0    00000080     drivers.am273x.r5f.ti-arm-clang.release.lib : cbuff_lvds.obj (.text.CBUFF_initLVDSLinkListParams)
                  1028b960    00000080     {53EE172D-21A6-41D3-BD66-C71FE2985D93} (.text.MMWave_enableDevice)
                  1028b9e0    00000080     {53EE172D-21A6-41D3-BD66-C71FE2985D93} (.text._ntoa_long)
                  1028ba60    00000080     {53EE172D-21A6-41D3-BD66-C71FE2985D93} (.text._pconv_f)
                  1028bae0    00000080     freertos.am273x.r5f.ti-arm-clang.release.lib : tasks.obj (.text.xTaskPriorityInherit)
                  1028bb60    0000007c     libsysbm.a : hostrename.c.obj (.text.HOSTrename)
                  1028bbdc    0000007c     libmmwave_cascade_am273x.aer5f : mmwave_fullcfg.oer5f (.text.MMWave_getProfileCfg)
                  1028bc58    0000007c     {53EE172D-21A6-41D3-BD66-C71FE2985D93} (.text.MMWave_spiRead)
                  1028bcd4    0000007c     {53EE172D-21A6-41D3-BD66-C71FE2985D93} (.text.UART_txEdmaIsrFxn)
                  1028bd50    0000007c     libc.a : s_frexp.c.obj (.text.frexp)
                  1028bdcc    0000007c     freertos.am273x.r5f.ti-arm-clang.release.lib : tasks.obj (.text.vTaskGetInfo)
                  1028be48    0000007c                                                  : tasks.obj (.text.xTaskRemoveFromEventList)
                  1028bec4    00000078     libsysbm.a : hostopen.c.obj (.text.HOSTopen)
                  1028bf3c    00000078     libmmwave_cascade_am273x.aer5f : mmwave_fullcfg.oer5f (.text.MMWave_getPhaseShiftChirpCfg)
                  1028bfb4    00000078     {53EE172D-21A6-41D3-BD66-C71FE2985D93} (.text.MMWave_waitIRQStatus)
                  1028c02c    00000078     {53EE172D-21A6-41D3-BD66-C71FE2985D93} (.text.UART_rxEdmaIsrFxn)
                  1028c0a4    00000076     {53EE172D-21A6-41D3-BD66-C71FE2985D93} (.text._out_rev)
                  1028c11a    00000002     --HOLE-- [fill = 0]
                  1028c11c    00000074     {53EE172D-21A6-41D3-BD66-C71FE2985D93} (.text.MMWave_spiWrite)
                  1028c190    00000072     {53EE172D-21A6-41D3-BD66-C71FE2985D93} (.text.MIBSPI_writeDataRAM)
                  1028c202    00000002     --HOLE-- [fill = 0]
                  1028c204    00000070     ti_drivers_open_close.oer5f (.text.Drivers_edmaClose)
                  1028c274    00000070     {53EE172D-21A6-41D3-BD66-C71FE2985D93} (.text.prvAddCurrentTaskToDelayedList)
                  1028c2e4    00000070     {53EE172D-21A6-41D3-BD66-C71FE2985D93} (.text.prvUnlockQueue)
                  1028c354    00000070     {53EE172D-21A6-41D3-BD66-C71FE2985D93} (.text.snprintf)
                  1028c3c4    0000006c     libc.a : atoi.c.obj (.text.atoi)
                  1028c430    0000006c     main_mss.oer5f (.text.configureTransfer)
                  1028c49c    00000068     libsysbm.a : hostlseek.c.obj (.text.HOSTlseek)
                  1028c504    00000066     {53EE172D-21A6-41D3-BD66-C71FE2985D93} (.text.EDMA_disableTransferRegion)
                  1028c56a    00000002     --HOLE-- [fill = 0]
                  1028c56c    00000064     {53EE172D-21A6-41D3-BD66-C71FE2985D93} (.text.Cascade_LVDSStream_EDMAFreeCBUFFSwChannel)
                  1028c5d0    00000064     libmmwavelink_cascade_am273x.aer5f : rl_driver.oer5f (.text.rlDriverHostIrqHandler)
                  1028c634    00000064     {53EE172D-21A6-41D3-BD66-C71FE2985D93} (.text.rlRfSetPhaseShiftConfig)
                  1028c698    00000062     {53EE172D-21A6-41D3-BD66-C71FE2985D93} (.text.MIBSPI_readDataRAM)
                  1028c6fa    00000002     --HOLE-- [fill = 0]
                  1028c6fc    00000060     {53EE172D-21A6-41D3-BD66-C71FE2985D93} (.text.SOC_rcmGetADPLLJFout)
                  1028c75c    00000060     {53EE172D-21A6-41D3-BD66-C71FE2985D93} (.text._fcpy)
                  1028c7bc    00000060     {53EE172D-21A6-41D3-BD66-C71FE2985D93} (.text.fprintf)
                  1028c81c    00000060     libmmwavelink_cascade_am273x.aer5f : rl_device.oer5f (.text.rlDevicePowerOff)
                  1028c87c    0000005c     freertos.am273x.r5f.ti-arm-clang.release.lib : DebugP_log.obj (.text._DebugP_assert)
                  1028c8d8    0000005c     {53EE172D-21A6-41D3-BD66-C71FE2985D93} (.text.printf)
                  1028c934    00000058     libsysbm.a : hostread.c.obj (.text.HOSTread)
                  1028c98c    00000058                : hostwrite.c.obj (.text.HOSTwrite)
                  1028c9e4    00000058     {53EE172D-21A6-41D3-BD66-C71FE2985D93} (.text.MIBSPI_enablePinSettings)
                  1028ca3c    00000058     freertos.am273x.r5f.ti-arm-clang.release.lib : SemaphoreP_freertos.obj (.text.SemaphoreP_destruct)
                  1028ca94    00000058     libc.a : fopen.c.obj (.text.__TI_cleanup)
                  1028caec    00000058     libsysbm.a : trgmsg.c.obj (.text.__TI_readmsg)
                  1028cb44    00000058                : trgmsg.c.obj (.text.__TI_writemsg)
                  1028cb9c    00000058     {53EE172D-21A6-41D3-BD66-C71FE2985D93} (.text._outs.147)
                  1028cbf4    00000058     {53EE172D-21A6-41D3-BD66-C71FE2985D93} (.text._outs)
                  1028cc4c    00000058     {53EE172D-21A6-41D3-BD66-C71FE2985D93} (.text.rlDriverExecuteGetApi)
                  1028cca4    00000058     libmmwavelink_cascade_am273x.aer5f : rl_driver.oer5f (.text.rlDriverExecuteSetApi)
                  1028ccfc    00000054     {53EE172D-21A6-41D3-BD66-C71FE2985D93} (.text.CBUFF_ErrorISR)
                  1028cd50    00000054     drivers.am273x.r5f.ti-arm-clang.release.lib : csirx.obj (.text.CSIRX_contextGetPendingIntr)
                  1028cda4    00000054     libc.a : autoinit.c.obj (.text:__TI_auto_init_nobinit_nopinit)
                  1028cdf8    00000050     drivers.am273x.r5f.ti-arm-clang.release.lib : edma.obj (.text.EDMA_allocDmaChannel)
                  1028ce48    00000050                                                 : edma.obj (.text.EDMA_allocParam)
                  1028ce98    00000050                                                 : edma.obj (.text.EDMA_allocTcc)
                  1028cee8    00000050     libsysbm.a : hostunlink.c.obj (.text.HOSTunlink)
                  1028cf38    00000050     libmmwave_cascade_am273x.aer5f : mmwave_osal.oer5f (.text.MMWave_osalMutexCreate)
                  1028cf88    00000050     {53EE172D-21A6-41D3-BD66-C71FE2985D93} (.text.vsnprintf)
                  1028cfd8    0000004c     libmmwave_cascade_am273x.aer5f : mmwave_osal.oer5f (.text.MMWave_osalSemCreate)
                  1028d024    0000004c     {53EE172D-21A6-41D3-BD66-C71FE2985D93} (.text.SOC_rcmGetXtalFrequency)
                  1028d070    0000004c     {53EE172D-21A6-41D3-BD66-C71FE2985D93} (.text.prvIdleTask)
                  1028d0bc    0000004c     libmmwavelink_cascade_am273x.aer5f : rl_driver.oer5f (.text.rlDriverAsyncEventHandler)
                  1028d108    0000004c     freertos.am273x.r5f.ti-arm-clang.release.lib : tasks.obj (.text.vTaskDelay)
                  1028d154    0000004c                                                  : tasks.obj (.text.vTaskPlaceOnEventListRestricted)
                  1028d1a0    0000004c     {53EE172D-21A6-41D3-BD66-C71FE2985D93} (.text.xTimerGenericCommand)
                  1028d1ec    00000048     cascade_csirx.oer5f (.text.MmwCascade_csirx1EOLcallback)
                  1028d234    00000048     freertos.am273x.r5f.ti-arm-clang.release.lib : SemaphoreP_freertos.obj (.text.SemaphoreP_constructMutex)
                  1028d27c    00000044                                                  : SemaphoreP_freertos.obj (.text.SemaphoreP_constructBinary)
                  1028d2c0    00000044     {53EE172D-21A6-41D3-BD66-C71FE2985D93} (.text.free_list_insert)
                  1028d304    00000044     {53EE172D-21A6-41D3-BD66-C71FE2985D93} (.text.prvDeleteTCB)
                  1028d348    00000042     {53EE172D-21A6-41D3-BD66-C71FE2985D93} (.text.CSIRX_complexioSetLaneIntr)
                  1028d38a    00000002     --HOLE-- [fill = 0]
                  1028d38c    00000040     freertos.am273x.r5f.ti-arm-clang.release.lib : tasks.obj (.text.vTaskPlaceOnEventList)
                  1028d3cc    0000003e     libmmwavelink_cascade_am273x.aer5f : rl_driver.oer5f (.text.rlDeviceIdentifyCmdDir)
                  1028d40a    00000002     --HOLE-- [fill = 0]
                  1028d40c    0000003c     drivers.am273x.r5f.ti-arm-clang.release.lib : edma.obj (.text.EDMA_getBaseAddr)
                  1028d448    0000003c     freertos.am273x.r5f.ti-arm-clang.release.lib : HeapP_freertos.obj (.text.HeapP_construct)
                  1028d484    0000003c     {53EE172D-21A6-41D3-BD66-C71FE2985D93} (.text.prvInsertTimerInActiveList)
                  1028d4c0    0000003c     {53EE172D-21A6-41D3-BD66-C71FE2985D93} (.text.rlDriverCalChkSum)
                  1028d4fc    0000003a     {53EE172D-21A6-41D3-BD66-C71FE2985D93} (.text.prvInsertBlockIntoFreeList)
                  1028d536    00000002     --HOLE-- [fill = 0]
                  1028d538    00000038     freertos.am273x.r5f.ti-arm-clang.release.lib : ClockP_freertos.obj (.text.ClockP_getTimeUsec)
                  1028d570    00000038     libsysbm.a : hostclose.c.obj (.text.HOSTclose)
                  1028d5a8    00000038     {53EE172D-21A6-41D3-BD66-C71FE2985D93} (.text.MIBSPI_getPhase)
                  1028d5e0    00000038     {53EE172D-21A6-41D3-BD66-C71FE2985D93} (.text.MIBSPI_getPolarity)
                  1028d618    00000038     {53EE172D-21A6-41D3-BD66-C71FE2985D93} (.text.memccpy)
                  1028d650    00000036     drivers.am273x.r5f.ti-arm-clang.release.lib : edma.obj (.text.EDMA_clrMissEvtRegion)
                  1028d686    00000002     --HOLE-- [fill = 0]
                  1028d688    00000034     freertos.am273x.r5f.ti-arm-clang.release.lib : ClockP_freertos.obj (.text.ClockP_usleep)
                  1028d6bc    00000034     {53EE172D-21A6-41D3-BD66-C71FE2985D93} (.text.free_list_remove)
                  1028d6f0    00000034     libsysbm.a : write.c.obj (.text.write)
                  1028d724    00000032     {53EE172D-21A6-41D3-BD66-C71FE2985D93} (.text.CBUFF_clearStatus)
                  1028d756    00000032     {53EE172D-21A6-41D3-BD66-C71FE2985D93} (.text.EDMA_enableTransferRegion)
                  1028d788    00000030     drivers.am273x.r5f.ti-arm-clang.release.lib : cbuff_lvds.obj (.text.CBUFF_closeLVDS)
                  1028d7b8    00000030     {53EE172D-21A6-41D3-BD66-C71FE2985D93} (.text.CLI_uartPrintf)
                  1028d7e8    00000030     {53EE172D-21A6-41D3-BD66-C71FE2985D93} (.text.MMWave_spiOpen)
                  1028d818    00000030     freertos.am273x.r5f.ti-arm-clang.release.lib : PmuP_armv7r_asm.obj (.text.pmu)
                  1028d848    00000030                                                  : tasks.obj (.text.xTaskGetIdleTaskHandle)
                  1028d878    0000002e     drivers.am273x.r5f.ti-arm-clang.release.lib : crc.obj (.text.CRC_channelReset)
                  1028d8a6    0000002e     freertos.am273x.r5f.ti-arm-clang.release.lib : list.obj (.text.vListInsert)
                  1028d8d4    0000002c                                                  : ClockP_freertos.obj (.text.ClockP_timerTickIsr)
                  1028d900    0000002c     libclang_rt.builtins.a : divsi3.S.obj (.text.__divsi3)
                  1028d92c    0000002c     {53EE172D-21A6-41D3-BD66-C71FE2985D93} (.text._outc.146)
                  1028d958    0000002c     {53EE172D-21A6-41D3-BD66-C71FE2985D93} (.text._outc)
                  1028d984    0000002c     libc.a : exit.c.obj (.text.exit)
                  1028d9b0    0000002c     {53EE172D-21A6-41D3-BD66-C71FE2985D93} (.text.puts)
                  1028d9dc    0000002c     libmmwavelink_cascade_am273x.aer5f : rl_sensor.oer5f (.text.rlEnableContMode)
                  1028da08    0000002c                                        : rl_sensor.oer5f (.text.rlRfSetMiscConfig)
                  1028da34    0000002c                                        : rl_sensor.oer5f (.text.rlSensorStart)
                  1028da60    0000002c                                        : rl_sensor.oer5f (.text.rlSetChannelConfig)
                  1028da8c    0000002a     {53EE172D-21A6-41D3-BD66-C71FE2985D93} (.text.CSIRX_complexioGetLanePendingIntr)
                  1028dab6    0000002a     {53EE172D-21A6-41D3-BD66-C71FE2985D93} (.text.MIBSPI_checkTGComplete)
                  1028dae0    00000028     {53EE172D-21A6-41D3-BD66-C71FE2985D93} (.text.CLI_validateConfigSize)
                  1028db08    00000028     {53EE172D-21A6-41D3-BD66-C71FE2985D93} (.text.MIBSPI_edmaMapTcc2DmaReqLine)
                  1028db30    00000028     {53EE172D-21A6-41D3-BD66-C71FE2985D93} (.text.allocateEDMAShadowChannel)
                  1028db58    00000028     libmmwavelink_cascade_am273x.aer5f : rl_device.oer5f (.text.rlDeviceRfStart)
                  1028db80    00000028     {53EE172D-21A6-41D3-BD66-C71FE2985D93} (.text.rlGetSubBlock)
                  1028dba8    00000028     libmmwavelink_cascade_am273x.aer5f : rl_sensor.oer5f (.text.rlSensorStop)
                  1028dbd0    00000028     {53EE172D-21A6-41D3-BD66-C71FE2985D93} (.text.strchr)
                  1028dbf8    00000028     freertos.am273x.r5f.ti-arm-clang.release.lib : port.obj (.text.vApplicationStackOverflowHook)
                  1028dc20    00000026     drivers.am273x.r5f.ti-arm-clang.release.lib : edma.obj (.text.EDMA_readIntrStatusRegion)
                  1028dc46    00000026                                                 : edma.obj (.text.EDMA_setPaRAM)
                  1028dc6c    00000026     {53EE172D-21A6-41D3-BD66-C71FE2985D93} (.text.UART_txChar)
                  1028dc92    00000002     --HOLE-- [fill = 0]
                  1028dc94    00000024     {53EE172D-21A6-41D3-BD66-C71FE2985D93} (.text.CLI_getChirpsPerFrame)
                  1028dcb8    00000024     drivers.am273x.r5f.ti-arm-clang.release.lib : csirx.obj (.text.CSIRX_contextClearAllIntr)
                  1028dcdc    00000024     ti_drivers_open_close.oer5f (.text.Drivers_mibspiClose)
                  1028dd00    00000024     drivers.am273x.r5f.ti-arm-clang.release.lib : edma.obj (.text.EDMA_getHandle)
                  1028dd24    00000024     {53EE172D-21A6-41D3-BD66-C71FE2985D93} (.text.UART_rxChar)
                  1028dd48    00000024     libclang_rt.builtins.a : aeabi_uldivmod.S.obj (.text.__aeabi_uldivmod)
                  1028dd6c    00000024     {53EE172D-21A6-41D3-BD66-C71FE2985D93} (.text._atoi)
                  1028dd90    00000024     {53EE172D-21A6-41D3-BD66-C71FE2985D93} (.text.prvCopyDataFromQueue)
                  1028ddb4    00000024     {53EE172D-21A6-41D3-BD66-C71FE2985D93} (.text.prvResetNextTaskUnblockTime)
                  1028ddd8    00000024     freertos.am273x.r5f.ti-arm-clang.release.lib : port.obj (.text.vPortTimerTickHandler)
                  1028ddfc    00000024                                                  : queue.obj (.text.vQueueAddToRegistry)
                  1028de20    00000024                                                  : tasks.obj (.text.vTaskExitCritical)
                  1028de44    00000022     {53EE172D-21A6-41D3-BD66-C71FE2985D93} (.text.CSIRX_contextEnableOrDisable)
                  1028de66    00000022     drivers.am273x.r5f.ti-arm-clang.release.lib : edma.obj (.text.EDMA_linkChannel)
                  1028de88    00000022                                                 : gpio_v1.obj (.text.GPIO_setDirMode)
                  1028deaa    00000022     {53EE172D-21A6-41D3-BD66-C71FE2985D93} (.text.MIBSPI_transferGroupDisable)
                  1028decc    00000022     {53EE172D-21A6-41D3-BD66-C71FE2985D93} (.text.uxListRemove)
                  1028deee    00000020     {53EE172D-21A6-41D3-BD66-C71FE2985D93} (.text.CBUFF_initLinkedList)
                  1028df0e    00000002     --HOLE-- [fill = 0]
                  1028df10    00000020     {53EE172D-21A6-41D3-BD66-C71FE2985D93} (.text.CSIRX_init)
                  1028df30    00000020     {53EE172D-21A6-41D3-BD66-C71FE2985D93} (.text.DebugP_logZoneEnable)
                  1028df50    00000020     {53EE172D-21A6-41D3-BD66-C71FE2985D93} (.text.strlen.154)
                  1028df70    00000020     {53EE172D-21A6-41D3-BD66-C71FE2985D93} (.text.strlen)
                  1028df90    00000020     freertos.am273x.r5f.ti-arm-clang.release.lib : heap_3.obj (.text.vPortFree)
                  1028dfb0    0000001e     {53EE172D-21A6-41D3-BD66-C71FE2985D93} (.text.MIBSPI_resetTransactionState)
                  1028dfce    0000001c     drivers.am273x.r5f.ti-arm-clang.release.lib : csirx.obj (.text.CSIRX_complexioClearAllIntr)
                  1028dfea    0000001c     libmmwave_cascade_am273x.aer5f : mmwave_link_common.oer5f (.text.MMWave_internalLinkSync)
                  1028e006    00000002     --HOLE-- [fill = 0]
                  1028e008    0000001c     {53EE172D-21A6-41D3-BD66-C71FE2985D93} (.text.strcpy)
                  1028e024    0000001c     libc.a : wcslen.c.obj (.text.wcslen)
                  1028e040    0000001a     drivers.am273x.r5f.ti-arm-clang.release.lib : cbuff_lvds.obj (.text.CBUFF_finalizeLVDSLinkListParams)
                  1028e05a    0000001a     {53EE172D-21A6-41D3-BD66-C71FE2985D93} (.text.SOC_rcmGetClkSrcFromClkSelVal)
                  1028e074    00000018     {53EE172D-21A6-41D3-BD66-C71FE2985D93} (.text.CBUFF_validateBufferCfg)
                  1028e08c    00000018     ti_drivers_open_close.oer5f (.text.Drivers_uartClose)
                  1028e0a4    00000018     drivers.am273x.r5f.ti-arm-clang.release.lib : gpio_v1.obj (.text.GPIO_pinRead)
                  1028e0bc    00000018     libmmwave_cascade_am273x.aer5f : mmwave_listlib.oer5f (.text.MMWave_listRemove)
                  1028e0d4    00000018                                    : mmwave_osal.oer5f (.text.MMWave_osalMutexLock)
                  1028e0ec    00000018     freertos.am273x.r5f.ti-arm-clang.release.lib : boot_armv7r.obj (.text._system_pre_init)
                  1028e104    00000018     {53EE172D-21A6-41D3-BD66-C71FE2985D93} (.text.prvIsQueueEmpty)
                  1028e11c    00000018     freertos.am273x.r5f.ti-arm-clang.release.lib : tasks.obj (.text.pvTaskIncrementMutexHeldCount)
                  1028e134    00000018                                                  : list.obj (.text.vListInsertEnd)
                  1028e14c    00000018                                                  : tasks.obj (.text.vTaskEnterCritical)
                  1028e164    00000018                                                  : port.obj (.text.xPortStartScheduler)
                  1028e17c    00000018                                                  : tasks.obj (.text.xTaskGetTickCount)
                  1028e194    00000014     {53EE172D-21A6-41D3-BD66-C71FE2985D93} (.text.CSIRX_commonStartOfFrameIntr1Isr)
                  1028e1a8    00000014     {53EE172D-21A6-41D3-BD66-C71FE2985D93} (.text.Cascade_LVDSStream_SwTriggerFrameDone)
                  1028e1bc    00000014     drivers.am273x.r5f.ti-arm-clang.release.lib : edma.obj (.text.EDMA_getRegionId)
                  1028e1d0    00000012     libmmwave_cascade_am273x.aer5f : mmwave_osal.oer5f (.text.MMWave_osalSemWait)
                  1028e1e2    00000012     {53EE172D-21A6-41D3-BD66-C71FE2985D93} (.text.countBits)
                  1028e1f4    00000010     {53EE172D-21A6-41D3-BD66-C71FE2985D93} (.text.CSIRX_commonCombinedEndOfFrameIsr)
                  1028e204    00000010     {53EE172D-21A6-41D3-BD66-C71FE2985D93} (.text.CSIRX_commonCombinedEndOfLineIsr)
                  1028e214    00000010     {53EE172D-21A6-41D3-BD66-C71FE2985D93} (.text.MMWave_registerInterruptHandler)
                  1028e224    00000010     libclang_rt.builtins.a : aeabi_memset.S.obj (.text.__aeabi_memset)
                  1028e234    00000010     {53EE172D-21A6-41D3-BD66-C71FE2985D93} (.text.strlen.727)
                  1028e244    0000000c     libmmwave_cascade_am273x.aer5f : mmwave_osal.oer5f (.text.MMWave_osalMutexDelete)
                  1028e250    0000000c                                    : mmwave_osal.oer5f (.text.MMWave_osalMutexUnlock)
                  1028e25c    0000000c                                    : mmwave_osal.oer5f (.text.MMWave_osalSemDelete)
                  1028e268    0000000c                                    : mmwave_osal.oer5f (.text.MMWave_osalSemSignal)
                  1028e274    0000000c     libclang_rt.builtins.a : aeabi_memset.S.obj (.text.__aeabi_memclr)
                  1028e280    0000000c     freertos.am273x.r5f.ti-arm-clang.release.lib : CpuId_armv7r_asm.obj (.text)
                  1028e28c    00000008     libsysbm.a : hostexit.c.obj (.text.HOSTexit)
                  1028e294    00000006     {53EE172D-21A6-41D3-BD66-C71FE2985D93} (.text.prvTaskExitError)
                  1028e29a    00000002     --HOLE-- [fill = 0]
                  1028e29c    00000004     libclang_rt.builtins.a : aeabi_div0.c.obj (.text.__aeabi_ldiv0)
                  1028e2a0    0000000c     libc.a : strcmp32.S.obj (.text)
                  1028e2ac    00000004     libclang_rt.builtins.a : aeabi_memcpy.S.obj (.text.__aeabi_memcpy)
                  1028e2b0    00000004     {53EE172D-21A6-41D3-BD66-C71FE2985D93} (.text._outc.159)
                  1028e2b4    00000004     {53EE172D-21A6-41D3-BD66-C71FE2985D93} (.text._outc.32)
                  1028e2b8    00000004     {53EE172D-21A6-41D3-BD66-C71FE2985D93} (.text._outs.160)
                  1028e2bc    00000004     {53EE172D-21A6-41D3-BD66-C71FE2985D93} (.text._outs.33)
                  1028e2c0    00000004     {53EE172D-21A6-41D3-BD66-C71FE2985D93} (.text.fclose)
                  1028e2c4    00000008     libclang_rt.builtins.a : aeabi_memcpy.S.obj (.tramp.__aeabi_memcpy.1)
                  1028e2cc    00000008     freertos.am273x.r5f.ti-arm-clang.release.lib : HwiP_armv7r_asm.obj (.tramp.HwiP_restore.1)
                  1028e2d4    00000008                                                  : HwiP_armv7r_asm.obj (.tramp.HwiP_enable.1)
                  1028e2dc    00000004     --HOLE-- [fill = 0]

.rodata    0    1028e2e0    00005640     
                  1028e2e0    00000270     {53EE172D-21A6-41D3-BD66-C71FE2985D93} (.rodata.gSocRcmADPLLJConfigTbl)
                  1028e550    0000013f     {53EE172D-21A6-41D3-BD66-C71FE2985D93} (.rodata.str1.7194626331180367240.1)
                  1028e68f    00000001     --HOLE-- [fill = 0]
                  1028e690    00000101     libc.a : aeabi_ctype.S.obj (.rodata:__aeabi_ctype_table_)
                  1028e791    00000003     {53EE172D-21A6-41D3-BD66-C71FE2985D93} (.rodata.str1.14487092576800130242.1)
                  1028e794    000000d8     ti_drivers_open_close.oer5f (.rodata.gMibspiOpenParams)
                  1028e86c    00000098     {53EE172D-21A6-41D3-BD66-C71FE2985D93} (.rodata.gPinMuxMainDomainCfg)
                  1028e904    0000008e     {53EE172D-21A6-41D3-BD66-C71FE2985D93} (.rodata.str1.9787426339961064112.1)
                  1028e992    0000008c     {53EE172D-21A6-41D3-BD66-C71FE2985D93} (.rodata.str1.15489572737629160270.1)
                  1028ea1e    00000082     {53EE172D-21A6-41D3-BD66-C71FE2985D93} (.rodata.str1.3568461549821553994.1)
                  1028eaa0    0000007f     {53EE172D-21A6-41D3-BD66-C71FE2985D93} (.rodata.str1.935713870010809329.1)
                  1028eb1f    00000071     {53EE172D-21A6-41D3-BD66-C71FE2985D93} (.rodata.str1.8819423519286712368.1)
                  1028eb90    0000006c     {53EE172D-21A6-41D3-BD66-C71FE2985D93} (.rodata.str1.3453001446436232969.1)
                  1028ebfc    0000006b     {53EE172D-21A6-41D3-BD66-C71FE2985D93} (.rodata.str1.9394625218149024795.1)
                  1028ec67    00000066     {53EE172D-21A6-41D3-BD66-C71FE2985D93} (.rodata.str1.3131749676324604519.1)
                  1028eccd    00000064     {53EE172D-21A6-41D3-BD66-C71FE2985D93} (.rodata.str1.212250740672973149.1)
                  1028ed31    00000063     {53EE172D-21A6-41D3-BD66-C71FE2985D93} (.rodata.str1.6069377085365005306.1)
                  1028ed94    00000062     {53EE172D-21A6-41D3-BD66-C71FE2985D93} (.rodata.str1.7452208122336253269.1)
                  1028edf6    00000061     {53EE172D-21A6-41D3-BD66-C71FE2985D93} (.rodata.str1.16733534387100454224.1)
                  1028ee57    00000060     {53EE172D-21A6-41D3-BD66-C71FE2985D93} (.rodata.str1.2872319222019981346.1)
                  1028eeb7    0000005f     {53EE172D-21A6-41D3-BD66-C71FE2985D93} (.rodata.str1.12420656939446119214.1)
                  1028ef16    0000005e     {53EE172D-21A6-41D3-BD66-C71FE2985D93} (.rodata.str1.18141691322783455831.1)
                  1028ef74    0000005e     {53EE172D-21A6-41D3-BD66-C71FE2985D93} (.rodata.str1.519891376166537351.1)
                  1028efd2    0000005d     {53EE172D-21A6-41D3-BD66-C71FE2985D93} (.rodata.str1.13618749533293707422.1)
                  1028f02f    0000005d     {53EE172D-21A6-41D3-BD66-C71FE2985D93} (.rodata.str1.5643951069442128540.1)
                  1028f08c    0000005d     {53EE172D-21A6-41D3-BD66-C71FE2985D93} (.rodata.str1.7245728340037469361.1)
                  1028f0e9    0000005c     {53EE172D-21A6-41D3-BD66-C71FE2985D93} (.rodata.str1.16123300321185486069.1)
                  1028f145    0000005c     {53EE172D-21A6-41D3-BD66-C71FE2985D93} (.rodata.str1.2977320032137256800.1)
                  1028f1a1    00000059     {53EE172D-21A6-41D3-BD66-C71FE2985D93} (.rodata.str1.12595120539327777177.1)
                  1028f1fa    00000059     {53EE172D-21A6-41D3-BD66-C71FE2985D93} (.rodata.str1.7579943706118776166.1)
                  1028f253    00000057     {53EE172D-21A6-41D3-BD66-C71FE2985D93} (.rodata.str1.13285345189777374070.1)
                  1028f2aa    00000002     {53EE172D-21A6-41D3-BD66-C71FE2985D93} (.rodata.str1.1932890280186991035.1)
                  1028f2ac    00000054     ti_dpl_config.oer5f (.rodata.cfg)
                  1028f300    00000053     {53EE172D-21A6-41D3-BD66-C71FE2985D93} (.rodata.str1.4545792809383673217.1)
                  1028f353    00000051     {53EE172D-21A6-41D3-BD66-C71FE2985D93} (.rodata.str1.5395657586071776190.1)
                  1028f3a4    00000004     freertos.am273x.r5f.ti-arm-clang.release.lib : CacheP_armv7r.obj (.rodata.gCacheL1dCacheLineSize)
                  1028f3a8    00000050     {53EE172D-21A6-41D3-BD66-C71FE2985D93} (.rodata._ftoa.pow10)
                  1028f3f8    00000050     {53EE172D-21A6-41D3-BD66-C71FE2985D93} (.rodata.str1.11704984100509287937.1)
                  1028f448    00000050     {53EE172D-21A6-41D3-BD66-C71FE2985D93} (.rodata.str1.16851486938855213335.1)
                  1028f498    00000050     {53EE172D-21A6-41D3-BD66-C71FE2985D93} (.rodata.str1.415957320767856817.1)
                  1028f4e8    0000004d     {53EE172D-21A6-41D3-BD66-C71FE2985D93} (.rodata.str1.1647177643344896048.1)
                  1028f535    0000004a     {53EE172D-21A6-41D3-BD66-C71FE2985D93} (.rodata.str1.11185289688286334073.1)
                  1028f57f    0000004a     {53EE172D-21A6-41D3-BD66-C71FE2985D93} (.rodata.str1.16071118471686489801.1)
                  1028f5c9    0000004a     {53EE172D-21A6-41D3-BD66-C71FE2985D93} (.rodata.str1.474610846682953203.1)
                  1028f613    00000049     {53EE172D-21A6-41D3-BD66-C71FE2985D93} (.rodata.str1.1549235219126328594.1)
                  1028f65c    00000048     {53EE172D-21A6-41D3-BD66-C71FE2985D93} (.rodata.str1.10577597795750055706.1)
                  1028f6a4    00000047     {53EE172D-21A6-41D3-BD66-C71FE2985D93} (.rodata.str1.11006962665471835268.1)
                  1028f6eb    00000047     {53EE172D-21A6-41D3-BD66-C71FE2985D93} (.rodata.str1.13658857479975559879.1)
                  1028f732    00000047     {53EE172D-21A6-41D3-BD66-C71FE2985D93} (.rodata.str1.15100807609882203426.1)
                  1028f779    00000047     {53EE172D-21A6-41D3-BD66-C71FE2985D93} (.rodata.str1.5239029084251048222.1)
                  1028f7c0    00000047     {53EE172D-21A6-41D3-BD66-C71FE2985D93} (.rodata.str1.678534836336100052.1)
                  1028f807    00000046     {53EE172D-21A6-41D3-BD66-C71FE2985D93} (.rodata.str1.18000584088544161916.1)
                  1028f84d    00000044     {53EE172D-21A6-41D3-BD66-C71FE2985D93} (.rodata.str1.14008346329721996179.1)
                  1028f891    00000044     {53EE172D-21A6-41D3-BD66-C71FE2985D93} (.rodata.str1.5360598976887875215.1)
                  1028f8d5    00000044     {53EE172D-21A6-41D3-BD66-C71FE2985D93} (.rodata.str1.832075670164829461.1)
                  1028f919    00000042     {53EE172D-21A6-41D3-BD66-C71FE2985D93} (.rodata.str1.17119381524445397810.1)
                  1028f95b    00000042     {53EE172D-21A6-41D3-BD66-C71FE2985D93} (.rodata.str1.18280375125941940330.1)
                  1028f99d    00000042     {53EE172D-21A6-41D3-BD66-C71FE2985D93} (.rodata.str1.3333703915057270637.1)
                  1028f9df    00000042     {53EE172D-21A6-41D3-BD66-C71FE2985D93} (.rodata.str1.8666908447501316953.1)
                  1028fa21    00000041     {53EE172D-21A6-41D3-BD66-C71FE2985D93} (.rodata.str1.11949874850379314464.1)
                  1028fa62    00000041     {53EE172D-21A6-41D3-BD66-C71FE2985D93} (.rodata.str1.15409398521394381860.1)
                  1028faa3    00000041     {53EE172D-21A6-41D3-BD66-C71FE2985D93} (.rodata.str1.16855152853198985622.1)
                  1028fae4    00000041     {53EE172D-21A6-41D3-BD66-C71FE2985D93} (.rodata.str1.3225015999365631260.1)
                  1028fb25    00000003     {53EE172D-21A6-41D3-BD66-C71FE2985D93} (.rodata.str1.1582503520411322174.1)
                  1028fb28    00000040     {53EE172D-21A6-41D3-BD66-C71FE2985D93} (.rodata.digits)
                  1028fb68    00000040     {53EE172D-21A6-41D3-BD66-C71FE2985D93} (.rodata.gSocRcmXtalInfo)
                  1028fba8    00000040     {53EE172D-21A6-41D3-BD66-C71FE2985D93} (.rodata.str1.12467285561827072696.1)
                  1028fbe8    00000040     {53EE172D-21A6-41D3-BD66-C71FE2985D93} (.rodata.str1.12626670851419487172.1)
                  1028fc28    00000040     {53EE172D-21A6-41D3-BD66-C71FE2985D93} (.rodata.str1.14415204766352084718.1)
                  1028fc68    00000040     {53EE172D-21A6-41D3-BD66-C71FE2985D93} (.rodata.str1.8760878987906694185.1)
                  1028fca8    00000040     {53EE172D-21A6-41D3-BD66-C71FE2985D93} (.rodata.str1.8984785015320088563.1)
                  1028fce8    00000040     {53EE172D-21A6-41D3-BD66-C71FE2985D93} (.rodata.str1.988121629602268728.1)
                  1028fd28    0000003f     {53EE172D-21A6-41D3-BD66-C71FE2985D93} (.rodata.str1.12614782775550208090.1)
                  1028fd67    0000003f     {53EE172D-21A6-41D3-BD66-C71FE2985D93} (.rodata.str1.2648263266535345130.1)
                  1028fda6    0000003f     {53EE172D-21A6-41D3-BD66-C71FE2985D93} (.rodata.str1.6639191679005124535.1)
                  1028fde5    0000003f     {53EE172D-21A6-41D3-BD66-C71FE2985D93} (.rodata.str1.7979543888230887608.1)
                  1028fe24    0000003e     {53EE172D-21A6-41D3-BD66-C71FE2985D93} (.rodata.str1.470553784381387533.1)
                  1028fe62    0000003e     {53EE172D-21A6-41D3-BD66-C71FE2985D93} (.rodata.str1.5867393545191441450.1)
                  1028fea0    0000003e     {53EE172D-21A6-41D3-BD66-C71FE2985D93} (.rodata.str1.6581800389856563546.1)
                  1028fede    0000003e     {53EE172D-21A6-41D3-BD66-C71FE2985D93} (.rodata.str1.7248597736941404440.1)
                  1028ff1c    0000003d     {53EE172D-21A6-41D3-BD66-C71FE2985D93} (.rodata.str1.15333335336306860104.1)
                  1028ff59    0000003d     {53EE172D-21A6-41D3-BD66-C71FE2985D93} (.rodata.str1.16363306501005725073.1)
                  1028ff96    0000003d     {53EE172D-21A6-41D3-BD66-C71FE2985D93} (.rodata.str1.4974391245292645797.1)
                  1028ffd3    0000003d     {53EE172D-21A6-41D3-BD66-C71FE2985D93} (.rodata.str1.8929246036205116268.1)
                  10290010    0000003d     {53EE172D-21A6-41D3-BD66-C71FE2985D93} (.rodata.str1.9142754972178176391.1)
                  1029004d    00000002     {53EE172D-21A6-41D3-BD66-C71FE2985D93} (.rodata.str1.4521215054758067271.1)
                  1029004f    00000001     --HOLE-- [fill = 0]
                  10290050    0000003c     ti_power_clock_config.oer5f (.rodata.gSocModulesClockFrequency)
                  1029008c    0000003c     {53EE172D-21A6-41D3-BD66-C71FE2985D93} (.rodata.str1.10914152457598134795.1)
                  102900c8    0000003c     {53EE172D-21A6-41D3-BD66-C71FE2985D93} (.rodata.str1.18298366676390901967.1)
                  10290104    0000003c     {53EE172D-21A6-41D3-BD66-C71FE2985D93} (.rodata.str1.18383736248988402566.1)
                  10290140    0000003c     {53EE172D-21A6-41D3-BD66-C71FE2985D93} (.rodata.str1.4518461997595116252.1)
                  1029017c    0000003c     {53EE172D-21A6-41D3-BD66-C71FE2985D93} (.rodata.str1.5487084172370186406.1)
                  102901b8    0000003b     {53EE172D-21A6-41D3-BD66-C71FE2985D93} (.rodata.str1.4217583686607928111.1)
                  102901f3    0000003b     {53EE172D-21A6-41D3-BD66-C71FE2985D93} (.rodata.str1.5455807559237547042.1)
                  1029022e    0000003b     {53EE172D-21A6-41D3-BD66-C71FE2985D93} (.rodata.str1.5840009456700410944.1)
                  10290269    0000003a     {53EE172D-21A6-41D3-BD66-C71FE2985D93} (.rodata.str1.14112179281453740596.1)
                  102902a3    0000003a     {53EE172D-21A6-41D3-BD66-C71FE2985D93} (.rodata.str1.5494904264648955676.1)
                  102902dd    0000003a     {53EE172D-21A6-41D3-BD66-C71FE2985D93} (.rodata.str1.8781301953493706040.1)
                  10290317    00000039     {53EE172D-21A6-41D3-BD66-C71FE2985D93} (.rodata.str1.12675618556841799795.1)
                  10290350    00000039     {53EE172D-21A6-41D3-BD66-C71FE2985D93} (.rodata.str1.2043102123910183314.1)
                  10290389    00000039     {53EE172D-21A6-41D3-BD66-C71FE2985D93} (.rodata.str1.2059707367565619464.1)
                  102903c2    00000039     {53EE172D-21A6-41D3-BD66-C71FE2985D93} (.rodata.str1.5288049560598607670.1)
                  102903fb    00000039     {53EE172D-21A6-41D3-BD66-C71FE2985D93} (.rodata.str1.9776565450443705635.1)
                  10290434    00000004     freertos.am273x.r5f.ti-arm-clang.release.lib : CacheP_armv7r.obj (.rodata.gCacheL1pCacheLineSize)
                  10290438    00000038     ti_drivers_open_close.oer5f (.rodata.gUartParams)
                  10290470    00000038     {53EE172D-21A6-41D3-BD66-C71FE2985D93} (.rodata.str1.10276948310718467250.1)
                  102904a8    00000038     {53EE172D-21A6-41D3-BD66-C71FE2985D93} (.rodata.str1.13957737806124936715.1)
                  102904e0    00000038     {53EE172D-21A6-41D3-BD66-C71FE2985D93} (.rodata.str1.14287829655512542338.1)
                  10290518    00000038     {53EE172D-21A6-41D3-BD66-C71FE2985D93} (.rodata.str1.3218897347754341040.1)
                  10290550    00000038     {53EE172D-21A6-41D3-BD66-C71FE2985D93} (.rodata.str1.9112201447341555242.1)
                  10290588    00000037     {53EE172D-21A6-41D3-BD66-C71FE2985D93} (.rodata.str1.10531296715976551732.1)
                  102905bf    00000037     {53EE172D-21A6-41D3-BD66-C71FE2985D93} (.rodata.str1.14326563606022736846.1)
                  102905f6    00000037     {53EE172D-21A6-41D3-BD66-C71FE2985D93} (.rodata.str1.15862597310971462994.1)
                  1029062d    00000037     {53EE172D-21A6-41D3-BD66-C71FE2985D93} (.rodata.str1.166659775961621335.1)
                  10290664    00000037     {53EE172D-21A6-41D3-BD66-C71FE2985D93} (.rodata.str1.1984766854200227497.1)
                  1029069b    00000037     {53EE172D-21A6-41D3-BD66-C71FE2985D93} (.rodata.str1.8702239324041680261.1)
                  102906d2    00000037     {53EE172D-21A6-41D3-BD66-C71FE2985D93} (.rodata.str1.9571831365752425223.1)
                  10290709    00000036     {53EE172D-21A6-41D3-BD66-C71FE2985D93} (.rodata.str1.16329871980696407470.1)
                  1029073f    00000036     {53EE172D-21A6-41D3-BD66-C71FE2985D93} (.rodata.str1.17856535888184229909.1)
                  10290775    00000036     {53EE172D-21A6-41D3-BD66-C71FE2985D93} (.rodata.str1.2374930628651260105.1)
                  102907ab    00000036     {53EE172D-21A6-41D3-BD66-C71FE2985D93} (.rodata.str1.4445036064785734093.1)
                  102907e1    00000036     {53EE172D-21A6-41D3-BD66-C71FE2985D93} (.rodata.str1.496681157919567127.1)
                  10290817    00000035     {53EE172D-21A6-41D3-BD66-C71FE2985D93} (.rodata.str1.11477709987339859837.1)
                  1029084c    00000035     {53EE172D-21A6-41D3-BD66-C71FE2985D93} (.rodata.str1.13791258149020473201.1)
                  10290881    00000035     {53EE172D-21A6-41D3-BD66-C71FE2985D93} (.rodata.str1.14422016587543244811.1)
                  102908b6    00000035     {53EE172D-21A6-41D3-BD66-C71FE2985D93} (.rodata.str1.3425896415925737334.1)
                  102908eb    00000035     {53EE172D-21A6-41D3-BD66-C71FE2985D93} (.rodata.str1.7799962049992945976.1)
                  10290920    00000034     {53EE172D-21A6-41D3-BD66-C71FE2985D93} (.rodata.str1.14767487998883701366.1)
                  10290954    00000034     {53EE172D-21A6-41D3-BD66-C71FE2985D93} (.rodata.str1.2691032914511146553.1)
                  10290988    00000034     {53EE172D-21A6-41D3-BD66-C71FE2985D93} (.rodata.str1.3122252897644418791.1)
                  102909bc    00000034     {53EE172D-21A6-41D3-BD66-C71FE2985D93} (.rodata.str1.693002497172088204.1)
                  102909f0    00000033     {53EE172D-21A6-41D3-BD66-C71FE2985D93} (.rodata.str1.1261767199821790274.1)
                  10290a23    00000033     {53EE172D-21A6-41D3-BD66-C71FE2985D93} (.rodata.str1.3193600907953316458.1)
                  10290a56    00000033     {53EE172D-21A6-41D3-BD66-C71FE2985D93} (.rodata.str1.7236452964214986171.1)
                  10290a89    00000032     {53EE172D-21A6-41D3-BD66-C71FE2985D93} (.rodata.str1.10567118333480672041.1)
                  10290abb    00000032     {53EE172D-21A6-41D3-BD66-C71FE2985D93} (.rodata.str1.10717520469120833513.1)
                  10290aed    00000032     {53EE172D-21A6-41D3-BD66-C71FE2985D93} (.rodata.str1.13003990913292051511.1)
                  10290b1f    00000031     {53EE172D-21A6-41D3-BD66-C71FE2985D93} (.rodata.str1.10401242038759278683.1)
                  10290b50    00000031     {53EE172D-21A6-41D3-BD66-C71FE2985D93} (.rodata.str1.10843303851342507824.1)
                  10290b81    00000031     {53EE172D-21A6-41D3-BD66-C71FE2985D93} (.rodata.str1.1133310252876044341.1)
                  10290bb2    00000031     {53EE172D-21A6-41D3-BD66-C71FE2985D93} (.rodata.str1.13803996183254521830.1)
                  10290be3    00000031     {53EE172D-21A6-41D3-BD66-C71FE2985D93} (.rodata.str1.3164040179291017478.1)
                  10290c14    00000031     {53EE172D-21A6-41D3-BD66-C71FE2985D93} (.rodata.str1.6014691303080722140.1)
                  10290c45    00000031     {53EE172D-21A6-41D3-BD66-C71FE2985D93} (.rodata.str1.9484550435968672216.1)
                  10290c76    00000002     {53EE172D-21A6-41D3-BD66-C71FE2985D93} (.rodata.str1.5341038980311254883.1)
                  10290c78    00000030     {53EE172D-21A6-41D3-BD66-C71FE2985D93} (.rodata.cst16)
                  10290ca8    00000030     {53EE172D-21A6-41D3-BD66-C71FE2985D93} (.rodata.str1.12268873216441623881.1)
                  10290cd8    0000002f     {53EE172D-21A6-41D3-BD66-C71FE2985D93} (.rodata.str1.10736003951895666366.1)
                  10290d07    0000002f     {53EE172D-21A6-41D3-BD66-C71FE2985D93} (.rodata.str1.11551297787898648163.1)
                  10290d36    0000002f     {53EE172D-21A6-41D3-BD66-C71FE2985D93} (.rodata.str1.12252460800939117496.1)
                  10290d65    0000002f     {53EE172D-21A6-41D3-BD66-C71FE2985D93} (.rodata.str1.12745926937464156588.1)
                  10290d94    0000002f     {53EE172D-21A6-41D3-BD66-C71FE2985D93} (.rodata.str1.13873150295766803961.1)
                  10290dc3    0000002f     {53EE172D-21A6-41D3-BD66-C71FE2985D93} (.rodata.str1.5372827619904124901.1)
                  10290df2    0000002f     {53EE172D-21A6-41D3-BD66-C71FE2985D93} (.rodata.str1.5740628644060251990.1)
                  10290e21    0000002e     {53EE172D-21A6-41D3-BD66-C71FE2985D93} (.rodata.str1.11522457343241406008.1)
                  10290e4f    0000002e     {53EE172D-21A6-41D3-BD66-C71FE2985D93} (.rodata.str1.13341988216064122737.1)
                  10290e7d    0000002e     {53EE172D-21A6-41D3-BD66-C71FE2985D93} (.rodata.str1.13868447259951328741.1)
                  10290eab    0000002e     {53EE172D-21A6-41D3-BD66-C71FE2985D93} (.rodata.str1.18048502197637819171.1)
                  10290ed9    0000002e     {53EE172D-21A6-41D3-BD66-C71FE2985D93} (.rodata.str1.1808630310306406740.1)
                  10290f07    0000002e     {53EE172D-21A6-41D3-BD66-C71FE2985D93} (.rodata.str1.5154034997882264908.1)
                  10290f35    0000002e     {53EE172D-21A6-41D3-BD66-C71FE2985D93} (.rodata.str1.5222169143683271625.1)
                  10290f63    0000002e     {53EE172D-21A6-41D3-BD66-C71FE2985D93} (.rodata.str1.5777503001394137426.1)
                  10290f91    0000002e     {53EE172D-21A6-41D3-BD66-C71FE2985D93} (.rodata.str1.6084005488128075423.1)
                  10290fbf    0000002e     {53EE172D-21A6-41D3-BD66-C71FE2985D93} (.rodata.str1.6176171337096547680.1)
                  10290fed    0000002e     {53EE172D-21A6-41D3-BD66-C71FE2985D93} (.rodata.str1.7794632646626360951.1)
                  1029101b    0000002d     {53EE172D-21A6-41D3-BD66-C71FE2985D93} (.rodata.str1.15563171834052584602.1)
                  10291048    0000002c     {53EE172D-21A6-41D3-BD66-C71FE2985D93} (.rodata.str1.11315205097892556202.1)
                  10291074    0000002c     {53EE172D-21A6-41D3-BD66-C71FE2985D93} (.rodata.str1.13394778612781232436.1)
                  102910a0    0000002c     {53EE172D-21A6-41D3-BD66-C71FE2985D93} (.rodata.str1.16636106177604415247.1)
                  102910cc    0000002c     {53EE172D-21A6-41D3-BD66-C71FE2985D93} (.rodata.str1.18208369153588666010.1)
                  102910f8    0000002c     {53EE172D-21A6-41D3-BD66-C71FE2985D93} (.rodata.str1.2920504002684656390.1)
                  10291124    0000002c     {53EE172D-21A6-41D3-BD66-C71FE2985D93} (.rodata.str1.3223463285459973556.1)
                  10291150    0000002c     {53EE172D-21A6-41D3-BD66-C71FE2985D93} (.rodata.str1.5132456936470404501.1)
                  1029117c    0000002c     {53EE172D-21A6-41D3-BD66-C71FE2985D93} (.rodata.str1.6965206870809709674.1)
                  102911a8    0000002c     {53EE172D-21A6-41D3-BD66-C71FE2985D93} (.rodata.str1.7812899130232122624.1)
                  102911d4    0000002c     {53EE172D-21A6-41D3-BD66-C71FE2985D93} (.rodata.str1.9187428440483605644.1)
                  10291200    0000002c     {53EE172D-21A6-41D3-BD66-C71FE2985D93} (.rodata.str1.9885902480399444533.1)
                  1029122c    0000002b     {53EE172D-21A6-41D3-BD66-C71FE2985D93} (.rodata.str1.17042840446537004866.1)
                  10291257    0000002b     {53EE172D-21A6-41D3-BD66-C71FE2985D93} (.rodata.str1.18348510652689296148.1)
                  10291282    0000002b     {53EE172D-21A6-41D3-BD66-C71FE2985D93} (.rodata.str1.6830549780028784333.1)
                  102912ad    0000002b     {53EE172D-21A6-41D3-BD66-C71FE2985D93} (.rodata.str1.6951202101945594806.1)
                  102912d8    0000002b     {53EE172D-21A6-41D3-BD66-C71FE2985D93} (.rodata.str1.9235382016947754680.1)
                  10291303    0000002a     {53EE172D-21A6-41D3-BD66-C71FE2985D93} (.rodata.str1.11549517222160279497.1)
                  1029132d    0000002a     {53EE172D-21A6-41D3-BD66-C71FE2985D93} (.rodata.str1.16734529894932125862.1)
                  10291357    0000002a     {53EE172D-21A6-41D3-BD66-C71FE2985D93} (.rodata.str1.5208291204086957197.1)
                  10291381    0000002a     {53EE172D-21A6-41D3-BD66-C71FE2985D93} (.rodata.str1.6002276857950823008.1)
                  102913ab    0000002a     {53EE172D-21A6-41D3-BD66-C71FE2985D93} (.rodata.str1.6460544749039561.1)
                  102913d5    0000002a     {53EE172D-21A6-41D3-BD66-C71FE2985D93} (.rodata.str1.6946371242775798973.1)
                  102913ff    0000002a     {53EE172D-21A6-41D3-BD66-C71FE2985D93} (.rodata.str1.732296317035225894.1)
                  10291429    0000002a     {53EE172D-21A6-41D3-BD66-C71FE2985D93} (.rodata.str1.8199346237674135121.1)
                  10291453    0000002a     {53EE172D-21A6-41D3-BD66-C71FE2985D93} (.rodata.str1.8474751081149379519.1)
                  1029147d    0000002a     {53EE172D-21A6-41D3-BD66-C71FE2985D93} (.rodata.str1.8654663044476872545.1)
                  102914a7    00000029     {53EE172D-21A6-41D3-BD66-C71FE2985D93} (.rodata.str1.11072381668396047406.1)
                  102914d0    00000029     {53EE172D-21A6-41D3-BD66-C71FE2985D93} (.rodata.str1.11279997456279480214.1)
                  102914f9    00000029     {53EE172D-21A6-41D3-BD66-C71FE2985D93} (.rodata.str1.1497277182996258888.1)
                  10291522    00000029     {53EE172D-21A6-41D3-BD66-C71FE2985D93} (.rodata.str1.2553816214819901167.1)
                  1029154b    00000029     {53EE172D-21A6-41D3-BD66-C71FE2985D93} (.rodata.str1.312459300366913422.1)
                  10291574    00000029     {53EE172D-21A6-41D3-BD66-C71FE2985D93} (.rodata.str1.3454956589997530309.1)
                  1029159d    00000029     {53EE172D-21A6-41D3-BD66-C71FE2985D93} (.rodata.str1.3688691182607116484.1)
                  102915c6    00000029     {53EE172D-21A6-41D3-BD66-C71FE2985D93} (.rodata.str1.3998497283302777830.1)
                  102915ef    00000029     {53EE172D-21A6-41D3-BD66-C71FE2985D93} (.rodata.str1.6531295398022446634.1)
                  10291618    00000029     {53EE172D-21A6-41D3-BD66-C71FE2985D93} (.rodata.str1.6622793211384505057.1)
                  10291641    00000029     {53EE172D-21A6-41D3-BD66-C71FE2985D93} (.rodata.str1.6778076060421305916.1)
                  1029166a    00000029     {53EE172D-21A6-41D3-BD66-C71FE2985D93} (.rodata.str1.7545647463021371444.1)
                  10291693    00000029     {53EE172D-21A6-41D3-BD66-C71FE2985D93} (.rodata.str1.9857435039156408742.1)
                  102916bc    00000028     {53EE172D-21A6-41D3-BD66-C71FE2985D93} (.rodata.str1.15008180995940510463.1)
                  102916e4    00000028     {53EE172D-21A6-41D3-BD66-C71FE2985D93} (.rodata.str1.17392138502404820346.1)
                  1029170c    00000028     {53EE172D-21A6-41D3-BD66-C71FE2985D93} (.rodata.str1.505293686942061793.1)
                  10291734    00000028     {53EE172D-21A6-41D3-BD66-C71FE2985D93} (.rodata.str1.89800033972521044.1)
                  1029175c    00000027     {53EE172D-21A6-41D3-BD66-C71FE2985D93} (.rodata.str1.11315684441409680091.1)
                  10291783    00000027     {53EE172D-21A6-41D3-BD66-C71FE2985D93} (.rodata.str1.12869573036510608946.1)
                  102917aa    00000027     {53EE172D-21A6-41D3-BD66-C71FE2985D93} (.rodata.str1.14051649372836887043.1)
                  102917d1    00000027     {53EE172D-21A6-41D3-BD66-C71FE2985D93} (.rodata.str1.17878389505353603450.1)
                  102917f8    00000027     {53EE172D-21A6-41D3-BD66-C71FE2985D93} (.rodata.str1.18180114033597188379.1)
                  1029181f    00000027     {53EE172D-21A6-41D3-BD66-C71FE2985D93} (.rodata.str1.3003422354887751927.1)
                  10291846    00000027     {53EE172D-21A6-41D3-BD66-C71FE2985D93} (.rodata.str1.4336966278331466532.1)
                  1029186d    00000027     {53EE172D-21A6-41D3-BD66-C71FE2985D93} (.rodata.str1.5479951531986056198.1)
                  10291894    00000027     {53EE172D-21A6-41D3-BD66-C71FE2985D93} (.rodata.str1.6744977383438940983.1)
                  102918bb    00000027     {53EE172D-21A6-41D3-BD66-C71FE2985D93} (.rodata.str1.7014476826896499726.1)
                  102918e2    00000027     {53EE172D-21A6-41D3-BD66-C71FE2985D93} (.rodata.str1.9334375731510279242.1)
                  10291909    00000027     {53EE172D-21A6-41D3-BD66-C71FE2985D93} (.rodata.str1.9594672233626986489.1)
                  10291930    00000026     {53EE172D-21A6-41D3-BD66-C71FE2985D93} (.rodata.str1.11784268553153003905.1)
                  10291956    00000026     {53EE172D-21A6-41D3-BD66-C71FE2985D93} (.rodata.str1.12190504926223786963.1)
                  1029197c    00000026     {53EE172D-21A6-41D3-BD66-C71FE2985D93} (.rodata.str1.14442013556274563574.1)
                  102919a2    00000025     {53EE172D-21A6-41D3-BD66-C71FE2985D93} (.rodata.str1.11254166407403963999.1)
                  102919c7    00000025     {53EE172D-21A6-41D3-BD66-C71FE2985D93} (.rodata.str1.12394746681724850476.1)
                  102919ec    00000025     {53EE172D-21A6-41D3-BD66-C71FE2985D93} (.rodata.str1.12478787637038706008.1)
                  10291a11    00000025     {53EE172D-21A6-41D3-BD66-C71FE2985D93} (.rodata.str1.15539207090263963235.1)
                  10291a36    00000025     {53EE172D-21A6-41D3-BD66-C71FE2985D93} (.rodata.str1.15567679626450102284.1)
                  10291a5b    00000025     {53EE172D-21A6-41D3-BD66-C71FE2985D93} (.rodata.str1.5308831452388871626.1)
                  10291a80    00000024     {53EE172D-21A6-41D3-BD66-C71FE2985D93} (.rodata.str1.11041512776711630941.1)
                  10291aa4    00000024     {53EE172D-21A6-41D3-BD66-C71FE2985D93} (.rodata.str1.13299031372502791579.1)
                  10291ac8    00000024     {53EE172D-21A6-41D3-BD66-C71FE2985D93} (.rodata.str1.18024986491098160233.1)
                  10291aec    00000024     {53EE172D-21A6-41D3-BD66-C71FE2985D93} (.rodata.str1.3196341522247734632.1)
                  10291b10    00000024     {53EE172D-21A6-41D3-BD66-C71FE2985D93} (.rodata.str1.7634707615436963089.1)
                  10291b34    00000024     {53EE172D-21A6-41D3-BD66-C71FE2985D93} (.rodata.str1.7904770289156643500.1)
                  10291b58    00000024     {53EE172D-21A6-41D3-BD66-C71FE2985D93} (.rodata.str1.7969200447988187277.1)
                  10291b7c    00000024     {53EE172D-21A6-41D3-BD66-C71FE2985D93} (.rodata.str1.8093972266353224591.1)
                  10291ba0    00000024     {53EE172D-21A6-41D3-BD66-C71FE2985D93} (.rodata.str1.906144131007236690.1)
                  10291bc4    00000023     {53EE172D-21A6-41D3-BD66-C71FE2985D93} (.rodata.str1.10818483992829112243.1)
                  10291be7    00000023     {53EE172D-21A6-41D3-BD66-C71FE2985D93} (.rodata.str1.16910253473081522469.1)
                  10291c0a    00000023     {53EE172D-21A6-41D3-BD66-C71FE2985D93} (.rodata.str1.3565618169506805481.1)
                  10291c2d    00000023     {53EE172D-21A6-41D3-BD66-C71FE2985D93} (.rodata.str1.3645137696483406543.1)
                  10291c50    00000023     {53EE172D-21A6-41D3-BD66-C71FE2985D93} (.rodata.str1.4769201392388100943.1)
                  10291c73    00000023     {53EE172D-21A6-41D3-BD66-C71FE2985D93} (.rodata.str1.8795006471988811002.1)
                  10291c96    00000022     {53EE172D-21A6-41D3-BD66-C71FE2985D93} (.rodata.str1.10277562541090766604.1)
                  10291cb8    00000022     {53EE172D-21A6-41D3-BD66-C71FE2985D93} (.rodata.str1.11964762370091254995.1)
                  10291cda    00000022     {53EE172D-21A6-41D3-BD66-C71FE2985D93} (.rodata.str1.14566441936490312936.1)
                  10291cfc    00000022     {53EE172D-21A6-41D3-BD66-C71FE2985D93} (.rodata.str1.16458136454850407824.1)
                  10291d1e    00000022     {53EE172D-21A6-41D3-BD66-C71FE2985D93} (.rodata.str1.2076572337769685326.1)
                  10291d40    00000022     {53EE172D-21A6-41D3-BD66-C71FE2985D93} (.rodata.str1.6386501010191235387.1)
                  10291d62    00000022     {53EE172D-21A6-41D3-BD66-C71FE2985D93} (.rodata.str1.7133329594606473324.1)
                  10291d84    00000022     {53EE172D-21A6-41D3-BD66-C71FE2985D93} (.rodata.str1.7508942187056903539.1)
                  10291da6    00000022     {53EE172D-21A6-41D3-BD66-C71FE2985D93} (.rodata.str1.9972631415523481829.1)
                  10291dc8    00000021     {53EE172D-21A6-41D3-BD66-C71FE2985D93} (.rodata.str1.12298482293934864824.1)
                  10291de9    00000021     {53EE172D-21A6-41D3-BD66-C71FE2985D93} (.rodata.str1.2668349654630873800.1)
                  10291e0a    00000021     {53EE172D-21A6-41D3-BD66-C71FE2985D93} (.rodata.str1.390397363213435835.1)
                  10291e2b    00000021     {53EE172D-21A6-41D3-BD66-C71FE2985D93} (.rodata.str1.6692648297912741057.1)
                  10291e4c    00000021     {53EE172D-21A6-41D3-BD66-C71FE2985D93} (.rodata.str1.8979086639778664505.1)
                  10291e6d    00000020     {53EE172D-21A6-41D3-BD66-C71FE2985D93} (.rodata.str1.14839931939267652691.1)
                  10291e8d    00000020     {53EE172D-21A6-41D3-BD66-C71FE2985D93} (.rodata.str1.15211281974140599961.1)
                  10291ead    00000020     {53EE172D-21A6-41D3-BD66-C71FE2985D93} (.rodata.str1.1623457185097981242.1)
                  10291ecd    00000020     {53EE172D-21A6-41D3-BD66-C71FE2985D93} (.rodata.str1.16450071662168514581.1)
                  10291eed    00000020     {53EE172D-21A6-41D3-BD66-C71FE2985D93} (.rodata.str1.1654285526368977296.1)
                  10291f0d    00000020     {53EE172D-21A6-41D3-BD66-C71FE2985D93} (.rodata.str1.16706140668563553079.1)
                  10291f2d    00000020     {53EE172D-21A6-41D3-BD66-C71FE2985D93} (.rodata.str1.18134813149662314356.1)
                  10291f4d    00000020     {53EE172D-21A6-41D3-BD66-C71FE2985D93} (.rodata.str1.3711233212771063732.1)
                  10291f6d    00000020     {53EE172D-21A6-41D3-BD66-C71FE2985D93} (.rodata.str1.3737918264178789069.1)
                  10291f8d    00000020     {53EE172D-21A6-41D3-BD66-C71FE2985D93} (.rodata.str1.3899073786106786109.1)
                  10291fad    00000020     {53EE172D-21A6-41D3-BD66-C71FE2985D93} (.rodata.str1.4188818854221878621.1)
                  10291fcd    0000001f     {53EE172D-21A6-41D3-BD66-C71FE2985D93} (.rodata.str1.10063174739915069434.1)
                  10291fec    0000001f     {53EE172D-21A6-41D3-BD66-C71FE2985D93} (.rodata.str1.11191349053451281844.1)
                  1029200b    0000001f     {53EE172D-21A6-41D3-BD66-C71FE2985D93} (.rodata.str1.11341338071141260346.1)
                  1029202a    0000001f     {53EE172D-21A6-41D3-BD66-C71FE2985D93} (.rodata.str1.11507630246853003619.1)
                  10292049    0000001f     {53EE172D-21A6-41D3-BD66-C71FE2985D93} (.rodata.str1.12631651529624651267.1)
                  10292068    0000001f     {53EE172D-21A6-41D3-BD66-C71FE2985D93} (.rodata.str1.12748481695188809633.1)
                  10292087    0000001f     {53EE172D-21A6-41D3-BD66-C71FE2985D93} (.rodata.str1.14932708015421967471.1)
                  102920a6    0000001f     {53EE172D-21A6-41D3-BD66-C71FE2985D93} (.rodata.str1.16102862242179331474.1)
                  102920c5    0000001f     {53EE172D-21A6-41D3-BD66-C71FE2985D93} (.rodata.str1.17341305680491763086.1)
                  102920e4    0000001f     {53EE172D-21A6-41D3-BD66-C71FE2985D93} (.rodata.str1.4543851693163168077.1)
                  10292103    0000001f     {53EE172D-21A6-41D3-BD66-C71FE2985D93} (.rodata.str1.6575045697814268614.1)
                  10292122    0000001f     {53EE172D-21A6-41D3-BD66-C71FE2985D93} (.rodata.str1.7869997181605694304.1)
                  10292141    0000001f     {53EE172D-21A6-41D3-BD66-C71FE2985D93} (.rodata.str1.8430146403508098855.1)
                  10292160    0000001e     {53EE172D-21A6-41D3-BD66-C71FE2985D93} (.rodata.str1.10271777717534793632.1)
                  1029217e    0000001e     {53EE172D-21A6-41D3-BD66-C71FE2985D93} (.rodata.str1.14652930300261166621.1)
                  1029219c    0000001e     {53EE172D-21A6-41D3-BD66-C71FE2985D93} (.rodata.str1.1476215583921849148.1)
                  102921ba    0000001e     {53EE172D-21A6-41D3-BD66-C71FE2985D93} (.rodata.str1.15689189384472174473.1)
                  102921d8    0000001e     {53EE172D-21A6-41D3-BD66-C71FE2985D93} (.rodata.str1.3069278930637593228.1)
                  102921f6    0000001e     {53EE172D-21A6-41D3-BD66-C71FE2985D93} (.rodata.str1.3998464287976889528.1)
                  10292214    0000001e     {53EE172D-21A6-41D3-BD66-C71FE2985D93} (.rodata.str1.7967666449746223428.1)
                  10292232    0000001d     {53EE172D-21A6-41D3-BD66-C71FE2985D93} (.rodata.str1.12266916504686681761.1)
                  1029224f    0000001d     {53EE172D-21A6-41D3-BD66-C71FE2985D93} (.rodata.str1.12429527165725751756.1)
                  1029226c    0000001d     {53EE172D-21A6-41D3-BD66-C71FE2985D93} (.rodata.str1.12621726537413135232.1)
                  10292289    0000001d     {53EE172D-21A6-41D3-BD66-C71FE2985D93} (.rodata.str1.1345206698858701367.1)
                  102922a6    0000001d     {53EE172D-21A6-41D3-BD66-C71FE2985D93} (.rodata.str1.14144237492009350508.1)
                  102922c3    0000001d     {53EE172D-21A6-41D3-BD66-C71FE2985D93} (.rodata.str1.15317340700663972481.1)
[...]
1029e9d0  CacheP_disableL1d                  
1029e9f8  CacheP_disableL1p                  
1029ed95  CacheP_enable                      
1029ea10  CacheP_enableL1d                   
1029ea28  CacheP_enableL1p                   
1029ecd4  CacheP_getCacheLevelInfo           
1029ec9c  CacheP_getEnabled                  
1029ed11  CacheP_init                        
1029edb5  CacheP_inv                         
1029ea40  CacheP_invL1d                      
1029eab4  CacheP_invL1dAll                   
1029ea78  CacheP_invL1p                      
1029eabc  CacheP_invL1pAll                   
1029ed00  CacheP_setDLFO                     
1029eac4  CacheP_wb                          
1029eb3c  CacheP_wbAll                       
1029eb00  CacheP_wbInv                       
1029ebe4  CacheP_wbInvAll                    
1029ebfc  CacheP_wbInvAllAsm                 
1028d818  CycleCounterP_getCount32           
10283749  Dpl_init                           
10289b4d  Enable_BUCK4_ViaPMIC               
1029defc  FreeRTOS_errno                     
1029e988  HwiP_data_abort_handler            
1029e6e3  HwiP_data_abort_handler_c          
1029e918  HwiP_disable                       
1029e928  HwiP_disableFIQ                    
1029e970  HwiP_disableVIC                    
1029e938  HwiP_enable                        
1029e948  HwiP_enableFIQ                     
1029e960  HwiP_enableVIC                     
1029e5c1  HwiP_fiq_handler                   
1029e980  HwiP_getCPSR                       
1029e3e8  HwiP_irq_handler                   
1029e52d  HwiP_irq_handler_c                 
1029e6bd  HwiP_prefetch_abort_handler        
1029e671  HwiP_reserved_handler              
1029e958  HwiP_restore                       
1029e378  HwiP_svc_handler                   
1029e697  HwiP_undefined_handler             
88010000  MCPI_logMessage                    
1027a801  MmwCascade_mmWaveTest              
1029edf8  MpuP_disableAsm                    
1029ee10  MpuP_disableBRAsm                  
1029ee20  MpuP_enableAsm                     
1029ee38  MpuP_enableBRAsm                   
1029ee48  MpuP_isEnableAsm                   
1029ee5c  MpuP_setRegionAsm                  
1028d840  PmuP_clearOverflowStatus           
1028d830  PmuP_disableCounters               
1028d828  PmuP_enableCounters                
1028d838  PmuP_getOverflowStatus             
1028d820  PmuP_setup                         
1028d27d  SemaphoreP_constructBinary         
1028d235  SemaphoreP_constructMutex          
1028ca3d  SemaphoreP_destruct                
1028830d  SemaphoreP_pend                    
10288431  SemaphoreP_post                    
10276d58  _CIOBUF_                           
102a03d8  __ABORT_STACK_END                  
00000100  __ABORT_STACK_SIZE                 
102a02d8  __ABORT_STACK_START                
10277800  __BSS_END                          
10220000  __BSS_START                        
10276d58  __CIOBUF_                          
1029f2d8  __FIQ_STACK_END                    
00000100  __FIQ_STACK_SIZE                   
1029f1d8  __FIQ_STACK_START                  
1029f1d8  __IRQ_STACK_END                    
00000100  __IRQ_STACK_SIZE                   
1029f0d8  __IRQ_STACK_START                  
1027a800  __STACK_END                        
00002000  __STACK_SIZE                       
102a02d8  __SVC_STACK_END                    
00001000  __SVC_STACK_SIZE                   
1029f2d8  __SVC_STACK_START                  
00001000  __SYSMEM_SIZE                      
00000000  __TI_ATRegion0_region_sz           
00000000  __TI_ATRegion0_src_addr            
00000000  __TI_ATRegion0_trg_addr            
00000000  __TI_ATRegion1_region_sz           
00000000  __TI_ATRegion1_src_addr            
00000000  __TI_ATRegion1_trg_addr            
00000000  __TI_ATRegion2_region_sz           
00000000  __TI_ATRegion2_src_addr            
00000000  __TI_ATRegion2_trg_addr            
UNDEFED   __TI_CINIT_Base                    
UNDEFED   __TI_CINIT_Limit                   
UNDEFED   __TI_Handler_Table_Base            
UNDEFED   __TI_Handler_Table_Limit           
1028cda4  __TI_auto_init_nobinit_nopinit     
1029dedc  __TI_cleanup_ptr                   
1029ded8  __TI_dtors_ptr                     
ffffffff  __TI_pprof_out_hndl                
10284300  __TI_printfi                       
ffffffff  __TI_prof_data_size                
ffffffff  __TI_prof_data_start               
1028caec  __TI_readmsg                       
00000000  __TI_static_base__                 
1028cb44  __TI_writemsg                      
102a04d8  __UNDEFINED_STACK_END              
00000100  __UNDEFINED_STACK_SIZE             
102a03d8  __UNDEFINED_STACK_START            
1028e690  __aeabi_ctype_table_               
1028e690  __aeabi_ctype_table_C              
1028d900  __aeabi_idiv                       
10287e14  __aeabi_idiv0                      
1028e29c  __aeabi_ldiv0                      
1028e274  __aeabi_memclr                     
1028e274  __aeabi_memclr4                    
1028e274  __aeabi_memclr8                    
1028e2ac  __aeabi_memcpy                     
1028e2ac  __aeabi_memcpy4                    
1028e2ac  __aeabi_memcpy8                    
1028e224  __aeabi_memset                     
1028e224  __aeabi_memset4                    
1028e224  __aeabi_memset8                    
10285ed4  __aeabi_uidiv                      
1028dd48  __aeabi_uldivmod                   
ffffffff  __binit__                          
1028d900  __divsi3                           
1029efe5  __mpu_init                         
10278800  __stack                            
102889c8  __udivmoddi4                       
10285ed4  __udivsi3                          
1029ef0c  _c_int00                           
1029eee8  _c_int00_sbl                       
UNDEFED   _system_post_cinit                 
1028e0ed  _system_pre_init                   
00000000  _vectors                           
1029f0d0  abort                              
ffffffff  binit                              
102878f8  ceil                               
102878f8  ceill                              
1028c431  configureTransfer                  
1028b139  eTaskGetState                      
1028d984  exit                               
1028bd50  frexp                              
1028bd50  frexpl                             
1029e208  gActive                            
10275a7c  gAppTask                           
102773f4  gAppTaskObj                        
10220000  gAppTskStackMain                   
10274c30  gCSIRXErrorCode                    
10276c28  gCSIRXState                        
1028f2ac  gCacheConfig                       
1028f3a4  gCacheL1dCacheLineSize             
10290434  gCacheL1pCacheLineSize             
1029e258  gCfg                               
1029dec0  gChirpHdrChirpIdx                  
1029de10  gChirpHdrChirpsPerFrame            
1029debe  gChirpHdrFrameIdx                  
1029de0c  gChirpHdrGlobalIdx                 
10274c10  gChirpHdrPing                      
10274c20  gChirpHdrPong                      
1029deac  gCliState                          
1029df80  gClockConfig                       
102777f8  gCsiConfigTask                     
10277480  gCsiConfigTaskObj                  
10240000  gCsiRxCfgTskStack                  
1029ddcc  gHwiConfig                         
1029de08  gMCPILogMessageSize                
1029da70  gMmwCascadeMCB                     
102777fc  gMmwCtrlTask                       
1027750c  gMmwCtrlTaskObj                    
10260000  gMmwCtrlTskStack                   
1028f2b4  gMpuConfig                         
1028f2c0  gMpuRegionConfig                   
1029dec8  gPingPongSwitchFlag                
10277768  gRovDummyQueue                     
102881d0  ldexp                              
10288bf0  ldexpf                             
102881d0  ldexpl                             
102806a5  main                               
10286d9c  memcpy                             
1028af60  memset                             
1029e335  pmicRegRead                        
1028e11d  pvTaskIncrementMutexHeldCount      
1029def8  pxCurrentTCB                       
1028b64d  pxPortInitialiseStack              
10282d80  strcmp                             
1029dee0  ulCriticalNesting                  
1029dee8  ulPortInterruptNesting             
1029deec  ulPortSchedularRunning             
1029e330  ulPortTaskHasFPUContext            
1029dee4  ulPortYieldRequired                
10293914  uxTopUsedPriority                  
102893f1  vApplicationIdleHook               
1028dbf9  vApplicationStackOverflowHook      
1029e340  vPortRestoreTaskContext            
1028ddd9  vPortTimerTickHandler              
1028d109  vTaskDelay                         
1028b2f9  vTaskDelete                        
1028e14d  vTaskEnterCritical                 
1028de21  vTaskExitCritical                  
1028bdcd  vTaskGetInfo                       
1028d38d  vTaskPlaceOnEventList              
1028d155  vTaskPlaceOnEventListRestricted    
1028a909  vTaskPriorityDisinheritAfterTimeout
10288675  vTaskStartScheduler                
102897a9  vTaskSwitchContext                 
1028e165  xPortStartScheduler                
1028b4b1  xTaskCheckForTimeOut               
1028a1f9  xTaskCreateStatic                  
1028d849  xTaskGetIdleTaskHandle             
1028e17d  xTaskGetTickCount                  
10289205  xTaskIncrementTick                 
1028aafd  xTaskPriorityDisinherit            
1028bae1  xTaskPriorityInherit               
1028be49  xTaskRemoveFromEventList           
1028a06d  xTaskResumeAll                     


GLOBAL SYMBOLS: SORTED BY Symbol Address 

address   name                               
-------   ----                               
00000000  __TI_ATRegion0_region_sz           
00000000  __TI_ATRegion0_src_addr            
00000000  __TI_ATRegion0_trg_addr            
00000000  __TI_ATRegion1_region_sz           
00000000  __TI_ATRegion1_src_addr            
00000000  __TI_ATRegion1_trg_addr            
00000000  __TI_ATRegion2_region_sz           
00000000  __TI_ATRegion2_src_addr            
00000000  __TI_ATRegion2_trg_addr            
00000000  __TI_static_base__                 
00000000  _vectors                           
00000100  __ABORT_STACK_SIZE                 
00000100  __FIQ_STACK_SIZE                   
00000100  __IRQ_STACK_SIZE                   
00000100  __UNDEFINED_STACK_SIZE             
00001000  __SVC_STACK_SIZE                   
00001000  __SYSMEM_SIZE                      
00002000  __STACK_SIZE                       
10220000  __BSS_START                        
10220000  gAppTskStackMain                   
10240000  gCsiRxCfgTskStack                  
10260000  gMmwCtrlTskStack                   
10274c10  gChirpHdrPing                      
10274c20  gChirpHdrPong                      
10274c30  gCSIRXErrorCode                    
10275a7c  gAppTask                           
10276c28  gCSIRXState                        
10276d58  _CIOBUF_                           
10276d58  __CIOBUF_                          
102773f4  gAppTaskObj                        
10277480  gCsiConfigTaskObj                  
1027750c  gMmwCtrlTaskObj                    
10277768  gRovDummyQueue                     
102777f8  gCsiConfigTask                     
102777fc  gMmwCtrlTask                       
10277800  __BSS_END                          
10278800  __stack                            
1027a800  __STACK_END                        
1027a801  MmwCascade_mmWaveTest              
102806a5  main                               
10282d80  strcmp                             
10283749  Dpl_init                           
10284300  __TI_printfi                       
10285ed4  __aeabi_uidiv                      
10285ed4  __udivsi3                          
10286d9c  memcpy                             
102878f8  ceil                               
102878f8  ceill                              
10287e14  __aeabi_idiv0                      
102881d0  ldexp                              
102881d0  ldexpl                             
1028830d  SemaphoreP_pend                    
10288431  SemaphoreP_post                    
10288675  vTaskStartScheduler                
102889c8  __udivmoddi4                       
10288bf0  ldexpf                             
10289205  xTaskIncrementTick                 
102893f1  vApplicationIdleHook               
102897a9  vTaskSwitchContext                 
10289b4d  Enable_BUCK4_ViaPMIC               
1028a06d  xTaskResumeAll                     
1028a1f9  xTaskCreateStatic                  
1028a909  vTaskPriorityDisinheritAfterTimeout
1028aafd  xTaskPriorityDisinherit            
1028af60  memset                             
1028b139  eTaskGetState                      
1028b2f9  vTaskDelete                        
1028b4b1  xTaskCheckForTimeOut               
1028b64d  pxPortInitialiseStack              
1028bae1  xTaskPriorityInherit               
1028bd50  frexp                              
1028bd50  frexpl                             
1028bdcd  vTaskGetInfo                       
1028be49  xTaskRemoveFromEventList           
1028c431  configureTransfer                  
1028ca3d  SemaphoreP_destruct                
1028caec  __TI_readmsg                       
1028cb44  __TI_writemsg                      
1028cb90  C$$IO$$                            
1028cda4  __TI_auto_init_nobinit_nopinit     
1028d109  vTaskDelay                         
1028d155  vTaskPlaceOnEventListRestricted    
1028d235  SemaphoreP_constructMutex          
1028d27d  SemaphoreP_constructBinary         
1028d38d  vTaskPlaceOnEventList              
1028d818  CycleCounterP_getCount32           
1028d820  PmuP_setup                         
1028d828  PmuP_enableCounters                
1028d830  PmuP_disableCounters               
1028d838  PmuP_getOverflowStatus             
1028d840  PmuP_clearOverflowStatus           
1028d849  xTaskGetIdleTaskHandle             
1028d900  __aeabi_idiv                       
1028d900  __divsi3                           
1028d984  exit                               
1028dbf9  vApplicationStackOverflowHook      
1028dd48  __aeabi_uldivmod                   
1028ddd9  vPortTimerTickHandler              
1028de21  vTaskExitCritical                  
1028e0ed  _system_pre_init                   
1028e11d  pvTaskIncrementMutexHeldCount      
1028e14d  vTaskEnterCritical                 
1028e165  xPortStartScheduler                
1028e17d  xTaskGetTickCount                  
1028e224  __aeabi_memset                     
1028e224  __aeabi_memset4                    
1028e224  __aeabi_memset8                    
1028e274  __aeabi_memclr                     
1028e274  __aeabi_memclr4                    
1028e274  __aeabi_memclr8                    
1028e280  CSL_armR5ReadMpidrReg              
1028e28c  C$$EXIT                            
1028e29c  __aeabi_ldiv0                      
1028e2ac  __aeabi_memcpy                     
1028e2ac  __aeabi_memcpy4                    
1028e2ac  __aeabi_memcpy8                    
1028e690  __aeabi_ctype_table_               
1028e690  __aeabi_ctype_table_C              
1028f2ac  gCacheConfig                       
1028f2b4  gMpuConfig                         
1028f2c0  gMpuRegionConfig                   
1028f3a4  gCacheL1dCacheLineSize             
10290434  gCacheL1pCacheLineSize             
10293914  uxTopUsedPriority                  
1029da70  gMmwCascadeMCB                     
1029ddcc  gHwiConfig                         
1029de08  gMCPILogMessageSize                
1029de0c  gChirpHdrGlobalIdx                 
1029de10  gChirpHdrChirpsPerFrame            
1029deac  gCliState                          
1029debe  gChirpHdrFrameIdx                  
1029dec0  gChirpHdrChirpIdx                  
1029dec8  gPingPongSwitchFlag                
1029ded8  __TI_dtors_ptr                     
1029dedc  __TI_cleanup_ptr                   
1029dee0  ulCriticalNesting                  
1029dee4  ulPortYieldRequired                
1029dee8  ulPortInterruptNesting             
1029deec  ulPortSchedularRunning             
1029def8  pxCurrentTCB                       
1029defc  FreeRTOS_errno                     
1029df80  gClockConfig                       
1029e208  gActive                            
1029e258  gCfg                               
1029e330  ulPortTaskHasFPUContext            
1029e335  pmicRegRead                        
1029e340  vPortRestoreTaskContext            
1029e378  HwiP_svc_handler                   
1029e3e8  HwiP_irq_handler                   
1029e52d  HwiP_irq_handler_c                 
1029e5c1  HwiP_fiq_handler                   
1029e671  HwiP_reserved_handler              
1029e697  HwiP_undefined_handler             
1029e6bd  HwiP_prefetch_abort_handler        
1029e6e3  HwiP_data_abort_handler_c          
1029e918  HwiP_disable                       
1029e928  HwiP_disableFIQ                    
1029e938  HwiP_enable                        
1029e948  HwiP_enableFIQ                     
1029e958  HwiP_restore                       
1029e960  HwiP_enableVIC                     
1029e970  HwiP_disableVIC                    
1029e980  HwiP_getCPSR                       
1029e988  HwiP_data_abort_handler            
1029e9d0  CacheP_disableL1d                  
1029e9f8  CacheP_disableL1p                  
1029ea10  CacheP_enableL1d                   
1029ea28  CacheP_enableL1p                   
1029ea40  CacheP_invL1d                      
1029ea78  CacheP_invL1p                      
1029eab4  CacheP_invL1dAll                   
1029eabc  CacheP_invL1pAll                   
1029eac4  CacheP_wb                          
1029eb00  CacheP_wbInv                       
1029eb3c  CacheP_wbAll                       
1029ebe4  CacheP_wbInvAll                    
1029ebfc  CacheP_wbInvAllAsm                 
1029ec9c  CacheP_getEnabled                  
1029ecd4  CacheP_getCacheLevelInfo           
1029ece0  CacheP_configForceWrThru           
1029ed00  CacheP_setDLFO                     
1029ed11  CacheP_init                        
1029ed5b  CacheP_disable                     
1029ed95  CacheP_enable                      
1029edb5  CacheP_inv                         
1029edf8  MpuP_disableAsm                    
1029ee10  MpuP_disableBRAsm                  
1029ee20  MpuP_enableAsm                     
1029ee38  MpuP_enableBRAsm                   
1029ee48  MpuP_isEnableAsm                   
1029ee5c  MpuP_setRegionAsm                  
1029eee8  _c_int00_sbl                       
1029ef0c  _c_int00                           
1029efe5  __mpu_init                         
1029f0d0  abort                              
1029f0d8  __IRQ_STACK_START                  
1029f1d8  __FIQ_STACK_START                  
1029f1d8  __IRQ_STACK_END                    
1029f2d8  __FIQ_STACK_END                    
1029f2d8  __SVC_STACK_START                  
102a02d8  __ABORT_STACK_START                
102a02d8  __SVC_STACK_END                    
102a03d8  __ABORT_STACK_END                  
102a03d8  __UNDEFINED_STACK_START            
102a04d8  __UNDEFINED_STACK_END              
88000000  CSIA_PongBuf                       
88004000  CSIB_PongBuf                       
88008000  CSIA_PingBuf                       
8800c000  CSIB_PingBuf                       
88010000  MCPI_logMessage                    
ffffffff  __TI_pprof_out_hndl                
ffffffff  __TI_prof_data_size                
ffffffff  __TI_prof_data_start               
ffffffff  __binit__                          
ffffffff  binit                              
UNDEFED   __TI_CINIT_Base                    
UNDEFED   __TI_CINIT_Limit                   
UNDEFED   __TI_Handler_Table_Base            
UNDEFED   __TI_Handler_Table_Limit           
UNDEFED   _system_post_cinit                 

[220 symbols]
